Archive member included to satisfy reference by file (symbol)

c:/program files (x86)/gnu arm embedded toolchain/10 2021.10/bin/../lib/gcc/arm-none-eabi/10.3.1/../../../../arm-none-eabi/lib/thumb/v8-m.main/nofp\libm.a(lib_a-s_cos.o)
                              CMakeFiles/ZeroPilot.elf.dir/Drivers/SensorFusion/Src/SensorFusion.cpp.obj (cos)
c:/program files (x86)/gnu arm embedded toolchain/10 2021.10/bin/../lib/gcc/arm-none-eabi/10.3.1/../../../../arm-none-eabi/lib/thumb/v8-m.main/nofp\libm.a(lib_a-wf_sqrt.o)
                              CMakeFiles/ZeroPilot.elf.dir/Drivers/SensorFusion/Src/MahonyAHRS.cpp.obj (sqrtf)
c:/program files (x86)/gnu arm embedded toolchain/10 2021.10/bin/../lib/gcc/arm-none-eabi/10.3.1/../../../../arm-none-eabi/lib/thumb/v8-m.main/nofp\libm.a(lib_a-e_rem_pio2.o)
                              c:/program files (x86)/gnu arm embedded toolchain/10 2021.10/bin/../lib/gcc/arm-none-eabi/10.3.1/../../../../arm-none-eabi/lib/thumb/v8-m.main/nofp\libm.a(lib_a-s_cos.o) (__ieee754_rem_pio2)
c:/program files (x86)/gnu arm embedded toolchain/10 2021.10/bin/../lib/gcc/arm-none-eabi/10.3.1/../../../../arm-none-eabi/lib/thumb/v8-m.main/nofp\libm.a(lib_a-ef_sqrt.o)
                              c:/program files (x86)/gnu arm embedded toolchain/10 2021.10/bin/../lib/gcc/arm-none-eabi/10.3.1/../../../../arm-none-eabi/lib/thumb/v8-m.main/nofp\libm.a(lib_a-wf_sqrt.o) (__ieee754_sqrtf)
c:/program files (x86)/gnu arm embedded toolchain/10 2021.10/bin/../lib/gcc/arm-none-eabi/10.3.1/../../../../arm-none-eabi/lib/thumb/v8-m.main/nofp\libm.a(lib_a-k_cos.o)
                              c:/program files (x86)/gnu arm embedded toolchain/10 2021.10/bin/../lib/gcc/arm-none-eabi/10.3.1/../../../../arm-none-eabi/lib/thumb/v8-m.main/nofp\libm.a(lib_a-s_cos.o) (__kernel_cos)
c:/program files (x86)/gnu arm embedded toolchain/10 2021.10/bin/../lib/gcc/arm-none-eabi/10.3.1/../../../../arm-none-eabi/lib/thumb/v8-m.main/nofp\libm.a(lib_a-k_rem_pio2.o)
                              c:/program files (x86)/gnu arm embedded toolchain/10 2021.10/bin/../lib/gcc/arm-none-eabi/10.3.1/../../../../arm-none-eabi/lib/thumb/v8-m.main/nofp\libm.a(lib_a-e_rem_pio2.o) (__kernel_rem_pio2)
c:/program files (x86)/gnu arm embedded toolchain/10 2021.10/bin/../lib/gcc/arm-none-eabi/10.3.1/../../../../arm-none-eabi/lib/thumb/v8-m.main/nofp\libm.a(lib_a-k_sin.o)
                              c:/program files (x86)/gnu arm embedded toolchain/10 2021.10/bin/../lib/gcc/arm-none-eabi/10.3.1/../../../../arm-none-eabi/lib/thumb/v8-m.main/nofp\libm.a(lib_a-s_cos.o) (__kernel_sin)
c:/program files (x86)/gnu arm embedded toolchain/10 2021.10/bin/../lib/gcc/arm-none-eabi/10.3.1/../../../../arm-none-eabi/lib/thumb/v8-m.main/nofp\libm.a(lib_a-s_fabs.o)
                              c:/program files (x86)/gnu arm embedded toolchain/10 2021.10/bin/../lib/gcc/arm-none-eabi/10.3.1/../../../../arm-none-eabi/lib/thumb/v8-m.main/nofp\libm.a(lib_a-e_rem_pio2.o) (fabs)
c:/program files (x86)/gnu arm embedded toolchain/10 2021.10/bin/../lib/gcc/arm-none-eabi/10.3.1/../../../../arm-none-eabi/lib/thumb/v8-m.main/nofp\libm.a(lib_a-s_floor.o)
                              c:/program files (x86)/gnu arm embedded toolchain/10 2021.10/bin/../lib/gcc/arm-none-eabi/10.3.1/../../../../arm-none-eabi/lib/thumb/v8-m.main/nofp\libm.a(lib_a-k_rem_pio2.o) (floor)
c:/program files (x86)/gnu arm embedded toolchain/10 2021.10/bin/../lib/gcc/arm-none-eabi/10.3.1/../../../../arm-none-eabi/lib/thumb/v8-m.main/nofp\libm.a(lib_a-s_scalbn.o)
                              c:/program files (x86)/gnu arm embedded toolchain/10 2021.10/bin/../lib/gcc/arm-none-eabi/10.3.1/../../../../arm-none-eabi/lib/thumb/v8-m.main/nofp\libm.a(lib_a-k_rem_pio2.o) (scalbn)
c:/program files (x86)/gnu arm embedded toolchain/10 2021.10/bin/../lib/gcc/arm-none-eabi/10.3.1/thumb/v8-m.main/nofp\libgcc.a(_arm_muldf3.o)
                              CMakeFiles/ZeroPilot.elf.dir/Drivers/SensorFusion/Src/SensorFusion.cpp.obj (__aeabi_dmul)
c:/program files (x86)/gnu arm embedded toolchain/10 2021.10/bin/../lib/gcc/arm-none-eabi/10.3.1/thumb/v8-m.main/nofp\libgcc.a(_arm_mulsf3.o)
                              CMakeFiles/ZeroPilot.elf.dir/Drivers/CControl/Src/inv.c.obj (__aeabi_fmul)
c:/program files (x86)/gnu arm embedded toolchain/10 2021.10/bin/../lib/gcc/arm-none-eabi/10.3.1/thumb/v8-m.main/nofp\libgcc.a(_arm_addsubdf3.o)
                              c:/program files (x86)/gnu arm embedded toolchain/10 2021.10/bin/../lib/gcc/arm-none-eabi/10.3.1/../../../../arm-none-eabi/lib/thumb/v8-m.main/nofp\libm.a(lib_a-s_cos.o) (__aeabi_dsub)
c:/program files (x86)/gnu arm embedded toolchain/10 2021.10/bin/../lib/gcc/arm-none-eabi/10.3.1/thumb/v8-m.main/nofp\libgcc.a(_arm_muldivdf3.o)
                              CMakeFiles/ZeroPilot.elf.dir/Drivers/SensorFusion/Src/SensorFusion.cpp.obj (__aeabi_ddiv)
[...]
Memory Configuration

Name             Origin             Length             Attributes
RAM              0x20000000         0x00030000         xrw
RAM2             0x20030000         0x00010000         xrw
FLASH            0x08000000         0x00080000         xr
*default*        0x00000000         0xffffffff

Linker script and memory map

LOAD c:/program files (x86)/gnu arm embedded toolchain/10 2021.10/bin/../lib/gcc/arm-none-eabi/10.3.1/thumb/v8-m.main/nofp/crti.o
LOAD c:/program files (x86)/gnu arm embedded toolchain/10 2021.10/bin/../lib/gcc/arm-none-eabi/10.3.1/thumb/v8-m.main/nofp/crtbegin.o
LOAD c:/program files (x86)/gnu arm embedded toolchain/10 2021.10/bin/../lib/gcc/arm-none-eabi/10.3.1/../../../../arm-none-eabi/lib/thumb/v8-m.main/nofp/crt0.o
LOAD CMakeFiles/ZeroPilot.elf.dir/Boardfiles/nucleol552zeq/Core/Src/adc.c.obj
LOAD CMakeFiles/ZeroPilot.elf.dir/Boardfiles/nucleol552zeq/Core/Src/dma.c.obj
LOAD CMakeFiles/ZeroPilot.elf.dir/Boardfiles/nucleol552zeq/Core/Src/gpio.c.obj
LOAD CMakeFiles/ZeroPilot.elf.dir/Boardfiles/nucleol552zeq/Core/Src/i2c.c.obj
LOAD CMakeFiles/ZeroPilot.elf.dir/Boardfiles/nucleol552zeq/Core/Src/icache.c.obj
LOAD CMakeFiles/ZeroPilot.elf.dir/Boardfiles/nucleol552zeq/Core/Src/main.c.obj
LOAD CMakeFiles/ZeroPilot.elf.dir/Boardfiles/nucleol552zeq/Core/Src/rtc.c.obj
LOAD CMakeFiles/ZeroPilot.elf.dir/Boardfiles/nucleol552zeq/Core/Src/spi.c.obj
LOAD CMakeFiles/ZeroPilot.elf.dir/Boardfiles/nucleol552zeq/Core/Src/stm32l5xx_hal_msp.c.obj
LOAD CMakeFiles/ZeroPilot.elf.dir/Boardfiles/nucleol552zeq/Core/Src/stm32l5xx_it.c.obj
LOAD CMakeFiles/ZeroPilot.elf.dir/Boardfiles/nucleol552zeq/Core/Src/syscalls.c.obj
LOAD CMakeFiles/ZeroPilot.elf.dir/Boardfiles/nucleol552zeq/Core/Src/sysmem.c.obj
LOAD CMakeFiles/ZeroPilot.elf.dir/Boardfiles/nucleol552zeq/Core/Src/system_stm32l5xx.c.obj
LOAD CMakeFiles/ZeroPilot.elf.dir/Boardfiles/nucleol552zeq/Core/Src/tim.c.obj
LOAD CMakeFiles/ZeroPilot.elf.dir/Boardfiles/nucleol552zeq/Core/Src/ucpd.c.obj
LOAD CMakeFiles/ZeroPilot.elf.dir/Boardfiles/nucleol552zeq/Core/Src/usart.c.obj
LOAD CMakeFiles/ZeroPilot.elf.dir/Boardfiles/nucleol552zeq/Core/Src/usb.c.obj
LOAD CMakeFiles/ZeroPilot.elf.dir/Boardfiles/nucleol552zeq/Drivers/STM32L5xx_HAL_Driver/Src/stm32l5xx_hal.c.obj
LOAD CMakeFiles/ZeroPilot.elf.dir/Boardfiles/nucleol552zeq/Drivers/STM32L5xx_HAL_Driver/Src/stm32l5xx_hal_adc.c.obj
LOAD CMakeFiles/ZeroPilot.elf.dir/Boardfiles/nucleol552zeq/Drivers/STM32L5xx_HAL_Driver/Src/stm32l5xx_hal_adc_ex.c.obj
LOAD CMakeFiles/ZeroPilot.elf.dir/Boardfiles/nucleol552zeq/Drivers/STM32L5xx_HAL_Driver/Src/stm32l5xx_hal_cortex.c.obj
LOAD CMakeFiles/ZeroPilot.elf.dir/Boardfiles/nucleol552zeq/Drivers/STM32L5xx_HAL_Driver/Src/stm32l5xx_hal_dma.c.obj
LOAD CMakeFiles/ZeroPilot.elf.dir/Boardfiles/nucleol552zeq/Drivers/STM32L5xx_HAL_Driver/Src/stm32l5xx_hal_dma_ex.c.obj
LOAD CMakeFiles/ZeroPilot.elf.dir/Boardfiles/nucleol552zeq/Drivers/STM32L5xx_HAL_Driver/Src/stm32l5xx_hal_exti.c.obj
LOAD CMakeFiles/ZeroPilot.elf.dir/Boardfiles/nucleol552zeq/Drivers/STM32L5xx_HAL_Driver/Src/stm32l5xx_hal_flash.c.obj
LOAD CMakeFiles/ZeroPilot.elf.dir/Boardfiles/nucleol552zeq/Drivers/STM32L5xx_HAL_Driver/Src/stm32l5xx_hal_flash_ex.c.obj
LOAD CMakeFiles/ZeroPilot.elf.dir/Boardfiles/nucleol552zeq/Drivers/STM32L5xx_HAL_Driver/Src/stm32l5xx_hal_flash_ramfunc.c.obj
LOAD CMakeFiles/ZeroPilot.elf.dir/Boardfiles/nucleol552zeq/Drivers/STM32L5xx_HAL_Driver/Src/stm32l5xx_hal_gpio.c.obj
LOAD CMakeFiles/ZeroPilot.elf.dir/Boardfiles/nucleol552zeq/Drivers/STM32L5xx_HAL_Driver/Src/stm32l5xx_hal_i2c.c.obj
LOAD CMakeFiles/ZeroPilot.elf.dir/Boardfiles/nucleol552zeq/Drivers/STM32L5xx_HAL_Driver/Src/stm32l5xx_hal_i2c_ex.c.obj
LOAD CMakeFiles/ZeroPilot.elf.dir/Boardfiles/nucleol552zeq/Drivers/STM32L5xx_HAL_Driver/Src/stm32l5xx_hal_icache.c.obj
LOAD CMakeFiles/ZeroPilot.elf.dir/Boardfiles/nucleol552zeq/Drivers/STM32L5xx_HAL_Driver/Src/stm32l5xx_hal_pcd.c.obj
LOAD CMakeFiles/ZeroPilot.elf.dir/Boardfiles/nucleol552zeq/Drivers/STM32L5xx_HAL_Driver/Src/stm32l5xx_hal_pcd_ex.c.obj
LOAD CMakeFiles/ZeroPilot.elf.dir/Boardfiles/nucleol552zeq/Drivers/STM32L5xx_HAL_Driver/Src/stm32l5xx_hal_pwr.c.obj
LOAD CMakeFiles/ZeroPilot.elf.dir/Boardfiles/nucleol552zeq/Drivers/STM32L5xx_HAL_Driver/Src/stm32l5xx_hal_pwr_ex.c.obj
LOAD CMakeFiles/ZeroPilot.elf.dir/Boardfiles/nucleol552zeq/Drivers/STM32L5xx_HAL_Driver/Src/stm32l5xx_hal_rcc.c.obj
LOAD CMakeFiles/ZeroPilot.elf.dir/Boardfiles/nucleol552zeq/Drivers/STM32L5xx_HAL_Driver/Src/stm32l5xx_hal_rcc_ex.c.obj
LOAD CMakeFiles/ZeroPilot.elf.dir/Boardfiles/nucleol552zeq/Drivers/STM32L5xx_HAL_Driver/Src/stm32l5xx_hal_rtc.c.obj
LOAD CMakeFiles/ZeroPilot.elf.dir/Boardfiles/nucleol552zeq/Drivers/STM32L5xx_HAL_Driver/Src/stm32l5xx_hal_rtc_ex.c.obj
LOAD CMakeFiles/ZeroPilot.elf.dir/Boardfiles/nucleol552zeq/Drivers/STM32L5xx_HAL_Driver/Src/stm32l5xx_hal_spi.c.obj
LOAD CMakeFiles/ZeroPilot.elf.dir/Boardfiles/nucleol552zeq/Drivers/STM32L5xx_HAL_Driver/Src/stm32l5xx_hal_spi_ex.c.obj
LOAD CMakeFiles/ZeroPilot.elf.dir/Boardfiles/nucleol552zeq/Drivers/STM32L5xx_HAL_Driver/Src/stm32l5xx_hal_tim.c.obj
LOAD CMakeFiles/ZeroPilot.elf.dir/Boardfiles/nucleol552zeq/Drivers/STM32L5xx_HAL_Driver/Src/stm32l5xx_hal_tim_ex.c.obj
LOAD CMakeFiles/ZeroPilot.elf.dir/Boardfiles/nucleol552zeq/Drivers/STM32L5xx_HAL_Driver/Src/stm32l5xx_hal_uart.c.obj
LOAD CMakeFiles/ZeroPilot.elf.dir/Boardfiles/nucleol552zeq/Drivers/STM32L5xx_HAL_Driver/Src/stm32l5xx_hal_uart_ex.c.obj
LOAD CMakeFiles/ZeroPilot.elf.dir/Boardfiles/nucleol552zeq/Drivers/STM32L5xx_HAL_Driver/Src/stm32l5xx_ll_dma.c.obj
LOAD CMakeFiles/ZeroPilot.elf.dir/Boardfiles/nucleol552zeq/Drivers/STM32L5xx_HAL_Driver/Src/stm32l5xx_ll_exti.c.obj
LOAD CMakeFiles/ZeroPilot.elf.dir/Boardfiles/nucleol552zeq/Drivers/STM32L5xx_HAL_Driver/Src/stm32l5xx_ll_gpio.c.obj
LOAD CMakeFiles/ZeroPilot.elf.dir/Boardfiles/nucleol552zeq/Drivers/STM32L5xx_HAL_Driver/Src/stm32l5xx_ll_ucpd.c.obj
LOAD CMakeFiles/ZeroPilot.elf.dir/Boardfiles/nucleol552zeq/Drivers/STM32L5xx_HAL_Driver/Src/stm32l5xx_ll_usb.c.obj
LOAD CMakeFiles/ZeroPilot.elf.dir/Boardfiles/nucleol552zeq/Drivers/STM32L5xx_HAL_Driver/Src/stm32l5xx_ll_utils.c.obj
LOAD CMakeFiles/ZeroPilot.elf.dir/Drivers/CControl/Src/inv.c.obj
LOAD CMakeFiles/ZeroPilot.elf.dir/Drivers/CControl/Src/lup.c.obj
LOAD CMakeFiles/ZeroPilot.elf.dir/Drivers/CControl/Src/mul.c.obj
LOAD CMakeFiles/ZeroPilot.elf.dir/Drivers/CControl/Src/tran.c.obj
LOAD CMakeFiles/ZeroPilot.elf.dir/Drivers/SensorFusion/Src/MahonyAHRS.cpp.obj
LOAD CMakeFiles/ZeroPilot.elf.dir/Drivers/SensorFusion/Src/SensorFusion.cpp.obj
LOAD CMakeFiles/ZeroPilot.elf.dir/Drivers/SensorFusion/Src/sensorFusionInterface.cpp.obj
LOAD CMakeFiles/ZeroPilot.elf.dir/Boardfiles/nucleol552zeq/Core/Startup/startup_stm32l552zetxq.s.obj
LOAD c:/program files (x86)/gnu arm embedded toolchain/10 2021.10/bin/../lib/gcc/arm-none-eabi/10.3.1/../../../../arm-none-eabi/lib/thumb/v8-m.main/nofp\libstdc++_nano.a
LOAD c:/program files (x86)/gnu arm embedded toolchain/10 2021.10/bin/../lib/gcc/arm-none-eabi/10.3.1/../../../../arm-none-eabi/lib/thumb/v8-m.main/nofp\libm.a
START GROUP
LOAD c:/program files (x86)/gnu arm embedded toolchain/10 2021.10/bin/../lib/gcc/arm-none-eabi/10.3.1/thumb/v8-m.main/nofp\libgcc.a
LOAD c:/program files (x86)/gnu arm embedded toolchain/10 2021.10/bin/../lib/gcc/arm-none-eabi/10.3.1/../../../../arm-none-eabi/lib/thumb/v8-m.main/nofp\libg_nano.a
LOAD c:/program files (x86)/gnu arm embedded toolchain/10 2021.10/bin/../lib/gcc/arm-none-eabi/10.3.1/../../../../arm-none-eabi/lib/thumb/v8-m.main/nofp\libc_nano.a
END GROUP
START GROUP
LOAD c:/program files (x86)/gnu arm embedded toolchain/10 2021.10/bin/../lib/gcc/arm-none-eabi/10.3.1/thumb/v8-m.main/nofp\libgcc.a
LOAD c:/program files (x86)/gnu arm embedded toolchain/10 2021.10/bin/../lib/gcc/arm-none-eabi/10.3.1/../../../../arm-none-eabi/lib/thumb/v8-m.main/nofp\libc_nano.a
LOAD c:/program files (x86)/gnu arm embedded toolchain/10 2021.10/bin/../lib/gcc/arm-none-eabi/10.3.1/../../../../arm-none-eabi/lib/thumb/v8-m.main/nofp\libnosys.a
END GROUP
START GROUP
LOAD c:/program files (x86)/gnu arm embedded toolchain/10 2021.10/bin/../lib/gcc/arm-none-eabi/10.3.1/thumb/v8-m.main/nofp\libgcc.a
LOAD c:/program files (x86)/gnu arm embedded toolchain/10 2021.10/bin/../lib/gcc/arm-none-eabi/10.3.1/../../../../arm-none-eabi/lib/thumb/v8-m.main/nofp\libc_nano.a
LOAD c:/program files (x86)/gnu arm embedded toolchain/10 2021.10/bin/../lib/gcc/arm-none-eabi/10.3.1/../../../../arm-none-eabi/lib/thumb/v8-m.main/nofp\libnosys.a
END GROUP
LOAD c:/program files (x86)/gnu arm embedded toolchain/10 2021.10/bin/../lib/gcc/arm-none-eabi/10.3.1/thumb/v8-m.main/nofp/crtend.o
LOAD c:/program files (x86)/gnu arm embedded toolchain/10 2021.10/bin/../lib/gcc/arm-none-eabi/10.3.1/thumb/v8-m.main/nofp/crtn.o
                0x20030000                _estack = (ORIGIN (RAM) + LENGTH (RAM))
                0x00000200                _Min_Heap_Size = 0x200
                0x00000400                _Min_Stack_Size = 0x400

.isr_vector     0x08000000      0x1f4
                0x08000000                . = ALIGN (0x4)
 *(.isr_vector)
 .isr_vector    0x08000000      0x1f4 CMakeFiles/ZeroPilot.elf.dir/Boardfiles/nucleol552zeq/Core/Startup/startup_stm32l552zetxq.s.obj
                0x08000000                g_pfnVectors
                0x080001f4                . = ALIGN (0x4)

.text           0x080001f4     0x83b4
                0x080001f4                . = ALIGN (0x4)
 *(.text)
 .text          0x080001f4       0x40 c:/program files (x86)/gnu arm embedded toolchain/10 2021.10/bin/../lib/gcc/arm-none-eabi/10.3.1/thumb/v8-m.main/nofp/crtbegin.o
 .text          0x08000234       0x30 c:/program files (x86)/gnu arm embedded toolchain/10 2021.10/bin/../lib/gcc/arm-none-eabi/10.3.1/thumb/v8-m.main/nofp\libgcc.a(_aeabi_uldivmod.o)
                0x08000234                __aeabi_uldivmod
 .text          0x08000264      0x2e8 c:/program files (x86)/gnu arm embedded toolchain/10 2021.10/bin/../lib/gcc/arm-none-eabi/10.3.1/thumb/v8-m.main/nofp\libgcc.a(_udivmoddi4.o)
                0x08000264                __udivmoddi4
 .text          0x0800054c        0x4 c:/program files (x86)/gnu arm embedded toolchain/10 2021.10/bin/../lib/gcc/arm-none-eabi/10.3.1/thumb/v8-m.main/nofp\libgcc.a(_dvmd_tls.o)
                0x0800054c                __aeabi_idiv0
                0x0800054c                __aeabi_ldiv0
 *(.text*)
 .text.MX_ADC1_Init
                0x08000550       0xec CMakeFiles/ZeroPilot.elf.dir/Boardfiles/nucleol552zeq/Core/Src/adc.c.obj
                0x08000550                MX_ADC1_Init
 .text.HAL_ADC_MspInit
                0x0800063c       0xb4 CMakeFiles/ZeroPilot.elf.dir/Boardfiles/nucleol552zeq/Core/Src/adc.c.obj
                0x0800063c                HAL_ADC_MspInit
 .text.MX_DMA_Init
                0x080006f0       0x64 CMakeFiles/ZeroPilot.elf.dir/Boardfiles/nucleol552zeq/Core/Src/dma.c.obj
                0x080006f0                MX_DMA_Init
 .text.MX_GPIO_Init
                0x08000754      0x19c CMakeFiles/ZeroPilot.elf.dir/Boardfiles/nucleol552zeq/Core/Src/gpio.c.obj
                0x08000754                MX_GPIO_Init
 .text.MX_I2C1_Init
                0x080008f0       0x80 CMakeFiles/ZeroPilot.elf.dir/Boardfiles/nucleol552zeq/Core/Src/i2c.c.obj
                0x080008f0                MX_I2C1_Init
 .text.MX_I2C2_Init
                0x08000970       0x80 CMakeFiles/ZeroPilot.elf.dir/Boardfiles/nucleol552zeq/Core/Src/i2c.c.obj
                0x08000970                MX_I2C2_Init
 .text.HAL_I2C_MspInit
                0x080009f0      0x14c CMakeFiles/ZeroPilot.elf.dir/Boardfiles/nucleol552zeq/Core/Src/i2c.c.obj
                0x080009f0                HAL_I2C_MspInit
 .text.MX_ICACHE_Init
                0x08000b3c       0x26 CMakeFiles/ZeroPilot.elf.dir/Boardfiles/nucleol552zeq/Core/Src/icache.c.obj
                0x08000b3c                MX_ICACHE_Init
 *fill*         0x08000b62        0x2 
 .text.main     0x08000b64       0x84 CMakeFiles/ZeroPilot.elf.dir/Boardfiles/nucleol552zeq/Core/Src/main.c.obj
                0x08000b64                main
 .text.SystemClock_Config
                0x08000be8       0xc4 CMakeFiles/ZeroPilot.elf.dir/Boardfiles/nucleol552zeq/Core/Src/main.c.obj
                0x08000be8                SystemClock_Config
 .text.Error_Handler
                0x08000cac        0xa CMakeFiles/ZeroPilot.elf.dir/Boardfiles/nucleol552zeq/Core/Src/main.c.obj
                0x08000cac                Error_Handler
 *fill*         0x08000cb6        0x2 
 .text.MX_RTC_Init
                0x08000cb8       0x94 CMakeFiles/ZeroPilot.elf.dir/Boardfiles/nucleol552zeq/Core/Src/rtc.c.obj
                0x08000cb8                MX_RTC_Init
 .text.HAL_RTC_MspInit
                0x08000d4c       0x7c CMakeFiles/ZeroPilot.elf.dir/Boardfiles/nucleol552zeq/Core/Src/rtc.c.obj
                0x08000d4c                HAL_RTC_MspInit
 .text.MX_SPI1_Init
                0x08000dc8       0x7c CMakeFiles/ZeroPilot.elf.dir/Boardfiles/nucleol552zeq/Core/Src/spi.c.obj
                0x08000dc8                MX_SPI1_Init
 .text.MX_SPI2_Init
                0x08000e44       0x7c CMakeFiles/ZeroPilot.elf.dir/Boardfiles/nucleol552zeq/Core/Src/spi.c.obj
                0x08000e44                MX_SPI2_Init
 .text.HAL_SPI_MspInit
                0x08000ec0      0x164 CMakeFiles/ZeroPilot.elf.dir/Boardfiles/nucleol552zeq/Core/Src/spi.c.obj
                0x08000ec0                HAL_SPI_MspInit
 .text.HAL_MspInit
                0x08001024       0x44 CMakeFiles/ZeroPilot.elf.dir/Boardfiles/nucleol552zeq/Core/Src/stm32l5xx_hal_msp.c.obj
                0x08001024                HAL_MspInit
 .text.NMI_Handler
                0x08001068        0x6 CMakeFiles/ZeroPilot.elf.dir/Boardfiles/nucleol552zeq/Core/Src/stm32l5xx_it.c.obj
                0x08001068                NMI_Handler
 .text.HardFault_Handler
                0x0800106e        0x6 CMakeFiles/ZeroPilot.elf.dir/Boardfiles/nucleol552zeq/Core/Src/stm32l5xx_it.c.obj
                0x0800106e                HardFault_Handler
 .text.MemManage_Handler
                0x08001074        0x6 CMakeFiles/ZeroPilot.elf.dir/Boardfiles/nucleol552zeq/Core/Src/stm32l5xx_it.c.obj
                0x08001074                MemManage_Handler
 .text.BusFault_Handler
                0x0800107a        0x6 CMakeFiles/ZeroPilot.elf.dir/Boardfiles/nucleol552zeq/Core/Src/stm32l5xx_it.c.obj
                0x0800107a                BusFault_Handler
 .text.UsageFault_Handler
                0x08001080        0x6 CMakeFiles/ZeroPilot.elf.dir/Boardfiles/nucleol552zeq/Core/Src/stm32l5xx_it.c.obj
                0x08001080                UsageFault_Handler
 .text.SVC_Handler
                0x08001086        0xc CMakeFiles/ZeroPilot.elf.dir/Boardfiles/nucleol552zeq/Core/Src/stm32l5xx_it.c.obj
                0x08001086                SVC_Handler
 .text.DebugMon_Handler
                0x08001092        0xc CMakeFiles/ZeroPilot.elf.dir/Boardfiles/nucleol552zeq/Core/Src/stm32l5xx_it.c.obj
                0x08001092                DebugMon_Handler
 .text.PendSV_Handler
                0x0800109e        0xc CMakeFiles/ZeroPilot.elf.dir/Boardfiles/nucleol552zeq/Core/Src/stm32l5xx_it.c.obj
                0x0800109e                PendSV_Handler
 .text.SysTick_Handler
                0x080010aa        0xc CMakeFiles/ZeroPilot.elf.dir/Boardfiles/nucleol552zeq/Core/Src/stm32l5xx_it.c.obj
                0x080010aa                SysTick_Handler
 *fill*         0x080010b6        0x2 
 .text.DMA1_Channel1_IRQHandler
                0x080010b8       0x14 CMakeFiles/ZeroPilot.elf.dir/Boardfiles/nucleol552zeq/Core/Src/stm32l5xx_it.c.obj
                0x080010b8                DMA1_Channel1_IRQHandler
 .text.DMA1_Channel2_IRQHandler
                0x080010cc       0x14 CMakeFiles/ZeroPilot.elf.dir/Boardfiles/nucleol552zeq/Core/Src/stm32l5xx_it.c.obj
                0x080010cc                DMA1_Channel2_IRQHandler
 .text.TIM5_IRQHandler
                0x080010e0       0x14 CMakeFiles/ZeroPilot.elf.dir/Boardfiles/nucleol552zeq/Core/Src/stm32l5xx_it.c.obj
                0x080010e0                TIM5_IRQHandler
 .text.SystemInit
                0x080010f4        0xc CMakeFiles/ZeroPilot.elf.dir/Boardfiles/nucleol552zeq/Core/Src/system_stm32l5xx.c.obj
                0x080010f4                SystemInit
 .text.SystemCoreClockUpdate
                0x08001100      0x158 CMakeFiles/ZeroPilot.elf.dir/Boardfiles/nucleol552zeq/Core/Src/system_stm32l5xx.c.obj
                0x08001100                SystemCoreClockUpdate
 .text.MX_TIM1_Init
                0x08001258       0xe0 CMakeFiles/ZeroPilot.elf.dir/Boardfiles/nucleol552zeq/Core/Src/tim.c.obj
                0x08001258                MX_TIM1_Init
 .text.MX_TIM2_Init
                0x08001338       0xf4 CMakeFiles/ZeroPilot.elf.dir/Boardfiles/nucleol552zeq/Core/Src/tim.c.obj
                0x08001338                MX_TIM2_Init
 .text.MX_TIM4_Init
                0x0800142c       0xf0 CMakeFiles/ZeroPilot.elf.dir/Boardfiles/nucleol552zeq/Core/Src/tim.c.obj
                0x0800142c                MX_TIM4_Init
 .text.MX_TIM5_Init
                0x0800151c       0xcc CMakeFiles/ZeroPilot.elf.dir/Boardfiles/nucleol552zeq/Core/Src/tim.c.obj
                0x0800151c                MX_TIM5_Init
 .text.HAL_TIM_IC_MspInit
                0x080015e8       0x88 CMakeFiles/ZeroPilot.elf.dir/Boardfiles/nucleol552zeq/Core/Src/tim.c.obj
                0x080015e8                HAL_TIM_IC_MspInit
 .text.HAL_TIM_Base_MspInit
                0x08001670       0x60 CMakeFiles/ZeroPilot.elf.dir/Boardfiles/nucleol552zeq/Core/Src/tim.c.obj
                0x08001670                HAL_TIM_Base_MspInit
 .text.HAL_TIM_PWM_MspInit
                0x080016d0      0x130 CMakeFiles/ZeroPilot.elf.dir/Boardfiles/nucleol552zeq/Core/Src/tim.c.obj
                0x080016d0                HAL_TIM_PWM_MspInit
 .text.HAL_TIM_MspPostInit
                0x08001800      0x104 CMakeFiles/ZeroPilot.elf.dir/Boardfiles/nucleol552zeq/Core/Src/tim.c.obj
                0x08001800                HAL_TIM_MspPostInit
 .text.LL_AHB2_GRP1_EnableClock
                0x08001904       0x30 CMakeFiles/ZeroPilot.elf.dir/Boardfiles/nucleol552zeq/Core/Src/ucpd.c.obj
 .text.LL_APB1_GRP2_EnableClock
                0x08001934       0x30 CMakeFiles/ZeroPilot.elf.dir/Boardfiles/nucleol552zeq/Core/Src/ucpd.c.obj
 .text.MX_UCPD1_Init
                0x08001964       0x6c CMakeFiles/ZeroPilot.elf.dir/Boardfiles/nucleol552zeq/Core/Src/ucpd.c.obj
                0x08001964                MX_UCPD1_Init
 .text.MX_LPUART1_UART_Init
                0x080019d0       0x9c CMakeFiles/ZeroPilot.elf.dir/Boardfiles/nucleol552zeq/Core/Src/usart.c.obj
                0x080019d0                MX_LPUART1_UART_Init
 .text.MX_UART5_Init
                0x08001a6c       0x98 CMakeFiles/ZeroPilot.elf.dir/Boardfiles/nucleol552zeq/Core/Src/usart.c.obj
                0x08001a6c                MX_UART5_Init
 .text.MX_USART1_UART_Init
                0x08001b04       0x98 CMakeFiles/ZeroPilot.elf.dir/Boardfiles/nucleol552zeq/Core/Src/usart.c.obj
                0x08001b04                MX_USART1_UART_Init
 .text.MX_USART2_UART_Init
                0x08001b9c       0x98 CMakeFiles/ZeroPilot.elf.dir/Boardfiles/nucleol552zeq/Core/Src/usart.c.obj
                0x08001b9c                MX_USART2_UART_Init
 .text.MX_USART3_UART_Init
                0x08001c34       0x98 CMakeFiles/ZeroPilot.elf.dir/Boardfiles/nucleol552zeq/Core/Src/usart.c.obj
                0x08001c34                MX_USART3_UART_Init
 .text.HAL_UART_MspInit
                0x08001ccc      0x380 CMakeFiles/ZeroPilot.elf.dir/Boardfiles/nucleol552zeq/Core/Src/usart.c.obj
                0x08001ccc                HAL_UART_MspInit
 .text.MX_USB_PCD_Init
                0x0800204c       0x50 CMakeFiles/ZeroPilot.elf.dir/Boardfiles/nucleol552zeq/Core/Src/usb.c.obj
                0x0800204c                MX_USB_PCD_Init
 .text.HAL_PCD_MspInit
                0x0800209c       0xc0 CMakeFiles/ZeroPilot.elf.dir/Boardfiles/nucleol552zeq/Core/Src/usb.c.obj
                0x0800209c                HAL_PCD_MspInit
 .text.HAL_Init
                0x0800215c       0x34 CMakeFiles/ZeroPilot.elf.dir/Boardfiles/nucleol552zeq/Drivers/STM32L5xx_HAL_Driver/Src/stm32l5xx_hal.c.obj
                0x0800215c                HAL_Init
 .text.HAL_InitTick
                0x08002190       0x78 CMakeFiles/ZeroPilot.elf.dir/Boardfiles/nucleol552zeq/Drivers/STM32L5xx_HAL_Driver/Src/stm32l5xx_hal.c.obj
                0x08002190                HAL_InitTick
 .text.HAL_IncTick
                0x08002208       0x24 CMakeFiles/ZeroPilot.elf.dir/Boardfiles/nucleol552zeq/Drivers/STM32L5xx_HAL_Driver/Src/stm32l5xx_hal.c.obj
                0x08002208                HAL_IncTick
 .text.HAL_GetTick
                0x0800222c       0x14 CMakeFiles/ZeroPilot.elf.dir/Boardfiles/nucleol552zeq/Drivers/STM32L5xx_HAL_Driver/Src/stm32l5xx_hal.c.obj
                0x0800222c                HAL_GetTick
 .text.LL_ADC_SetCommonClock
                0x08002240       0x24 CMakeFiles/ZeroPilot.elf.dir/Boardfiles/nucleol552zeq/Drivers/STM32L5xx_HAL_Driver/Src/stm32l5xx_hal_adc.c.obj
 .text.LL_ADC_SetCommonPathInternalCh
                0x08002264       0x24 CMakeFiles/ZeroPilot.elf.dir/Boardfiles/nucleol552zeq/Drivers/STM32L5xx_HAL_Driver/Src/stm32l5xx_hal_adc.c.obj
 .text.LL_ADC_GetCommonPathInternalCh
                0x08002288       0x1a CMakeFiles/ZeroPilot.elf.dir/Boardfiles/nucleol552zeq/Drivers/STM32L5xx_HAL_Driver/Src/stm32l5xx_hal_adc.c.obj
 *fill*         0x080022a2        0x2 
 .text.LL_ADC_SetOffset
                0x080022a4       0x48 CMakeFiles/ZeroPilot.elf.dir/Boardfiles/nucleol552zeq/Drivers/STM32L5xx_HAL_Driver/Src/stm32l5xx_hal_adc.c.obj
 .text.LL_ADC_GetOffsetChannel
                0x080022ec       0x2a CMakeFiles/ZeroPilot.elf.dir/Boardfiles/nucleol552zeq/Drivers/STM32L5xx_HAL_Driver/Src/stm32l5xx_hal_adc.c.obj
 .text.LL_ADC_SetOffsetState
                0x08002316       0x34 CMakeFiles/ZeroPilot.elf.dir/Boardfiles/nucleol552zeq/Drivers/STM32L5xx_HAL_Driver/Src/stm32l5xx_hal_adc.c.obj
 .text.LL_ADC_SetSamplingTimeCommonConfig
                0x0800234a       0x24 CMakeFiles/ZeroPilot.elf.dir/Boardfiles/nucleol552zeq/Drivers/STM32L5xx_HAL_Driver/Src/stm32l5xx_hal_adc.c.obj
 .text.LL_ADC_REG_SetSequencerRanks
                0x0800236e       0x56 CMakeFiles/ZeroPilot.elf.dir/Boardfiles/nucleol552zeq/Drivers/STM32L5xx_HAL_Driver/Src/stm32l5xx_hal_adc.c.obj
 .text.LL_ADC_SetChannelSamplingTime
                0x080023c4       0x54 CMakeFiles/ZeroPilot.elf.dir/Boardfiles/nucleol552zeq/Drivers/STM32L5xx_HAL_Driver/Src/stm32l5xx_hal_adc.c.obj
 .text.LL_ADC_SetChannelSingleDiff
                0x08002418       0x44 CMakeFiles/ZeroPilot.elf.dir/Boardfiles/nucleol552zeq/Drivers/STM32L5xx_HAL_Driver/Src/stm32l5xx_hal_adc.c.obj
 .text.LL_ADC_DisableDeepPowerDown
                0x0800245c       0x22 CMakeFiles/ZeroPilot.elf.dir/Boardfiles/nucleol552zeq/Drivers/STM32L5xx_HAL_Driver/Src/stm32l5xx_hal_adc.c.obj
 .text.LL_ADC_IsDeepPowerDownEnabled
                0x0800247e       0x26 CMakeFiles/ZeroPilot.elf.dir/Boardfiles/nucleol552zeq/Drivers/STM32L5xx_HAL_Driver/Src/stm32l5xx_hal_adc.c.obj
 .text.LL_ADC_EnableInternalRegulator
                0x080024a4       0x26 CMakeFiles/ZeroPilot.elf.dir/Boardfiles/nucleol552zeq/Drivers/STM32L5xx_HAL_Driver/Src/stm32l5xx_hal_adc.c.obj
 .text.LL_ADC_IsInternalRegulatorEnabled
                0x080024ca       0x26 CMakeFiles/ZeroPilot.elf.dir/Boardfiles/nucleol552zeq/Drivers/STM32L5xx_HAL_Driver/Src/stm32l5xx_hal_adc.c.obj
 .text.LL_ADC_IsEnabled
                0x080024f0       0x24 CMakeFiles/ZeroPilot.elf.dir/Boardfiles/nucleol552zeq/Drivers/STM32L5xx_HAL_Driver/Src/stm32l5xx_hal_adc.c.obj
 .text.LL_ADC_REG_IsConversionOngoing
                0x08002514       0x24 CMakeFiles/ZeroPilot.elf.dir/Boardfiles/nucleol552zeq/Drivers/STM32L5xx_HAL_Driver/Src/stm32l5xx_hal_adc.c.obj
 .text.LL_ADC_INJ_IsConversionOngoing
                0x08002538       0x24 CMakeFiles/ZeroPilot.elf.dir/Boardfiles/nucleol552zeq/Drivers/STM32L5xx_HAL_Driver/Src/stm32l5xx_hal_adc.c.obj
 .text.HAL_ADC_Init
                0x0800255c      0x298 CMakeFiles/ZeroPilot.elf.dir/Boardfiles/nucleol552zeq/Drivers/STM32L5xx_HAL_Driver/Src/stm32l5xx_hal_adc.c.obj
                0x0800255c                HAL_ADC_Init
 .text.HAL_ADC_ConfigChannel
                0x080027f4      0x7d4 CMakeFiles/ZeroPilot.elf.dir/Boardfiles/nucleol552zeq/Drivers/STM32L5xx_HAL_Driver/Src/stm32l5xx_hal_adc.c.obj
                0x080027f4                HAL_ADC_ConfigChannel
 .text.LL_ADC_IsEnabled
                0x08002fc8       0x24 CMakeFiles/ZeroPilot.elf.dir/Boardfiles/nucleol552zeq/Drivers/STM32L5xx_HAL_Driver/Src/stm32l5xx_hal_adc_ex.c.obj
 .text.LL_ADC_REG_IsConversionOngoing
                0x08002fec       0x24 CMakeFiles/ZeroPilot.elf.dir/Boardfiles/nucleol552zeq/Drivers/STM32L5xx_HAL_Driver/Src/stm32l5xx_hal_adc_ex.c.obj
 .text.HAL_ADCEx_MultiModeConfigChannel
                0x08003010      0x148 CMakeFiles/ZeroPilot.elf.dir/Boardfiles/nucleol552zeq/Drivers/STM32L5xx_HAL_Driver/Src/stm32l5xx_hal_adc_ex.c.obj
                0x08003010                HAL_ADCEx_MultiModeConfigChannel
 .text.__NVIC_SetPriorityGrouping
                0x08003158       0x48 CMakeFiles/ZeroPilot.elf.dir/Boardfiles/nucleol552zeq/Drivers/STM32L5xx_HAL_Driver/Src/stm32l5xx_hal_cortex.c.obj
 .text.__NVIC_GetPriorityGrouping
                0x080031a0       0x1c CMakeFiles/ZeroPilot.elf.dir/Boardfiles/nucleol552zeq/Drivers/STM32L5xx_HAL_Driver/Src/stm32l5xx_hal_cortex.c.obj
 .text.__NVIC_EnableIRQ
                0x080031bc       0x38 CMakeFiles/ZeroPilot.elf.dir/Boardfiles/nucleol552zeq/Drivers/STM32L5xx_HAL_Driver/Src/stm32l5xx_hal_cortex.c.obj
 .text.__NVIC_SetPriority
                0x080031f4       0x54 CMakeFiles/ZeroPilot.elf.dir/Boardfiles/nucleol552zeq/Drivers/STM32L5xx_HAL_Driver/Src/stm32l5xx_hal_cortex.c.obj
 .text.NVIC_EncodePriority
                0x08003248       0x64 CMakeFiles/ZeroPilot.elf.dir/Boardfiles/nucleol552zeq/Drivers/STM32L5xx_HAL_Driver/Src/stm32l5xx_hal_cortex.c.obj
 .text.SysTick_Config
                0x080032ac       0x44 CMakeFiles/ZeroPilot.elf.dir/Boardfiles/nucleol552zeq/Drivers/STM32L5xx_HAL_Driver/Src/stm32l5xx_hal_cortex.c.obj
 .text.HAL_NVIC_SetPriorityGrouping
                0x080032f0       0x16 CMakeFiles/ZeroPilot.elf.dir/Boardfiles/nucleol552zeq/Drivers/STM32L5xx_HAL_Driver/Src/stm32l5xx_hal_cortex.c.obj
                0x080032f0                HAL_NVIC_SetPriorityGrouping
 .text.HAL_NVIC_SetPriority
                0x08003306       0x34 CMakeFiles/ZeroPilot.elf.dir/Boardfiles/nucleol552zeq/Drivers/STM32L5xx_HAL_Driver/Src/stm32l5xx_hal_cortex.c.obj
                0x08003306                HAL_NVIC_SetPriority
 .text.HAL_NVIC_EnableIRQ
                0x0800333a       0x1c CMakeFiles/ZeroPilot.elf.dir/Boardfiles/nucleol552zeq/Drivers/STM32L5xx_HAL_Driver/Src/stm32l5xx_hal_cortex.c.obj
                0x0800333a                HAL_NVIC_EnableIRQ
 .text.HAL_SYSTICK_Config
                0x08003356       0x18 CMakeFiles/ZeroPilot.elf.dir/Boardfiles/nucleol552zeq/Drivers/STM32L5xx_HAL_Driver/Src/stm32l5xx_hal_cortex.c.obj
                0x08003356                HAL_SYSTICK_Config
 *fill*         0x0800336e        0x2 
 .text.HAL_DMA_Init
                0x08003370      0x150 CMakeFiles/ZeroPilot.elf.dir/Boardfiles/nucleol552zeq/Drivers/STM32L5xx_HAL_Driver/Src/stm32l5xx_hal_dma.c.obj
                0x08003370                HAL_DMA_Init
 .text.HAL_DMA_IRQHandler
                0x080034c0      0x200 CMakeFiles/ZeroPilot.elf.dir/Boardfiles/nucleol552zeq/Drivers/STM32L5xx_HAL_Driver/Src/stm32l5xx_hal_dma.c.obj
                0x080034c0                HAL_DMA_IRQHandler
 .text.HAL_DMA_ConfigChannelAttributes
                0x080036c0       0x5e CMakeFiles/ZeroPilot.elf.dir/Boardfiles/nucleol552zeq/Drivers/STM32L5xx_HAL_Driver/Src/stm32l5xx_hal_dma.c.obj
                0x080036c0                HAL_DMA_ConfigChannelAttributes
 *fill*         0x0800371e        0x2 
 .text.DMA_CalcDMAMUXChannelBaseAndMask
                0x08003720       0x7c CMakeFiles/ZeroPilot.elf.dir/Boardfiles/nucleol552zeq/Drivers/STM32L5xx_HAL_Driver/Src/stm32l5xx_hal_dma.c.obj
 .text.DMA_CalcDMAMUXRequestGenBaseAndMask
                0x0800379c       0x48 CMakeFiles/ZeroPilot.elf.dir/Boardfiles/nucleol552zeq/Drivers/STM32L5xx_HAL_Driver/Src/stm32l5xx_hal_dma.c.obj
 .text.HAL_GPIO_Init
                0x080037e4      0x300 CMakeFiles/ZeroPilot.elf.dir/Boardfiles/nucleol552zeq/Drivers/STM32L5xx_HAL_Driver/Src/stm32l5xx_hal_gpio.c.obj
                0x080037e4                HAL_GPIO_Init
 .text.HAL_GPIO_WritePin
                0x08003ae4       0x2e CMakeFiles/ZeroPilot.elf.dir/Boardfiles/nucleol552zeq/Drivers/STM32L5xx_HAL_Driver/Src/stm32l5xx_hal_gpio.c.obj
                0x08003ae4                HAL_GPIO_WritePin
 .text.HAL_GPIO_TogglePin
                0x08003b12       0x32 CMakeFiles/ZeroPilot.elf.dir/Boardfiles/nucleol552zeq/Drivers/STM32L5xx_HAL_Driver/Src/stm32l5xx_hal_gpio.c.obj
                0x08003b12                HAL_GPIO_TogglePin
 .text.HAL_I2C_Init
                0x08003b44      0x11e CMakeFiles/ZeroPilot.elf.dir/Boardfiles/nucleol552zeq/Drivers/STM32L5xx_HAL_Driver/Src/stm32l5xx_hal_i2c.c.obj
                0x08003b44                HAL_I2C_Init
 .text.HAL_I2CEx_ConfigAnalogFilter
                0x08003c62       0x94 CMakeFiles/ZeroPilot.elf.dir/Boardfiles/nucleol552zeq/Drivers/STM32L5xx_HAL_Driver/Src/stm32l5xx_hal_i2c_ex.c.obj
                0x08003c62                HAL_I2CEx_ConfigAnalogFilter
 .text.HAL_I2CEx_ConfigDigitalFilter
                0x08003cf6       0x96 CMakeFiles/ZeroPilot.elf.dir/Boardfiles/nucleol552zeq/Drivers/STM32L5xx_HAL_Driver/Src/stm32l5xx_hal_i2c_ex.c.obj
                0x08003cf6                HAL_I2CEx_ConfigDigitalFilter
 .text.HAL_ICACHE_ConfigAssociativityMode
                0x08003d8c       0x40 CMakeFiles/ZeroPilot.elf.dir/Boardfiles/nucleol552zeq/Drivers/STM32L5xx_HAL_Driver/Src/stm32l5xx_hal_icache.c.obj
                0x08003d8c                HAL_ICACHE_ConfigAssociativityMode
 .text.HAL_ICACHE_Enable
                0x08003dcc       0x20 CMakeFiles/ZeroPilot.elf.dir/Boardfiles/nucleol552zeq/Drivers/STM32L5xx_HAL_Driver/Src/stm32l5xx_hal_icache.c.obj
                0x08003dcc                HAL_ICACHE_Enable
 .text.HAL_PCD_Init
                0x08003dec      0x1b2 CMakeFiles/ZeroPilot.elf.dir/Boardfiles/nucleol552zeq/Drivers/STM32L5xx_HAL_Driver/Src/stm32l5xx_hal_pcd.c.obj
                0x08003dec                HAL_PCD_Init
 .text.HAL_PCDEx_ActivateLPM
                0x08003f9e       0x52 CMakeFiles/ZeroPilot.elf.dir/Boardfiles/nucleol552zeq/Drivers/STM32L5xx_HAL_Driver/Src/stm32l5xx_hal_pcd_ex.c.obj
                0x08003f9e                HAL_PCDEx_ActivateLPM
 .text.HAL_PWR_EnableBkUpAccess
                0x08003ff0       0x1c CMakeFiles/ZeroPilot.elf.dir/Boardfiles/nucleol552zeq/Drivers/STM32L5xx_HAL_Driver/Src/stm32l5xx_hal_pwr.c.obj
                0x08003ff0                HAL_PWR_EnableBkUpAccess
 .text.HAL_PWREx_GetVoltageRange
                0x0800400c       0x18 CMakeFiles/ZeroPilot.elf.dir/Boardfiles/nucleol552zeq/Drivers/STM32L5xx_HAL_Driver/Src/stm32l5xx_hal_pwr_ex.c.obj
                0x0800400c                HAL_PWREx_GetVoltageRange
 .text.HAL_PWREx_ControlVoltageScaling
                0x08004024       0xb8 CMakeFiles/ZeroPilot.elf.dir/Boardfiles/nucleol552zeq/Drivers/STM32L5xx_HAL_Driver/Src/stm32l5xx_hal_pwr_ex.c.obj
                0x08004024                HAL_PWREx_ControlVoltageScaling
 .text.HAL_PWREx_EnableVddIO2
                0x080040dc       0x1c CMakeFiles/ZeroPilot.elf.dir/Boardfiles/nucleol552zeq/Drivers/STM32L5xx_HAL_Driver/Src/stm32l5xx_hal_pwr_ex.c.obj
                0x080040dc                HAL_PWREx_EnableVddIO2
 .text.HAL_PWREx_SMPS_GetEffectiveMode
                0x080040f8       0x44 CMakeFiles/ZeroPilot.elf.dir/Boardfiles/nucleol552zeq/Drivers/STM32L5xx_HAL_Driver/Src/stm32l5xx_hal_pwr_ex.c.obj
                0x080040f8                HAL_PWREx_SMPS_GetEffectiveMode
 .text.HAL_RCC_OscConfig
                0x0800413c      0x9ac CMakeFiles/ZeroPilot.elf.dir/Boardfiles/nucleol552zeq/Drivers/STM32L5xx_HAL_Driver/Src/stm32l5xx_hal_rcc.c.obj
                0x0800413c                HAL_RCC_OscConfig
 .text.HAL_RCC_ClockConfig
                0x08004ae8      0x270 CMakeFiles/ZeroPilot.elf.dir/Boardfiles/nucleol552zeq/Drivers/STM32L5xx_HAL_Driver/Src/stm32l5xx_hal_rcc.c.obj
                0x08004ae8                HAL_RCC_ClockConfig
 .text.HAL_RCC_GetSysClockFreq
                0x08004d58      0x138 CMakeFiles/ZeroPilot.elf.dir/Boardfiles/nucleol552zeq/Drivers/STM32L5xx_HAL_Driver/Src/stm32l5xx_hal_rcc.c.obj
                0x08004d58                HAL_RCC_GetSysClockFreq
 .text.HAL_RCC_GetHCLKFreq
                0x08004e90       0x28 CMakeFiles/ZeroPilot.elf.dir/Boardfiles/nucleol552zeq/Drivers/STM32L5xx_HAL_Driver/Src/stm32l5xx_hal_rcc.c.obj
                0x08004e90                HAL_RCC_GetHCLKFreq
 .text.HAL_RCC_GetPCLK1Freq
                0x08004eb8       0x28 CMakeFiles/ZeroPilot.elf.dir/Boardfiles/nucleol552zeq/Drivers/STM32L5xx_HAL_Driver/Src/stm32l5xx_hal_rcc.c.obj
                0x08004eb8                HAL_RCC_GetPCLK1Freq
 .text.HAL_RCC_GetPCLK2Freq
                0x08004ee0       0x28 CMakeFiles/ZeroPilot.elf.dir/Boardfiles/nucleol552zeq/Drivers/STM32L5xx_HAL_Driver/Src/stm32l5xx_hal_rcc.c.obj
                0x08004ee0                HAL_RCC_GetPCLK2Freq
 .text.RCC_SetFlashLatencyFromMSIRange
                0x08004f08       0xc8 CMakeFiles/ZeroPilot.elf.dir/Boardfiles/nucleol552zeq/Drivers/STM32L5xx_HAL_Driver/Src/stm32l5xx_hal_rcc.c.obj
 .text.RCC_GetSysClockFreqFromPLLSource
                0x08004fd0       0xdc CMakeFiles/ZeroPilot.elf.dir/Boardfiles/nucleol552zeq/Drivers/STM32L5xx_HAL_Driver/Src/stm32l5xx_hal_rcc.c.obj
 .text.HAL_RCCEx_PeriphCLKConfig
                0x080050ac      0x708 CMakeFiles/ZeroPilot.elf.dir/Boardfiles/nucleol552zeq/Drivers/STM32L5xx_HAL_Driver/Src/stm32l5xx_hal_rcc_ex.c.obj
                0x080050ac                HAL_RCCEx_PeriphCLKConfig
 .text.RCCEx_PLLSAI1_Config
                0x080057b4      0x1cc CMakeFiles/ZeroPilot.elf.dir/Boardfiles/nucleol552zeq/Drivers/STM32L5xx_HAL_Driver/Src/stm32l5xx_hal_rcc_ex.c.obj
 .text.RCCEx_PLLSAI2_Config
                0x08005980      0x158 CMakeFiles/ZeroPilot.elf.dir/Boardfiles/nucleol552zeq/Drivers/STM32L5xx_HAL_Driver/Src/stm32l5xx_hal_rcc_ex.c.obj
 .text.HAL_RTC_Init
                0x08005ad8       0xf0 CMakeFiles/ZeroPilot.elf.dir/Boardfiles/nucleol552zeq/Drivers/STM32L5xx_HAL_Driver/Src/stm32l5xx_hal_rtc.c.obj
                0x08005ad8                HAL_RTC_Init
 .text.HAL_RTC_WaitForSynchro
                0x08005bc8       0x48 CMakeFiles/ZeroPilot.elf.dir/Boardfiles/nucleol552zeq/Drivers/STM32L5xx_HAL_Driver/Src/stm32l5xx_hal_rtc.c.obj
                0x08005bc8                HAL_RTC_WaitForSynchro
 .text.RTC_EnterInitMode
                0x08005c10       0x68 CMakeFiles/ZeroPilot.elf.dir/Boardfiles/nucleol552zeq/Drivers/STM32L5xx_HAL_Driver/Src/stm32l5xx_hal_rtc.c.obj
                0x08005c10                RTC_EnterInitMode
 .text.RTC_ExitInitMode
                0x08005c78       0x7c CMakeFiles/ZeroPilot.elf.dir/Boardfiles/nucleol552zeq/Drivers/STM32L5xx_HAL_Driver/Src/stm32l5xx_hal_rtc.c.obj
                0x08005c78                RTC_ExitInitMode
 .text.HAL_RTCEx_PrivilegeModeSet
                0x08005cf4       0x54 CMakeFiles/ZeroPilot.elf.dir/Boardfiles/nucleol552zeq/Drivers/STM32L5xx_HAL_Driver/Src/stm32l5xx_hal_rtc_ex.c.obj
                0x08005cf4                HAL_RTCEx_PrivilegeModeSet
 .text.HAL_SPI_Init
                0x08005d48      0x146 CMakeFiles/ZeroPilot.elf.dir/Boardfiles/nucleol552zeq/Drivers/STM32L5xx_HAL_Driver/Src/stm32l5xx_hal_spi.c.obj
                0x08005d48                HAL_SPI_Init
 .text.HAL_TIM_Base_Init
                0x08005e8e       0xae CMakeFiles/ZeroPilot.elf.dir/Boardfiles/nucleol552zeq/Drivers/STM32L5xx_HAL_Driver/Src/stm32l5xx_hal_tim.c.obj
                0x08005e8e                HAL_TIM_Base_Init
 .text.HAL_TIM_PWM_Init
                0x08005f3c       0xae CMakeFiles/ZeroPilot.elf.dir/Boardfiles/nucleol552zeq/Drivers/STM32L5xx_HAL_Driver/Src/stm32l5xx_hal_tim.c.obj
                0x08005f3c                HAL_TIM_PWM_Init
 .text.HAL_TIM_IC_Init
                0x08005fea       0xae CMakeFiles/ZeroPilot.elf.dir/Boardfiles/nucleol552zeq/Drivers/STM32L5xx_HAL_Driver/Src/stm32l5xx_hal_tim.c.obj
                0x08005fea                HAL_TIM_IC_Init
 .text.HAL_TIM_IRQHandler
                0x08006098      0x23e CMakeFiles/ZeroPilot.elf.dir/Boardfiles/nucleol552zeq/Drivers/STM32L5xx_HAL_Driver/Src/stm32l5xx_hal_tim.c.obj
                0x08006098                HAL_TIM_IRQHandler
 .text.HAL_TIM_IC_ConfigChannel
                0x080062d6      0x138 CMakeFiles/ZeroPilot.elf.dir/Boardfiles/nucleol552zeq/Drivers/STM32L5xx_HAL_Driver/Src/stm32l5xx_hal_tim.c.obj
                0x080062d6                HAL_TIM_IC_ConfigChannel
 *fill*         0x0800640e        0x2 
 .text.HAL_TIM_PWM_ConfigChannel
                0x08006410      0x228 CMakeFiles/ZeroPilot.elf.dir/Boardfiles/nucleol552zeq/Drivers/STM32L5xx_HAL_Driver/Src/stm32l5xx_hal_tim.c.obj
                0x08006410                HAL_TIM_PWM_ConfigChannel
 .text.HAL_TIM_ConfigClockSource
                0x08006638      0x192 CMakeFiles/ZeroPilot.elf.dir/Boardfiles/nucleol552zeq/Drivers/STM32L5xx_HAL_Driver/Src/stm32l5xx_hal_tim.c.obj
                0x08006638                HAL_TIM_ConfigClockSource
 .text.HAL_TIM_PeriodElapsedCallback
                0x080067ca       0x12 CMakeFiles/ZeroPilot.elf.dir/Boardfiles/nucleol552zeq/Drivers/STM32L5xx_HAL_Driver/Src/stm32l5xx_hal_tim.c.obj
                0x080067ca                HAL_TIM_PeriodElapsedCallback
 .text.HAL_TIM_OC_DelayElapsedCallback
                0x080067dc       0x12 CMakeFiles/ZeroPilot.elf.dir/Boardfiles/nucleol552zeq/Drivers/STM32L5xx_HAL_Driver/Src/stm32l5xx_hal_tim.c.obj
                0x080067dc                HAL_TIM_OC_DelayElapsedCallback
 .text.HAL_TIM_IC_CaptureCallback
                0x080067ee       0x12 CMakeFiles/ZeroPilot.elf.dir/Boardfiles/nucleol552zeq/Drivers/STM32L5xx_HAL_Driver/Src/stm32l5xx_hal_tim.c.obj
                0x080067ee                HAL_TIM_IC_CaptureCallback
 .text.HAL_TIM_PWM_PulseFinishedCallback
                0x08006800       0x12 CMakeFiles/ZeroPilot.elf.dir/Boardfiles/nucleol552zeq/Drivers/STM32L5xx_HAL_Driver/Src/stm32l5xx_hal_tim.c.obj
                0x08006800                HAL_TIM_PWM_PulseFinishedCallback
 .text.HAL_TIM_TriggerCallback
                0x08006812       0x12 CMakeFiles/ZeroPilot.elf.dir/Boardfiles/nucleol552zeq/Drivers/STM32L5xx_HAL_Driver/Src/stm32l5xx_hal_tim.c.obj
                0x08006812                HAL_TIM_TriggerCallback
 .text.TIM_Base_SetConfig
                0x08006824      0x130 CMakeFiles/ZeroPilot.elf.dir/Boardfiles/nucleol552zeq/Drivers/STM32L5xx_HAL_Driver/Src/stm32l5xx_hal_tim.c.obj
                0x08006824                TIM_Base_SetConfig
 .text.TIM_OC1_SetConfig
                0x08006954      0x120 CMakeFiles/ZeroPilot.elf.dir/Boardfiles/nucleol552zeq/Drivers/STM32L5xx_HAL_Driver/Src/stm32l5xx_hal_tim.c.obj
 .text.TIM_OC2_SetConfig
                0x08006a74      0x110 CMakeFiles/ZeroPilot.elf.dir/Boardfiles/nucleol552zeq/Drivers/STM32L5xx_HAL_Driver/Src/stm32l5xx_hal_tim.c.obj
                0x08006a74                TIM_OC2_SetConfig
 .text.TIM_OC3_SetConfig
                0x08006b84      0x110 CMakeFiles/ZeroPilot.elf.dir/Boardfiles/nucleol552zeq/Drivers/STM32L5xx_HAL_Driver/Src/stm32l5xx_hal_tim.c.obj
 .text.TIM_OC4_SetConfig
                0x08006c94       0xd0 CMakeFiles/ZeroPilot.elf.dir/Boardfiles/nucleol552zeq/Drivers/STM32L5xx_HAL_Driver/Src/stm32l5xx_hal_tim.c.obj
 .text.TIM_OC5_SetConfig
                0x08006d64       0xc8 CMakeFiles/ZeroPilot.elf.dir/Boardfiles/nucleol552zeq/Drivers/STM32L5xx_HAL_Driver/Src/stm32l5xx_hal_tim.c.obj
 .text.TIM_OC6_SetConfig
                0x08006e2c       0xc8 CMakeFiles/ZeroPilot.elf.dir/Boardfiles/nucleol552zeq/Drivers/STM32L5xx_HAL_Driver/Src/stm32l5xx_hal_tim.c.obj
 .text.TIM_TI1_SetConfig
                0x08006ef4       0xd8 CMakeFiles/ZeroPilot.elf.dir/Boardfiles/nucleol552zeq/Drivers/STM32L5xx_HAL_Driver/Src/stm32l5xx_hal_tim.c.obj
                0x08006ef4                TIM_TI1_SetConfig
 .text.TIM_TI1_ConfigInputStage
                0x08006fcc       0x5c CMakeFiles/ZeroPilot.elf.dir/Boardfiles/nucleol552zeq/Drivers/STM32L5xx_HAL_Driver/Src/stm32l5xx_hal_tim.c.obj
 .text.TIM_TI2_SetConfig
                0x08007028       0x78 CMakeFiles/ZeroPilot.elf.dir/Boardfiles/nucleol552zeq/Drivers/STM32L5xx_HAL_Driver/Src/stm32l5xx_hal_tim.c.obj
 .text.TIM_TI2_ConfigInputStage
                0x080070a0       0x5e CMakeFiles/ZeroPilot.elf.dir/Boardfiles/nucleol552zeq/Drivers/STM32L5xx_HAL_Driver/Src/stm32l5xx_hal_tim.c.obj
 .text.TIM_TI3_SetConfig
                0x080070fe       0x76 CMakeFiles/ZeroPilot.elf.dir/Boardfiles/nucleol552zeq/Drivers/STM32L5xx_HAL_Driver/Src/stm32l5xx_hal_tim.c.obj
 .text.TIM_TI4_SetConfig
                0x08007174       0x78 CMakeFiles/ZeroPilot.elf.dir/Boardfiles/nucleol552zeq/Drivers/STM32L5xx_HAL_Driver/Src/stm32l5xx_hal_tim.c.obj
 .text.TIM_ITRx_SetConfig
                0x080071ec       0x38 CMakeFiles/ZeroPilot.elf.dir/Boardfiles/nucleol552zeq/Drivers/STM32L5xx_HAL_Driver/Src/stm32l5xx_hal_tim.c.obj
 .text.TIM_ETR_SetConfig
                0x08007224       0x3e CMakeFiles/ZeroPilot.elf.dir/Boardfiles/nucleol552zeq/Drivers/STM32L5xx_HAL_Driver/Src/stm32l5xx_hal_tim.c.obj
                0x08007224                TIM_ETR_SetConfig
 *fill*         0x08007262        0x2 
 .text.HAL_TIMEx_MasterConfigSynchronization
                0x08007264      0x10c CMakeFiles/ZeroPilot.elf.dir/Boardfiles/nucleol552zeq/Drivers/STM32L5xx_HAL_Driver/Src/stm32l5xx_hal_tim_ex.c.obj
                0x08007264                HAL_TIMEx_MasterConfigSynchronization
 .text.HAL_TIMEx_CommutCallback
                0x08007370       0x12 CMakeFiles/ZeroPilot.elf.dir/Boardfiles/nucleol552zeq/Drivers/STM32L5xx_HAL_Driver/Src/stm32l5xx_hal_tim_ex.c.obj
                0x08007370                HAL_TIMEx_CommutCallback
 .text.HAL_TIMEx_BreakCallback
                0x08007382       0x12 CMakeFiles/ZeroPilot.elf.dir/Boardfiles/nucleol552zeq/Drivers/STM32L5xx_HAL_Driver/Src/stm32l5xx_hal_tim_ex.c.obj
                0x08007382                HAL_TIMEx_BreakCallback
 .text.HAL_TIMEx_Break2Callback
                0x08007394       0x12 CMakeFiles/ZeroPilot.elf.dir/Boardfiles/nucleol552zeq/Drivers/STM32L5xx_HAL_Driver/Src/stm32l5xx_hal_tim_ex.c.obj
                0x08007394                HAL_TIMEx_Break2Callback
 .text.HAL_UART_Init
                0x080073a6       0xa0 CMakeFiles/ZeroPilot.elf.dir/Boardfiles/nucleol552zeq/Drivers/STM32L5xx_HAL_Driver/Src/stm32l5xx_hal_uart.c.obj
                0x080073a6                HAL_UART_Init
 *fill*         0x08007446        0x2 
 .text.UART_SetConfig
                0x08007448      0x600 CMakeFiles/ZeroPilot.elf.dir/Boardfiles/nucleol552zeq/Drivers/STM32L5xx_HAL_Driver/Src/stm32l5xx_hal_uart.c.obj
                0x08007448                UART_SetConfig
 .text.UART_AdvFeatureConfig
                0x08007a48      0x142 CMakeFiles/ZeroPilot.elf.dir/Boardfiles/nucleol552zeq/Drivers/STM32L5xx_HAL_Driver/Src/stm32l5xx_hal_uart.c.obj
                0x08007a48                UART_AdvFeatureConfig
 .text.UART_CheckIdleState
                0x08007b8a      0x154 CMakeFiles/ZeroPilot.elf.dir/Boardfiles/nucleol552zeq/Drivers/STM32L5xx_HAL_Driver/Src/stm32l5xx_hal_uart.c.obj
                0x08007b8a                UART_CheckIdleState
 .text.UART_WaitOnFlagUntilTimeout
                0x08007cde       0xce CMakeFiles/ZeroPilot.elf.dir/Boardfiles/nucleol552zeq/Drivers/STM32L5xx_HAL_Driver/Src/stm32l5xx_hal_uart.c.obj
                0x08007cde                UART_WaitOnFlagUntilTimeout
 .text.UART_EndRxTransfer
                0x08007dac       0xca CMakeFiles/ZeroPilot.elf.dir/Boardfiles/nucleol552zeq/Drivers/STM32L5xx_HAL_Driver/Src/stm32l5xx_hal_uart.c.obj
 .text.HAL_UARTEx_DisableFifoMode
                0x08007e76       0x70 CMakeFiles/ZeroPilot.elf.dir/Boardfiles/nucleol552zeq/Drivers/STM32L5xx_HAL_Driver/Src/stm32l5xx_hal_uart_ex.c.obj
                0x08007e76                HAL_UARTEx_DisableFifoMode
 .text.HAL_UARTEx_SetTxFifoThreshold
                0x08007ee6       0x7c CMakeFiles/ZeroPilot.elf.dir/Boardfiles/nucleol552zeq/Drivers/STM32L5xx_HAL_Driver/Src/stm32l5xx_hal_uart_ex.c.obj
                0x08007ee6                HAL_UARTEx_SetTxFifoThreshold
 .text.HAL_UARTEx_SetRxFifoThreshold
                0x08007f62       0x7c CMakeFiles/ZeroPilot.elf.dir/Boardfiles/nucleol552zeq/Drivers/STM32L5xx_HAL_Driver/Src/stm32l5xx_hal_uart_ex.c.obj
                0x08007f62                HAL_UARTEx_SetRxFifoThreshold
 *fill*         0x08007fde        0x2 
 .text.UARTEx_SetNbDataToProcess
                0x08007fe0       0x98 CMakeFiles/ZeroPilot.elf.dir/Boardfiles/nucleol552zeq/Drivers/STM32L5xx_HAL_Driver/Src/stm32l5xx_hal_uart_ex.c.obj
 .text.LL_GPIO_SetPinMode
                0x08008078       0x78 CMakeFiles/ZeroPilot.elf.dir/Boardfiles/nucleol552zeq/Drivers/STM32L5xx_HAL_Driver/Src/stm32l5xx_ll_gpio.c.obj
 .text.LL_GPIO_SetPinOutputType
                0x080080f0       0x2e CMakeFiles/ZeroPilot.elf.dir/Boardfiles/nucleol552zeq/Drivers/STM32L5xx_HAL_Driver/Src/stm32l5xx_ll_gpio.c.obj
 .text.LL_GPIO_SetPinSpeed
                0x0800811e       0x78 CMakeFiles/ZeroPilot.elf.dir/Boardfiles/nucleol552zeq/Drivers/STM32L5xx_HAL_Driver/Src/stm32l5xx_ll_gpio.c.obj
 .text.LL_GPIO_SetPinPull
                0x08008196       0x78 CMakeFiles/ZeroPilot.elf.dir/Boardfiles/nucleol552zeq/Drivers/STM32L5xx_HAL_Driver/Src/stm32l5xx_ll_gpio.c.obj
 .text.LL_GPIO_SetAFPin_0_7
                0x0800820e       0x78 CMakeFiles/ZeroPilot.elf.dir/Boardfiles/nucleol552zeq/Drivers/STM32L5xx_HAL_Driver/Src/stm32l5xx_ll_gpio.c.obj
 .text.LL_GPIO_SetAFPin_8_15
                0x08008286       0x7c CMakeFiles/ZeroPilot.elf.dir/Boardfiles/nucleol552zeq/Drivers/STM32L5xx_HAL_Driver/Src/stm32l5xx_ll_gpio.c.obj
 .text.LL_GPIO_Init
                0x08008302       0xda CMakeFiles/ZeroPilot.elf.dir/Boardfiles/nucleol552zeq/Drivers/STM32L5xx_HAL_Driver/Src/stm32l5xx_ll_gpio.c.obj
                0x08008302                LL_GPIO_Init
 .text.USB_DisableGlobalInt
                0x080083dc       0x34 CMakeFiles/ZeroPilot.elf.dir/Boardfiles/nucleol552zeq/Drivers/STM32L5xx_HAL_Driver/Src/stm32l5xx_ll_usb.c.obj
                0x080083dc                USB_DisableGlobalInt
 .text.USB_DevInit
                0x08008410       0x40 CMakeFiles/ZeroPilot.elf.dir/Boardfiles/nucleol552zeq/Drivers/STM32L5xx_HAL_Driver/Src/stm32l5xx_ll_usb.c.obj
                0x08008410                USB_DevInit
 .text._Z20SF_GenerateNewResultv
                0x08008450       0x16 CMakeFiles/ZeroPilot.elf.dir/Drivers/SensorFusion/Src/SensorFusion.cpp.obj
                0x08008450                SF_GenerateNewResult()
 *fill*         0x08008466        0x2 
 .text._Z12SF_GetResultP10SFOutput_t
                0x08008468       0x2c CMakeFiles/ZeroPilot.elf.dir/Drivers/SensorFusion/Src/SensorFusion.cpp.obj
                0x08008468                SF_GetResult(SFOutput_t*)
 .text.SensorFusionInterfaceExecute
                0x08008494       0x18 CMakeFiles/ZeroPilot.elf.dir/Drivers/SensorFusion/Src/sensorFusionInterface.cpp.obj
                0x08008494                SensorFusionInterfaceExecute
 .text.SensorFusionInterfaceOutput
                0x080084ac       0x1c CMakeFiles/ZeroPilot.elf.dir/Drivers/SensorFusion/Src/sensorFusionInterface.cpp.obj
                0x080084ac                SensorFusionInterfaceOutput
 .text.Reset_Handler
                0x080084c8       0x50 CMakeFiles/ZeroPilot.elf.dir/Boardfiles/nucleol552zeq/Core/Startup/startup_stm32l552zetxq.s.obj
                0x080084c8                Reset_Handler
 .text.Default_Handler
                0x08008518        0x2 CMakeFiles/ZeroPilot.elf.dir/Boardfiles/nucleol552zeq/Core/Startup/startup_stm32l552zetxq.s.obj
                0x08008518                EXTI2_IRQHandler
                0x08008518                TIM8_TRG_COM_IRQHandler
                0x08008518                TIM8_CC_IRQHandler
                0x08008518                EXTI5_IRQHandler
                0x08008518                FLASH_S_IRQHandler
                0x08008518                EXTI13_IRQHandler
                0x08008518                TIM1_CC_IRQHandler
                0x08008518                TSC_IRQHandler
                0x08008518                TAMP_IRQHandler
                0x08008518                TIM6_IRQHandler
                0x08008518                EXTI12_IRQHandler
                0x08008518                DMA2_Channel8_IRQHandler
                0x08008518                EXTI3_IRQHandler
                0x08008518                EXTI8_IRQHandler
                0x08008518                LPTIM2_IRQHandler
                0x08008518                DFSDM1_FLT1_IRQHandler
                0x08008518                USB_FS_IRQHandler
                0x08008518                I2C3_ER_IRQHandler
                0x08008518                DFSDM1_FLT2_IRQHandler
                0x08008518                DMAMUX1_IRQHandler
                0x08008518                LPTIM3_IRQHandler
                0x08008518                EXTI0_IRQHandler
                0x08008518                I2C2_EV_IRQHandler
                0x08008518                FPU_IRQHandler
                0x08008518                FDCAN1_IT1_IRQHandler
                0x08008518                ADC1_2_IRQHandler
                0x08008518                SPI1_IRQHandler
                0x08008518                OCTOSPI1_IRQHandler
                0x08008518                TIM8_UP_IRQHandler
                0x08008518                RCC_S_IRQHandler
                0x08008518                DMA2_Channel2_IRQHandler
                0x08008518                DMA1_Channel4_IRQHandler
                0x08008518                SAI2_IRQHandler
                0x08008518                DFSDM1_FLT3_IRQHandler
                0x08008518                EXTI15_IRQHandler
                0x08008518                TIM17_IRQHandler
                0x08008518                USART3_IRQHandler
                0x08008518                RTC_IRQHandler
                0x08008518                EXTI9_IRQHandler
                0x08008518                DMA1_Channel7_IRQHandler
                0x08008518                UART5_IRQHandler
                0x08008518                TIM4_IRQHandler
                0x08008518                DMA2_Channel1_IRQHandler
                0x08008518                I2C1_EV_IRQHandler
                0x08008518                DMA1_Channel6_IRQHandler
                0x08008518                TIM16_IRQHandler
                0x08008518                UART4_IRQHandler
                0x08008518                DMA2_Channel4_IRQHandler
                0x08008518                SecureFault_Handler
                0x08008518                TIM3_IRQHandler
                0x08008518                RCC_IRQHandler
                0x08008518                TIM1_TRG_COM_IRQHandler
                0x08008518                Default_Handler
                0x08008518                DMA2_Channel7_IRQHandler
                0x08008518                DMA1_Channel8_IRQHandler
                0x08008518                TIM7_IRQHandler
                0x08008518                SDMMC1_IRQHandler
                0x08008518                UCPD1_IRQHandler
                0x08008518                TIM15_IRQHandler
                0x08008518                I2C3_EV_IRQHandler
                0x08008518                PVD_PVM_IRQHandler
                0x08008518                SPI2_IRQHandler
                0x08008518                EXTI14_IRQHandler
                0x08008518                EXTI11_IRQHandler
                0x08008518                DMA2_Channel5_IRQHandler
                0x08008518                CRS_IRQHandler
                0x08008518                DMA1_Channel5_IRQHandler
                0x08008518                EXTI4_IRQHandler
                0x08008518                RTC_S_IRQHandler
                0x08008518                RNG_IRQHandler
                0x08008518                DMAMUX1_S_IRQHandler
                0x08008518                DMA1_Channel3_IRQHandler
                0x08008518                COMP_IRQHandler
                0x08008518                TIM1_UP_IRQHandler
                0x08008518                WWDG_IRQHandler
                0x08008518                I2C4_EV_IRQHandler
                0x08008518                LPUART1_IRQHandler
                0x08008518                DMA2_Channel6_IRQHandler
                0x08008518                FDCAN1_IT0_IRQHandler
                0x08008518                TIM2_IRQHandler
                0x08008518                TAMP_S_IRQHandler
                0x08008518                EXTI7_IRQHandler
                0x08008518                TIM1_BRK_IRQHandler
                0x08008518                DAC_IRQHandler
                0x08008518                EXTI1_IRQHandler
                0x08008518                GTZC_IRQHandler
                0x08008518                USART2_IRQHandler
                0x08008518                DFSDM1_FLT0_IRQHandler
                0x08008518                I2C2_ER_IRQHandler
                0x08008518                TIM8_BRK_IRQHandler
                0x08008518                FLASH_IRQHandler
                0x08008518                USART1_IRQHandler
                0x08008518                EXTI10_IRQHandler
                0x08008518                SPI3_IRQHandler
                0x08008518                I2C1_ER_IRQHandler
                0x08008518                FMC_IRQHandler
                0x08008518                EXTI6_IRQHandler
                0x08008518                LPTIM1_IRQHandler
                0x08008518                I2C4_ER_IRQHandler
                0x08008518                ICACHE_IRQHandler
                0x08008518                SAI1_IRQHandler
                0x08008518                HASH_IRQHandler
                0x08008518                DMA2_Channel3_IRQHandler
 *fill*         0x0800851a        0x2 
 .text.__libc_init_array
                0x0800851c       0x48 c:/program files (x86)/gnu arm embedded toolchain/10 2021.10/bin/../lib/gcc/arm-none-eabi/10.3.1/../../../../arm-none-eabi/lib/thumb/v8-m.main/nofp\libg_nano.a(lib_a-init.o)
                0x0800851c                __libc_init_array
 .text.memcpy   0x08008564       0x1a c:/program files (x86)/gnu arm embedded toolchain/10 2021.10/bin/../lib/gcc/arm-none-eabi/10.3.1/../../../../arm-none-eabi/lib/thumb/v8-m.main/nofp\libg_nano.a(lib_a-memcpy-stub.o)
                0x08008564                memcpy
 .text.memset   0x0800857e       0x10 c:/program files (x86)/gnu arm embedded toolchain/10 2021.10/bin/../lib/gcc/arm-none-eabi/10.3.1/../../../../arm-none-eabi/lib/thumb/v8-m.main/nofp\libg_nano.a(lib_a-memset.o)
                0x0800857e                memset
 *(.glue_7)
 .glue_7        0x0800858e        0x0 linker stubs
 *(.glue_7t)
 .glue_7t       0x0800858e        0x0 linker stubs
 *(.eh_frame)
 *fill*         0x0800858e        0x2 
 .eh_frame      0x08008590        0x0 c:/program files (x86)/gnu arm embedded toolchain/10 2021.10/bin/../lib/gcc/arm-none-eabi/10.3.1/thumb/v8-m.main/nofp/crtbegin.o
 *(.init)
 .init          0x08008590        0x4 c:/program files (x86)/gnu arm embedded toolchain/10 2021.10/bin/../lib/gcc/arm-none-eabi/10.3.1/thumb/v8-m.main/nofp/crti.o
                0x08008590                _init
 .init          0x08008594        0x8 c:/program files (x86)/gnu arm embedded toolchain/10 2021.10/bin/../lib/gcc/arm-none-eabi/10.3.1/thumb/v8-m.main/nofp/crtn.o
 *(.fini)
 .fini          0x0800859c        0x4 c:/program files (x86)/gnu arm embedded toolchain/10 2021.10/bin/../lib/gcc/arm-none-eabi/10.3.1/thumb/v8-m.main/nofp/crti.o
                0x0800859c                _fini
 .fini          0x080085a0        0x8 c:/program files (x86)/gnu arm embedded toolchain/10 2021.10/bin/../lib/gcc/arm-none-eabi/10.3.1/thumb/v8-m.main/nofp/crtn.o
                0x080085a8                . = ALIGN (0x4)
                0x080085a8                _etext = .

.vfp11_veneer   0x080085a8        0x0
 .vfp11_veneer  0x080085a8        0x0 linker stubs

.v4_bx          0x080085a8        0x0
 .v4_bx         0x080085a8        0x0 linker stubs

.iplt           0x080085a8        0x0
 .iplt          0x080085a8        0x0 c:/program files (x86)/gnu arm embedded toolchain/10 2021.10/bin/../lib/gcc/arm-none-eabi/10.3.1/thumb/v8-m.main/nofp/crtbegin.o

.rodata         0x080085a8       0x80
                0x080085a8                . = ALIGN (0x4)
 *(.rodata)
 *(.rodata*)
 .rodata.AHBPrescTable
                0x080085a8       0x10 CMakeFiles/ZeroPilot.elf.dir/Boardfiles/nucleol552zeq/Core/Src/system_stm32l5xx.c.obj
                0x080085a8                AHBPrescTable
 .rodata.APBPrescTable
                0x080085b8        0x8 CMakeFiles/ZeroPilot.elf.dir/Boardfiles/nucleol552zeq/Core/Src/system_stm32l5xx.c.obj
                0x080085b8                APBPrescTable
 .rodata.MSIRangeTable
                0x080085c0       0x40 CMakeFiles/ZeroPilot.elf.dir/Boardfiles/nucleol552zeq/Core/Src/system_stm32l5xx.c.obj
                0x080085c0                MSIRangeTable
 .rodata.UARTPrescTable
                0x08008600       0x18 CMakeFiles/ZeroPilot.elf.dir/Boardfiles/nucleol552zeq/Drivers/STM32L5xx_HAL_Driver/Src/stm32l5xx_hal_uart.c.obj
                0x08008600                UARTPrescTable
 .rodata.numerator.1
                0x08008618        0x8 CMakeFiles/ZeroPilot.elf.dir/Boardfiles/nucleol552zeq/Drivers/STM32L5xx_HAL_Driver/Src/stm32l5xx_hal_uart_ex.c.obj
 .rodata.denominator.0
                0x08008620        0x8 CMakeFiles/ZeroPilot.elf.dir/Boardfiles/nucleol552zeq/Drivers/STM32L5xx_HAL_Driver/Src/stm32l5xx_hal_uart_ex.c.obj
                0x08008628                . = ALIGN (0x4)

.ARM.extab      0x08008628        0x0
                0x08008628                . = ALIGN (0x4)
 *(.ARM.extab* .gnu.linkonce.armextab.*)
                0x08008628                . = ALIGN (0x4)

.ARM            0x08008628        0x8
                0x08008628                . = ALIGN (0x4)
                0x08008628                __exidx_start = .
 *(.ARM.exidx*)
 .ARM.exidx     0x08008628        0x8 c:/program files (x86)/gnu arm embedded toolchain/10 2021.10/bin/../lib/gcc/arm-none-eabi/10.3.1/thumb/v8-m.main/nofp\libgcc.a(_udivmoddi4.o)
                0x08008630                __exidx_end = .
                0x08008630                . = ALIGN (0x4)

.rel.dyn        0x08008630        0x0
 .rel.iplt      0x08008630        0x0 c:/program files (x86)/gnu arm embedded toolchain/10 2021.10/bin/../lib/gcc/arm-none-eabi/10.3.1/thumb/v8-m.main/nofp/crtbegin.o

.preinit_array  0x08008630        0x0
                0x08008630                . = ALIGN (0x4)
                0x08008630                PROVIDE (__preinit_array_start = .)
 *(.preinit_array*)
                0x08008630                PROVIDE (__preinit_array_end = .)
                0x08008630                . = ALIGN (0x4)

.init_array     0x08008630        0x4
                0x08008630                . = ALIGN (0x4)
                0x08008630                PROVIDE (__init_array_start = .)
 *(SORT_BY_NAME(.init_array.*))
 *(.init_array*)
 .init_array    0x08008630        0x4 c:/program files (x86)/gnu arm embedded toolchain/10 2021.10/bin/../lib/gcc/arm-none-eabi/10.3.1/thumb/v8-m.main/nofp/crtbegin.o
                0x08008634                PROVIDE (__init_array_end = .)
                0x08008634                . = ALIGN (0x4)

.fini_array     0x08008634        0x4
                0x08008634                . = ALIGN (0x4)
                [!provide]                PROVIDE (__fini_array_start = .)
 *(SORT_BY_NAME(.fini_array.*))
 *(.fini_array*)
 .fini_array    0x08008634        0x4 c:/program files (x86)/gnu arm embedded toolchain/10 2021.10/bin/../lib/gcc/arm-none-eabi/10.3.1/thumb/v8-m.main/nofp/crtbegin.o
                [!provide]                PROVIDE (__fini_array_end = .)
                0x08008638                . = ALIGN (0x4)
                0x08008638                _sidata = LOADADDR (.data)

.data           0x20000000        0xc load address 0x08008638
                0x20000000                . = ALIGN (0x4)
                0x20000000                _sdata = .
 *(.data)
 *(.data*)
 .data.SystemCoreClock
                0x20000000        0x4 CMakeFiles/ZeroPilot.elf.dir/Boardfiles/nucleol552zeq/Core/Src/system_stm32l5xx.c.obj
                0x20000000                SystemCoreClock
 .data.uwTickPrio
                0x20000004        0x4 CMakeFiles/ZeroPilot.elf.dir/Boardfiles/nucleol552zeq/Drivers/STM32L5xx_HAL_Driver/Src/stm32l5xx_hal.c.obj
                0x20000004                uwTickPrio
 .data.uwTickFreq
                0x20000008        0x1 CMakeFiles/ZeroPilot.elf.dir/Boardfiles/nucleol552zeq/Drivers/STM32L5xx_HAL_Driver/Src/stm32l5xx_hal.c.obj
                0x20000008                uwTickFreq
 *(.RamFunc)
 *(.RamFunc*)
                0x2000000c                . = ALIGN (0x4)
 *fill*         0x20000009        0x3 
                0x2000000c                _edata = .

.igot.plt       0x2000000c        0x0 load address 0x08008644
 .igot.plt      0x2000000c        0x0 c:/program files (x86)/gnu arm embedded toolchain/10 2021.10/bin/../lib/gcc/arm-none-eabi/10.3.1/thumb/v8-m.main/nofp/crtbegin.o
                0x2000000c                . = ALIGN (0x4)

.bss            0x20000010      0xa50 load address 0x08008644
                0x20000010                _sbss = .
                0x20000010                __bss_start__ = _sbss
 *(.bss)
 .bss           0x20000010       0x1c c:/program files (x86)/gnu arm embedded toolchain/10 2021.10/bin/../lib/gcc/arm-none-eabi/10.3.1/thumb/v8-m.main/nofp/crtbegin.o
 *(.bss*)
 .bss.hadc1     0x2000002c       0x68 CMakeFiles/ZeroPilot.elf.dir/Boardfiles/nucleol552zeq/Core/Src/adc.c.obj
                0x2000002c                hadc1
 .bss.hi2c1     0x20000094       0x54 CMakeFiles/ZeroPilot.elf.dir/Boardfiles/nucleol552zeq/Core/Src/i2c.c.obj
                0x20000094                hi2c1
 .bss.hi2c2     0x200000e8       0x54 CMakeFiles/ZeroPilot.elf.dir/Boardfiles/nucleol552zeq/Core/Src/i2c.c.obj
                0x200000e8                hi2c2
 .bss.hrtc      0x2000013c       0x28 CMakeFiles/ZeroPilot.elf.dir/Boardfiles/nucleol552zeq/Core/Src/rtc.c.obj
                0x2000013c                hrtc
 .bss.hspi1     0x20000164       0x64 CMakeFiles/ZeroPilot.elf.dir/Boardfiles/nucleol552zeq/Core/Src/spi.c.obj
                0x20000164                hspi1
 .bss.hspi2     0x200001c8       0x64 CMakeFiles/ZeroPilot.elf.dir/Boardfiles/nucleol552zeq/Core/Src/spi.c.obj
                0x200001c8                hspi2
 .bss.htim1     0x2000022c       0x4c CMakeFiles/ZeroPilot.elf.dir/Boardfiles/nucleol552zeq/Core/Src/tim.c.obj
                0x2000022c                htim1
 .bss.htim2     0x20000278       0x4c CMakeFiles/ZeroPilot.elf.dir/Boardfiles/nucleol552zeq/Core/Src/tim.c.obj
                0x20000278                htim2
 .bss.htim4     0x200002c4       0x4c CMakeFiles/ZeroPilot.elf.dir/Boardfiles/nucleol552zeq/Core/Src/tim.c.obj
                0x200002c4                htim4
 .bss.htim5     0x20000310       0x4c CMakeFiles/ZeroPilot.elf.dir/Boardfiles/nucleol552zeq/Core/Src/tim.c.obj
                0x20000310                htim5
 .bss.hdma_tim5_ch1
                0x2000035c       0x68 CMakeFiles/ZeroPilot.elf.dir/Boardfiles/nucleol552zeq/Core/Src/tim.c.obj
                0x2000035c                hdma_tim5_ch1
 .bss.hdma_tim5_ch2
                0x200003c4       0x68 CMakeFiles/ZeroPilot.elf.dir/Boardfiles/nucleol552zeq/Core/Src/tim.c.obj
                0x200003c4                hdma_tim5_ch2
 .bss.hlpuart1  0x2000042c       0x94 CMakeFiles/ZeroPilot.elf.dir/Boardfiles/nucleol552zeq/Core/Src/usart.c.obj
                0x2000042c                hlpuart1
 .bss.huart5    0x200004c0       0x94 CMakeFiles/ZeroPilot.elf.dir/Boardfiles/nucleol552zeq/Core/Src/usart.c.obj
                0x200004c0                huart5
 .bss.huart1    0x20000554       0x94 CMakeFiles/ZeroPilot.elf.dir/Boardfiles/nucleol552zeq/Core/Src/usart.c.obj
                0x20000554                huart1
 .bss.huart2    0x200005e8       0x94 CMakeFiles/ZeroPilot.elf.dir/Boardfiles/nucleol552zeq/Core/Src/usart.c.obj
                0x200005e8                huart2
 .bss.huart3    0x2000067c       0x94 CMakeFiles/ZeroPilot.elf.dir/Boardfiles/nucleol552zeq/Core/Src/usart.c.obj
                0x2000067c                huart3
 .bss.hpcd_USB_FS
                0x20000710      0x2f4 CMakeFiles/ZeroPilot.elf.dir/Boardfiles/nucleol552zeq/Core/Src/usb.c.obj
                0x20000710                hpcd_USB_FS
 .bss.uwTick    0x20000a04        0x4 CMakeFiles/ZeroPilot.elf.dir/Boardfiles/nucleol552zeq/Drivers/STM32L5xx_HAL_Driver/Src/stm32l5xx_hal.c.obj
                0x20000a04                uwTick
 .bss._ZL8SFOutput
                0x20000a08       0x58 CMakeFiles/ZeroPilot.elf.dir/Drivers/SensorFusion/Src/SensorFusion.cpp.obj
 *(COMMON)
                0x20000a60                . = ALIGN (0x4)
                0x20000a60                _ebss = .
                0x20000a60                __bss_end__ = _ebss

._user_heap_stack
                0x20000a60      0x600 load address 0x08008644
                0x20000a60                . = ALIGN (0x8)
                [!provide]                PROVIDE (end = .)
                0x20000a60                PROVIDE (_end = .)
                0x20000c60                . = (. + _Min_Heap_Size)
 *fill*         0x20000a60      0x200 
                0x20001060                . = (. + _Min_Stack_Size)
 *fill*         0x20000c60      0x400 
                0x20001060                . = ALIGN (0x8)

/DISCARD/
 libc.a(*)
 libm.a(*)
 libgcc.a(*)

.ARM.attributes
                0x00000000       0x30
 *(.ARM.attributes)
 .ARM.attributes
                0x00000000       0x22 c:/program files (x86)/gnu arm embedded toolchain/10 2021.10/bin/../lib/gcc/arm-none-eabi/10.3.1/thumb/v8-m.main/nofp/crti.o
 .ARM.attributes
                0x00000022       0x32 c:/program files (x86)/gnu arm embedded toolchain/10 2021.10/bin/../lib/gcc/arm-none-eabi/10.3.1/thumb/v8-m.main/nofp/crtbegin.o
 .ARM.attributes
                0x00000054       0x34 CMakeFiles/ZeroPilot.elf.dir/Boardfiles/nucleol552zeq/Core/Src/adc.c.obj
 .ARM.attributes
                0x00000088       0x34 CMakeFiles/ZeroPilot.elf.dir/Boardfiles/nucleol552zeq/Core/Src/dma.c.obj
 .ARM.attributes
                0x000000bc       0x34 CMakeFiles/ZeroPilot.elf.dir/Boardfiles/nucleol552zeq/Core/Src/gpio.c.obj
 .ARM.attributes
                0x000000f0       0x34 CMakeFiles/ZeroPilot.elf.dir/Boardfiles/nucleol552zeq/Core/Src/i2c.c.obj
 .ARM.attributes
                0x00000124       0x34 CMakeFiles/ZeroPilot.elf.dir/Boardfiles/nucleol552zeq/Core/Src/icache.c.obj
 .ARM.attributes
                0x00000158       0x34 CMakeFiles/ZeroPilot.elf.dir/Boardfiles/nucleol552zeq/Core/Src/main.c.obj
 .ARM.attributes
                0x0000018c       0x34 CMakeFiles/ZeroPilot.elf.dir/Boardfiles/nucleol552zeq/Core/Src/rtc.c.obj
 .ARM.attributes
                0x000001c0       0x34 CMakeFiles/ZeroPilot.elf.dir/Boardfiles/nucleol552zeq/Core/Src/spi.c.obj
 .ARM.attributes
                0x000001f4       0x34 CMakeFiles/ZeroPilot.elf.dir/Boardfiles/nucleol552zeq/Core/Src/stm32l5xx_hal_msp.c.obj
 .ARM.attributes
                0x00000228       0x34 CMakeFiles/ZeroPilot.elf.dir/Boardfiles/nucleol552zeq/Core/Src/stm32l5xx_it.c.obj
 .ARM.attributes
                0x0000025c       0x34 CMakeFiles/ZeroPilot.elf.dir/Boardfiles/nucleol552zeq/Core/Src/system_stm32l5xx.c.obj
 .ARM.attributes
                0x00000290       0x34 CMakeFiles/ZeroPilot.elf.dir/Boardfiles/nucleol552zeq/Core/Src/tim.c.obj
 .ARM.attributes
                0x000002c4       0x34 CMakeFiles/ZeroPilot.elf.dir/Boardfiles/nucleol552zeq/Core/Src/ucpd.c.obj
 .ARM.attributes
                0x000002f8       0x34 CMakeFiles/ZeroPilot.elf.dir/Boardfiles/nucleol552zeq/Core/Src/usart.c.obj
 .ARM.attributes
                0x0000032c       0x34 CMakeFiles/ZeroPilot.elf.dir/Boardfiles/nucleol552zeq/Core/Src/usb.c.obj
 .ARM.attributes
                0x00000360       0x34 CMakeFiles/ZeroPilot.elf.dir/Boardfiles/nucleol552zeq/Drivers/STM32L5xx_HAL_Driver/Src/stm32l5xx_hal.c.obj
 .ARM.attributes
                0x00000394       0x34 CMakeFiles/ZeroPilot.elf.dir/Boardfiles/nucleol552zeq/Drivers/STM32L5xx_HAL_Driver/Src/stm32l5xx_hal_adc.c.obj
 .ARM.attributes
                0x000003c8       0x34 CMakeFiles/ZeroPilot.elf.dir/Boardfiles/nucleol552zeq/Drivers/STM32L5xx_HAL_Driver/Src/stm32l5xx_hal_adc_ex.c.obj
 .ARM.attributes
                0x000003fc       0x34 CMakeFiles/ZeroPilot.elf.dir/Boardfiles/nucleol552zeq/Drivers/STM32L5xx_HAL_Driver/Src/stm32l5xx_hal_cortex.c.obj
 .ARM.attributes
                0x00000430       0x34 CMakeFiles/ZeroPilot.elf.dir/Boardfiles/nucleol552zeq/Drivers/STM32L5xx_HAL_Driver/Src/stm32l5xx_hal_dma.c.obj
 .ARM.attributes
                0x00000464       0x34 CMakeFiles/ZeroPilot.elf.dir/Boardfiles/nucleol552zeq/Drivers/STM32L5xx_HAL_Driver/Src/stm32l5xx_hal_gpio.c.obj
 .ARM.attributes
                0x00000498       0x34 CMakeFiles/ZeroPilot.elf.dir/Boardfiles/nucleol552zeq/Drivers/STM32L5xx_HAL_Driver/Src/stm32l5xx_hal_i2c.c.obj
 .ARM.attributes
                0x000004cc       0x34 CMakeFiles/ZeroPilot.elf.dir/Boardfiles/nucleol552zeq/Drivers/STM32L5xx_HAL_Driver/Src/stm32l5xx_hal_i2c_ex.c.obj
 .ARM.attributes
                0x00000500       0x34 CMakeFiles/ZeroPilot.elf.dir/Boardfiles/nucleol552zeq/Drivers/STM32L5xx_HAL_Driver/Src/stm32l5xx_hal_icache.c.obj
 .ARM.attributes
                0x00000534       0x34 CMakeFiles/ZeroPilot.elf.dir/Boardfiles/nucleol552zeq/Drivers/STM32L5xx_HAL_Driver/Src/stm32l5xx_hal_pcd.c.obj
 .ARM.attributes
                0x00000568       0x34 CMakeFiles/ZeroPilot.elf.dir/Boardfiles/nucleol552zeq/Drivers/STM32L5xx_HAL_Driver/Src/stm32l5xx_hal_pcd_ex.c.obj
 .ARM.attributes
                0x0000059c       0x34 CMakeFiles/ZeroPilot.elf.dir/Boardfiles/nucleol552zeq/Drivers/STM32L5xx_HAL_Driver/Src/stm32l5xx_hal_pwr.c.obj
 .ARM.attributes
                0x000005d0       0x34 CMakeFiles/ZeroPilot.elf.dir/Boardfiles/nucleol552zeq/Drivers/STM32L5xx_HAL_Driver/Src/stm32l5xx_hal_pwr_ex.c.obj
 .ARM.attributes
                0x00000604       0x34 CMakeFiles/ZeroPilot.elf.dir/Boardfiles/nucleol552zeq/Drivers/STM32L5xx_HAL_Driver/Src/stm32l5xx_hal_rcc.c.obj
 .ARM.attributes
                0x00000638       0x34 CMakeFiles/ZeroPilot.elf.dir/Boardfiles/nucleol552zeq/Drivers/STM32L5xx_HAL_Driver/Src/stm32l5xx_hal_rcc_ex.c.obj
 .ARM.attributes
                0x0000066c       0x34 CMakeFiles/ZeroPilot.elf.dir/Boardfiles/nucleol552zeq/Drivers/STM32L5xx_HAL_Driver/Src/stm32l5xx_hal_rtc.c.obj
 .ARM.attributes
                0x000006a0       0x34 CMakeFiles/ZeroPilot.elf.dir/Boardfiles/nucleol552zeq/Drivers/STM32L5xx_HAL_Driver/Src/stm32l5xx_hal_rtc_ex.c.obj
 .ARM.attributes
                0x000006d4       0x34 CMakeFiles/ZeroPilot.elf.dir/Boardfiles/nucleol552zeq/Drivers/STM32L5xx_HAL_Driver/Src/stm32l5xx_hal_spi.c.obj
 .ARM.attributes
                0x00000708       0x34 CMakeFiles/ZeroPilot.elf.dir/Boardfiles/nucleol552zeq/Drivers/STM32L5xx_HAL_Driver/Src/stm32l5xx_hal_tim.c.obj
 .ARM.attributes
                0x0000073c       0x34 CMakeFiles/ZeroPilot.elf.dir/Boardfiles/nucleol552zeq/Drivers/STM32L5xx_HAL_Driver/Src/stm32l5xx_hal_tim_ex.c.obj
 .ARM.attributes
                0x00000770       0x34 CMakeFiles/ZeroPilot.elf.dir/Boardfiles/nucleol552zeq/Drivers/STM32L5xx_HAL_Driver/Src/stm32l5xx_hal_uart.c.obj
 .ARM.attributes
                0x000007a4       0x34 CMakeFiles/ZeroPilot.elf.dir/Boardfiles/nucleol552zeq/Drivers/STM32L5xx_HAL_Driver/Src/stm32l5xx_hal_uart_ex.c.obj
 .ARM.attributes
                0x000007d8       0x34 CMakeFiles/ZeroPilot.elf.dir/Boardfiles/nucleol552zeq/Drivers/STM32L5xx_HAL_Driver/Src/stm32l5xx_ll_gpio.c.obj
 .ARM.attributes
                0x0000080c       0x34 CMakeFiles/ZeroPilot.elf.dir/Boardfiles/nucleol552zeq/Drivers/STM32L5xx_HAL_Driver/Src/stm32l5xx_ll_usb.c.obj
 .ARM.attributes
                0x00000840       0x34 CMakeFiles/ZeroPilot.elf.dir/Drivers/SensorFusion/Src/SensorFusion.cpp.obj
 .ARM.attributes
                0x00000874       0x34 CMakeFiles/ZeroPilot.elf.dir/Drivers/SensorFusion/Src/sensorFusionInterface.cpp.obj
 .ARM.attributes
                0x000008a8       0x24 CMakeFiles/ZeroPilot.elf.dir/Boardfiles/nucleol552zeq/Core/Startup/startup_stm32l552zetxq.s.obj
 .ARM.attributes
                0x000008cc       0x22 c:/program files (x86)/gnu arm embedded toolchain/10 2021.10/bin/../lib/gcc/arm-none-eabi/10.3.1/thumb/v8-m.main/nofp\libgcc.a(_aeabi_uldivmod.o)
 .ARM.attributes
                0x000008ee       0x32 c:/program files (x86)/gnu arm embedded toolchain/10 2021.10/bin/../lib/gcc/arm-none-eabi/10.3.1/thumb/v8-m.main/nofp\libgcc.a(_udivmoddi4.o)
 .ARM.attributes
                0x00000920       0x22 c:/program files (x86)/gnu arm embedded toolchain/10 2021.10/bin/../lib/gcc/arm-none-eabi/10.3.1/thumb/v8-m.main/nofp\libgcc.a(_dvmd_tls.o)
 .ARM.attributes
                0x00000942       0x32 c:/program files (x86)/gnu arm embedded toolchain/10 2021.10/bin/../lib/gcc/arm-none-eabi/10.3.1/../../../../arm-none-eabi/lib/thumb/v8-m.main/nofp\libg_nano.a(lib_a-init.o)
 .ARM.attributes
                0x00000974       0x32 c:/program files (x86)/gnu arm embedded toolchain/10 2021.10/bin/../lib/gcc/arm-none-eabi/10.3.1/../../../../arm-none-eabi/lib/thumb/v8-m.main/nofp\libg_nano.a(lib_a-memcpy-stub.o)
 .ARM.attributes
                0x000009a6       0x32 c:/program files (x86)/gnu arm embedded toolchain/10 2021.10/bin/../lib/gcc/arm-none-eabi/10.3.1/../../../../arm-none-eabi/lib/thumb/v8-m.main/nofp\libg_nano.a(lib_a-memset.o)
 .ARM.attributes
                0x000009d8       0x22 c:/program files (x86)/gnu arm embedded toolchain/10 2021.10/bin/../lib/gcc/arm-none-eabi/10.3.1/thumb/v8-m.main/nofp/crtn.o
OUTPUT(ZeroPilot.elf elf32-littlearm)
LOAD linker stubs
LOAD c:/program files (x86)/gnu arm embedded toolchain/10 2021.10/bin/../lib/gcc/arm-none-eabi/10.3.1/../../../../arm-none-eabi/lib/thumb/v8-m.main/nofp\libc.a
LOAD c:/program files (x86)/gnu arm embedded toolchain/10 2021.10/bin/../lib/gcc/arm-none-eabi/10.3.1/../../../../arm-none-eabi/lib/thumb/v8-m.main/nofp\libm.a
LOAD c:/program files (x86)/gnu arm embedded toolchain/10 2021.10/bin/../lib/gcc/arm-none-eabi/10.3.1/thumb/v8-m.main/nofp\libgcc.a

.debug_info     0x00000000    0x2d82e
 .debug_info    0x00000000     0x10d3 CMakeFiles/ZeroPilot.elf.dir/Boardfiles/nucleol552zeq/Core/Src/adc.c.obj
 .debug_info    0x000010d3      0x6e1 CMakeFiles/ZeroPilot.elf.dir/Boardfiles/nucleol552zeq/Core/Src/dma.c.obj
 .debug_info    0x000017b4      0x61f CMakeFiles/ZeroPilot.elf.dir/Boardfiles/nucleol552zeq/Core/Src/gpio.c.obj
 .debug_info    0x00001dd3      0xf44 CMakeFiles/ZeroPilot.elf.dir/Boardfiles/nucleol552zeq/Core/Src/i2c.c.obj
 .debug_info    0x00002d17       0xf0 CMakeFiles/ZeroPilot.elf.dir/Boardfiles/nucleol552zeq/Core/Src/icache.c.obj
 .debug_info    0x00002e07      0x836 CMakeFiles/ZeroPilot.elf.dir/Boardfiles/nucleol552zeq/Core/Src/main.c.obj
 .debug_info    0x0000363d      0x9ef CMakeFiles/ZeroPilot.elf.dir/Boardfiles/nucleol552zeq/Core/Src/rtc.c.obj
 .debug_info    0x0000402c      0xcc2 CMakeFiles/ZeroPilot.elf.dir/Boardfiles/nucleol552zeq/Core/Src/spi.c.obj
 .debug_info    0x00004cee      0x420 CMakeFiles/ZeroPilot.elf.dir/Boardfiles/nucleol552zeq/Core/Src/stm32l5xx_hal_msp.c.obj
 .debug_info    0x0000510e      0x900 CMakeFiles/ZeroPilot.elf.dir/Boardfiles/nucleol552zeq/Core/Src/stm32l5xx_it.c.obj
 .debug_info    0x00005a0e      0x4df CMakeFiles/ZeroPilot.elf.dir/Boardfiles/nucleol552zeq/Core/Src/system_stm32l5xx.c.obj
 .debug_info    0x00005eed     0x1409 CMakeFiles/ZeroPilot.elf.dir/Boardfiles/nucleol552zeq/Core/Src/tim.c.obj
 .debug_info    0x000072f6      0x5a2 CMakeFiles/ZeroPilot.elf.dir/Boardfiles/nucleol552zeq/Core/Src/ucpd.c.obj
 .debug_info    0x00007898     0x1155 CMakeFiles/ZeroPilot.elf.dir/Boardfiles/nucleol552zeq/Core/Src/usart.c.obj
 .debug_info    0x000089ed      0xd63 CMakeFiles/ZeroPilot.elf.dir/Boardfiles/nucleol552zeq/Core/Src/usb.c.obj
 .debug_info    0x00009750      0xce6 CMakeFiles/ZeroPilot.elf.dir/Boardfiles/nucleol552zeq/Drivers/STM32L5xx_HAL_Driver/Src/stm32l5xx_hal.c.obj
 .debug_info    0x0000a436     0x1f79 CMakeFiles/ZeroPilot.elf.dir/Boardfiles/nucleol552zeq/Drivers/STM32L5xx_HAL_Driver/Src/stm32l5xx_hal_adc.c.obj
 .debug_info    0x0000c3af     0x1cd3 CMakeFiles/ZeroPilot.elf.dir/Boardfiles/nucleol552zeq/Drivers/STM32L5xx_HAL_Driver/Src/stm32l5xx_hal_adc_ex.c.obj
 .debug_info    0x0000e082     0x1173 CMakeFiles/ZeroPilot.elf.dir/Boardfiles/nucleol552zeq/Drivers/STM32L5xx_HAL_Driver/Src/stm32l5xx_hal_cortex.c.obj
 .debug_info    0x0000f1f5      0x9af CMakeFiles/ZeroPilot.elf.dir/Boardfiles/nucleol552zeq/Drivers/STM32L5xx_HAL_Driver/Src/stm32l5xx_hal_dma.c.obj
 .debug_info    0x0000fba4      0x651 CMakeFiles/ZeroPilot.elf.dir/Boardfiles/nucleol552zeq/Drivers/STM32L5xx_HAL_Driver/Src/stm32l5xx_hal_gpio.c.obj
 .debug_info    0x000101f5     0x234f CMakeFiles/ZeroPilot.elf.dir/Boardfiles/nucleol552zeq/Drivers/STM32L5xx_HAL_Driver/Src/stm32l5xx_hal_i2c.c.obj
 .debug_info    0x00012544      0xc8c CMakeFiles/ZeroPilot.elf.dir/Boardfiles/nucleol552zeq/Drivers/STM32L5xx_HAL_Driver/Src/stm32l5xx_hal_i2c_ex.c.obj
 .debug_info    0x000131d0      0x511 CMakeFiles/ZeroPilot.elf.dir/Boardfiles/nucleol552zeq/Drivers/STM32L5xx_HAL_Driver/Src/stm32l5xx_hal_icache.c.obj
 .debug_info    0x000136e1     0x1501 CMakeFiles/ZeroPilot.elf.dir/Boardfiles/nucleol552zeq/Drivers/STM32L5xx_HAL_Driver/Src/stm32l5xx_hal_pcd.c.obj
 .debug_info    0x00014be2      0x85e CMakeFiles/ZeroPilot.elf.dir/Boardfiles/nucleol552zeq/Drivers/STM32L5xx_HAL_Driver/Src/stm32l5xx_hal_pcd_ex.c.obj
 .debug_info    0x00015440      0xcd2 CMakeFiles/ZeroPilot.elf.dir/Boardfiles/nucleol552zeq/Drivers/STM32L5xx_HAL_Driver/Src/stm32l5xx_hal_pwr.c.obj
 .debug_info    0x00016112      0xdec CMakeFiles/ZeroPilot.elf.dir/Boardfiles/nucleol552zeq/Drivers/STM32L5xx_HAL_Driver/Src/stm32l5xx_hal_pwr_ex.c.obj
 .debug_info    0x00016efe     0x102a CMakeFiles/ZeroPilot.elf.dir/Boardfiles/nucleol552zeq/Drivers/STM32L5xx_HAL_Driver/Src/stm32l5xx_hal_rcc.c.obj
 .debug_info    0x00017f28     0x11ac CMakeFiles/ZeroPilot.elf.dir/Boardfiles/nucleol552zeq/Drivers/STM32L5xx_HAL_Driver/Src/stm32l5xx_hal_rcc_ex.c.obj
 .debug_info    0x000190d4     0x1055 CMakeFiles/ZeroPilot.elf.dir/Boardfiles/nucleol552zeq/Drivers/STM32L5xx_HAL_Driver/Src/stm32l5xx_hal_rtc.c.obj
 .debug_info    0x0001a129     0x1b2e CMakeFiles/ZeroPilot.elf.dir/Boardfiles/nucleol552zeq/Drivers/STM32L5xx_HAL_Driver/Src/stm32l5xx_hal_rtc_ex.c.obj
 .debug_info    0x0001bc57     0x185f CMakeFiles/ZeroPilot.elf.dir/Boardfiles/nucleol552zeq/Drivers/STM32L5xx_HAL_Driver/Src/stm32l5xx_hal_spi.c.obj
 .debug_info    0x0001d4b6     0x2da6 CMakeFiles/ZeroPilot.elf.dir/Boardfiles/nucleol552zeq/Drivers/STM32L5xx_HAL_Driver/Src/stm32l5xx_hal_tim.c.obj
 .debug_info    0x0002025c     0x18c9 CMakeFiles/ZeroPilot.elf.dir/Boardfiles/nucleol552zeq/Drivers/STM32L5xx_HAL_Driver/Src/stm32l5xx_hal_tim_ex.c.obj
 .debug_info    0x00021b25     0x4ac9 CMakeFiles/ZeroPilot.elf.dir/Boardfiles/nucleol552zeq/Drivers/STM32L5xx_HAL_Driver/Src/stm32l5xx_hal_uart.c.obj
 .debug_info    0x000265ee      0xfca CMakeFiles/ZeroPilot.elf.dir/Boardfiles/nucleol552zeq/Drivers/STM32L5xx_HAL_Driver/Src/stm32l5xx_hal_uart_ex.c.obj
 .debug_info    0x000275b8      0xae1 CMakeFiles/ZeroPilot.elf.dir/Boardfiles/nucleol552zeq/Drivers/STM32L5xx_HAL_Driver/Src/stm32l5xx_ll_gpio.c.obj
 .debug_info    0x00028099     0x1725 CMakeFiles/ZeroPilot.elf.dir/Boardfiles/nucleol552zeq/Drivers/STM32L5xx_HAL_Driver/Src/stm32l5xx_ll_usb.c.obj
 .debug_info    0x000297be     0x20c4 CMakeFiles/ZeroPilot.elf.dir/Drivers/SensorFusion/Src/SensorFusion.cpp.obj
 .debug_info    0x0002b882     0x1f8a CMakeFiles/ZeroPilot.elf.dir/Drivers/SensorFusion/Src/sensorFusionInterface.cpp.obj
 .debug_info    0x0002d80c       0x22 CMakeFiles/ZeroPilot.elf.dir/Boardfiles/nucleol552zeq/Core/Startup/startup_stm32l552zetxq.s.obj

.debug_abbrev   0x00000000     0x513f
 .debug_abbrev  0x00000000      0x1c5 CMakeFiles/ZeroPilot.elf.dir/Boardfiles/nucleol552zeq/Core/Src/adc.c.obj
 .debug_abbrev  0x000001c5      0x10e CMakeFiles/ZeroPilot.elf.dir/Boardfiles/nucleol552zeq/Core/Src/dma.c.obj
 .debug_abbrev  0x000002d3      0x145 CMakeFiles/ZeroPilot.elf.dir/Boardfiles/nucleol552zeq/Core/Src/gpio.c.obj
 .debug_abbrev  0x00000418      0x1d0 CMakeFiles/ZeroPilot.elf.dir/Boardfiles/nucleol552zeq/Core/Src/i2c.c.obj
 .debug_abbrev  0x000005e8       0x99 CMakeFiles/ZeroPilot.elf.dir/Boardfiles/nucleol552zeq/Core/Src/icache.c.obj
 .debug_abbrev  0x00000681      0x1a2 CMakeFiles/ZeroPilot.elf.dir/Boardfiles/nucleol552zeq/Core/Src/main.c.obj
 .debug_abbrev  0x00000823      0x19d CMakeFiles/ZeroPilot.elf.dir/Boardfiles/nucleol552zeq/Core/Src/rtc.c.obj
 .debug_abbrev  0x000009c0      0x1c5 CMakeFiles/ZeroPilot.elf.dir/Boardfiles/nucleol552zeq/Core/Src/spi.c.obj
 .debug_abbrev  0x00000b85       0xe9 CMakeFiles/ZeroPilot.elf.dir/Boardfiles/nucleol552zeq/Core/Src/stm32l5xx_hal_msp.c.obj
 .debug_abbrev  0x00000c6e      0x171 CMakeFiles/ZeroPilot.elf.dir/Boardfiles/nucleol552zeq/Core/Src/stm32l5xx_it.c.obj
 .debug_abbrev  0x00000ddf      0x124 CMakeFiles/ZeroPilot.elf.dir/Boardfiles/nucleol552zeq/Core/Src/system_stm32l5xx.c.obj
 .debug_abbrev  0x00000f03      0x24e CMakeFiles/ZeroPilot.elf.dir/Boardfiles/nucleol552zeq/Core/Src/tim.c.obj
 .debug_abbrev  0x00001151      0x16b CMakeFiles/ZeroPilot.elf.dir/Boardfiles/nucleol552zeq/Core/Src/ucpd.c.obj
 .debug_abbrev  0x000012bc      0x203 CMakeFiles/ZeroPilot.elf.dir/Boardfiles/nucleol552zeq/Core/Src/usart.c.obj
 .debug_abbrev  0x000014bf      0x1c4 CMakeFiles/ZeroPilot.elf.dir/Boardfiles/nucleol552zeq/Core/Src/usb.c.obj
 .debug_abbrev  0x00001683      0x27a CMakeFiles/ZeroPilot.elf.dir/Boardfiles/nucleol552zeq/Drivers/STM32L5xx_HAL_Driver/Src/stm32l5xx_hal.c.obj
 .debug_abbrev  0x000018fd      0x272 CMakeFiles/ZeroPilot.elf.dir/Boardfiles/nucleol552zeq/Drivers/STM32L5xx_HAL_Driver/Src/stm32l5xx_hal_adc.c.obj
 .debug_abbrev  0x00001b6f      0x296 CMakeFiles/ZeroPilot.elf.dir/Boardfiles/nucleol552zeq/Drivers/STM32L5xx_HAL_Driver/Src/stm32l5xx_hal_adc_ex.c.obj
 .debug_abbrev  0x00001e05      0x31a CMakeFiles/ZeroPilot.elf.dir/Boardfiles/nucleol552zeq/Drivers/STM32L5xx_HAL_Driver/Src/stm32l5xx_hal_cortex.c.obj
 .debug_abbrev  0x0000211f      0x1d0 CMakeFiles/ZeroPilot.elf.dir/Boardfiles/nucleol552zeq/Drivers/STM32L5xx_HAL_Driver/Src/stm32l5xx_hal_dma.c.obj
 .debug_abbrev  0x000022ef      0x1af CMakeFiles/ZeroPilot.elf.dir/Boardfiles/nucleol552zeq/Drivers/STM32L5xx_HAL_Driver/Src/stm32l5xx_hal_gpio.c.obj
 .debug_abbrev  0x0000249e      0x214 CMakeFiles/ZeroPilot.elf.dir/Boardfiles/nucleol552zeq/Drivers/STM32L5xx_HAL_Driver/Src/stm32l5xx_hal_i2c.c.obj
 .debug_abbrev  0x000026b2      0x1cd CMakeFiles/ZeroPilot.elf.dir/Boardfiles/nucleol552zeq/Drivers/STM32L5xx_HAL_Driver/Src/stm32l5xx_hal_i2c_ex.c.obj
 .debug_abbrev  0x0000287f      0x206 CMakeFiles/ZeroPilot.elf.dir/Boardfiles/nucleol552zeq/Drivers/STM32L5xx_HAL_Driver/Src/stm32l5xx_hal_icache.c.obj
 .debug_abbrev  0x00002a85      0x26e CMakeFiles/ZeroPilot.elf.dir/Boardfiles/nucleol552zeq/Drivers/STM32L5xx_HAL_Driver/Src/stm32l5xx_hal_pcd.c.obj
 .debug_abbrev  0x00002cf3      0x1e9 CMakeFiles/ZeroPilot.elf.dir/Boardfiles/nucleol552zeq/Drivers/STM32L5xx_HAL_Driver/Src/stm32l5xx_hal_pcd_ex.c.obj
 .debug_abbrev  0x00002edc      0x1b3 CMakeFiles/ZeroPilot.elf.dir/Boardfiles/nucleol552zeq/Drivers/STM32L5xx_HAL_Driver/Src/stm32l5xx_hal_pwr.c.obj
 .debug_abbrev  0x0000308f      0x26d CMakeFiles/ZeroPilot.elf.dir/Boardfiles/nucleol552zeq/Drivers/STM32L5xx_HAL_Driver/Src/stm32l5xx_hal_pwr_ex.c.obj
 .debug_abbrev  0x000032fc      0x2a3 CMakeFiles/ZeroPilot.elf.dir/Boardfiles/nucleol552zeq/Drivers/STM32L5xx_HAL_Driver/Src/stm32l5xx_hal_rcc.c.obj
 .debug_abbrev  0x0000359f      0x272 CMakeFiles/ZeroPilot.elf.dir/Boardfiles/nucleol552zeq/Drivers/STM32L5xx_HAL_Driver/Src/stm32l5xx_hal_rcc_ex.c.obj
 .debug_abbrev  0x00003811      0x1cb CMakeFiles/ZeroPilot.elf.dir/Boardfiles/nucleol552zeq/Drivers/STM32L5xx_HAL_Driver/Src/stm32l5xx_hal_rtc.c.obj
 .debug_abbrev  0x000039dc      0x1e9 CMakeFiles/ZeroPilot.elf.dir/Boardfiles/nucleol552zeq/Drivers/STM32L5xx_HAL_Driver/Src/stm32l5xx_hal_rtc_ex.c.obj
 .debug_abbrev  0x00003bc5      0x225 CMakeFiles/ZeroPilot.elf.dir/Boardfiles/nucleol552zeq/Drivers/STM32L5xx_HAL_Driver/Src/stm32l5xx_hal_spi.c.obj
 .debug_abbrev  0x00003dea      0x235 CMakeFiles/ZeroPilot.elf.dir/Boardfiles/nucleol552zeq/Drivers/STM32L5xx_HAL_Driver/Src/stm32l5xx_hal_tim.c.obj
 .debug_abbrev  0x0000401f      0x23d CMakeFiles/ZeroPilot.elf.dir/Boardfiles/nucleol552zeq/Drivers/STM32L5xx_HAL_Driver/Src/stm32l5xx_hal_tim_ex.c.obj
 .debug_abbrev  0x0000425c      0x2cc CMakeFiles/ZeroPilot.elf.dir/Boardfiles/nucleol552zeq/Drivers/STM32L5xx_HAL_Driver/Src/stm32l5xx_hal_uart.c.obj
 .debug_abbrev  0x00004528      0x279 CMakeFiles/ZeroPilot.elf.dir/Boardfiles/nucleol552zeq/Drivers/STM32L5xx_HAL_Driver/Src/stm32l5xx_hal_uart_ex.c.obj
 .debug_abbrev  0x000047a1      0x240 CMakeFiles/ZeroPilot.elf.dir/Boardfiles/nucleol552zeq/Drivers/STM32L5xx_HAL_Driver/Src/stm32l5xx_ll_gpio.c.obj
 .debug_abbrev  0x000049e1      0x22c CMakeFiles/ZeroPilot.elf.dir/Boardfiles/nucleol552zeq/Drivers/STM32L5xx_HAL_Driver/Src/stm32l5xx_ll_usb.c.obj
 .debug_abbrev  0x00004c0d      0x2cb CMakeFiles/ZeroPilot.elf.dir/Drivers/SensorFusion/Src/SensorFusion.cpp.obj
 .debug_abbrev  0x00004ed8      0x255 CMakeFiles/ZeroPilot.elf.dir/Drivers/SensorFusion/Src/sensorFusionInterface.cpp.obj
 .debug_abbrev  0x0000512d       0x12 CMakeFiles/ZeroPilot.elf.dir/Boardfiles/nucleol552zeq/Core/Startup/startup_stm32l552zetxq.s.obj

.debug_aranges  0x00000000     0x22b0
 .debug_aranges
                0x00000000       0x30 CMakeFiles/ZeroPilot.elf.dir/Boardfiles/nucleol552zeq/Core/Src/adc.c.obj
 .debug_aranges
                0x00000030       0x20 CMakeFiles/ZeroPilot.elf.dir/Boardfiles/nucleol552zeq/Core/Src/dma.c.obj
 .debug_aranges
                0x00000050       0x20 CMakeFiles/ZeroPilot.elf.dir/Boardfiles/nucleol552zeq/Core/Src/gpio.c.obj
 .debug_aranges
                0x00000070       0x38 CMakeFiles/ZeroPilot.elf.dir/Boardfiles/nucleol552zeq/Core/Src/i2c.c.obj
 .debug_aranges
                0x000000a8       0x20 CMakeFiles/ZeroPilot.elf.dir/Boardfiles/nucleol552zeq/Core/Src/icache.c.obj
 .debug_aranges
                0x000000c8       0x30 CMakeFiles/ZeroPilot.elf.dir/Boardfiles/nucleol552zeq/Core/Src/main.c.obj
 .debug_aranges
                0x000000f8       0x30 CMakeFiles/ZeroPilot.elf.dir/Boardfiles/nucleol552zeq/Core/Src/rtc.c.obj
 .debug_aranges
                0x00000128       0x38 CMakeFiles/ZeroPilot.elf.dir/Boardfiles/nucleol552zeq/Core/Src/spi.c.obj
 .debug_aranges
                0x00000160       0x20 CMakeFiles/ZeroPilot.elf.dir/Boardfiles/nucleol552zeq/Core/Src/stm32l5xx_hal_msp.c.obj
 .debug_aranges
                0x00000180       0x78 CMakeFiles/ZeroPilot.elf.dir/Boardfiles/nucleol552zeq/Core/Src/stm32l5xx_it.c.obj
 .debug_aranges
                0x000001f8       0x28 CMakeFiles/ZeroPilot.elf.dir/Boardfiles/nucleol552zeq/Core/Src/system_stm32l5xx.c.obj
 .debug_aranges
                0x00000220       0x70 CMakeFiles/ZeroPilot.elf.dir/Boardfiles/nucleol552zeq/Core/Src/tim.c.obj
 .debug_aranges
                0x00000290       0x30 CMakeFiles/ZeroPilot.elf.dir/Boardfiles/nucleol552zeq/Core/Src/ucpd.c.obj
 .debug_aranges
                0x000002c0       0x50 CMakeFiles/ZeroPilot.elf.dir/Boardfiles/nucleol552zeq/Core/Src/usart.c.obj
 .debug_aranges
                0x00000310       0x30 CMakeFiles/ZeroPilot.elf.dir/Boardfiles/nucleol552zeq/Core/Src/usb.c.obj
 .debug_aranges
                0x00000340      0x130 CMakeFiles/ZeroPilot.elf.dir/Boardfiles/nucleol552zeq/Drivers/STM32L5xx_HAL_Driver/Src/stm32l5xx_hal.c.obj
 .debug_aranges
                0x00000470      0x228 CMakeFiles/ZeroPilot.elf.dir/Boardfiles/nucleol552zeq/Drivers/STM32L5xx_HAL_Driver/Src/stm32l5xx_hal_adc.c.obj
 .debug_aranges
                0x00000698      0x1b0 CMakeFiles/ZeroPilot.elf.dir/Boardfiles/nucleol552zeq/Drivers/STM32L5xx_HAL_Driver/Src/stm32l5xx_hal_adc_ex.c.obj
 .debug_aranges
                0x00000848      0x130 CMakeFiles/ZeroPilot.elf.dir/Boardfiles/nucleol552zeq/Drivers/STM32L5xx_HAL_Driver/Src/stm32l5xx_hal_cortex.c.obj
 .debug_aranges
                0x00000978       0xa0 CMakeFiles/ZeroPilot.elf.dir/Boardfiles/nucleol552zeq/Drivers/STM32L5xx_HAL_Driver/Src/stm32l5xx_hal_dma.c.obj
 .debug_aranges
                0x00000a18       0x60 CMakeFiles/ZeroPilot.elf.dir/Boardfiles/nucleol552zeq/Drivers/STM32L5xx_HAL_Driver/Src/stm32l5xx_hal_gpio.c.obj
 .debug_aranges
                0x00000a78      0x2a0 CMakeFiles/ZeroPilot.elf.dir/Boardfiles/nucleol552zeq/Drivers/STM32L5xx_HAL_Driver/Src/stm32l5xx_hal_i2c.c.obj
 .debug_aranges
                0x00000d18       0x48 CMakeFiles/ZeroPilot.elf.dir/Boardfiles/nucleol552zeq/Drivers/STM32L5xx_HAL_Driver/Src/stm32l5xx_hal_i2c_ex.c.obj
 .debug_aranges
                0x00000d60       0xa8 CMakeFiles/ZeroPilot.elf.dir/Boardfiles/nucleol552zeq/Drivers/STM32L5xx_HAL_Driver/Src/stm32l5xx_hal_icache.c.obj
 .debug_aranges
                0x00000e08      0x138 CMakeFiles/ZeroPilot.elf.dir/Boardfiles/nucleol552zeq/Drivers/STM32L5xx_HAL_Driver/Src/stm32l5xx_hal_pcd.c.obj
 .debug_aranges
                0x00000f40       0x58 CMakeFiles/ZeroPilot.elf.dir/Boardfiles/nucleol552zeq/Drivers/STM32L5xx_HAL_Driver/Src/stm32l5xx_hal_pcd_ex.c.obj
 .debug_aranges
                0x00000f98       0xa8 CMakeFiles/ZeroPilot.elf.dir/Boardfiles/nucleol552zeq/Drivers/STM32L5xx_HAL_Driver/Src/stm32l5xx_hal_pwr.c.obj
 .debug_aranges
                0x00001040      0x1b8 CMakeFiles/ZeroPilot.elf.dir/Boardfiles/nucleol552zeq/Drivers/STM32L5xx_HAL_Driver/Src/stm32l5xx_hal_pwr_ex.c.obj
 .debug_aranges
                0x000011f8       0xa8 CMakeFiles/ZeroPilot.elf.dir/Boardfiles/nucleol552zeq/Drivers/STM32L5xx_HAL_Driver/Src/stm32l5xx_hal_rcc.c.obj
 .debug_aranges
                0x000012a0      0x118 CMakeFiles/ZeroPilot.elf.dir/Boardfiles/nucleol552zeq/Drivers/STM32L5xx_HAL_Driver/Src/stm32l5xx_hal_rcc_ex.c.obj
 .debug_aranges
                0x000013b8       0xe8 CMakeFiles/ZeroPilot.elf.dir/Boardfiles/nucleol552zeq/Drivers/STM32L5xx_HAL_Driver/Src/stm32l5xx_hal_rtc.c.obj
 .debug_aranges
                0x000014a0      0x220 CMakeFiles/ZeroPilot.elf.dir/Boardfiles/nucleol552zeq/Drivers/STM32L5xx_HAL_Driver/Src/stm32l5xx_hal_rtc_ex.c.obj
 .debug_aranges
                0x000016c0      0x1d8 CMakeFiles/ZeroPilot.elf.dir/Boardfiles/nucleol552zeq/Drivers/STM32L5xx_HAL_Driver/Src/stm32l5xx_hal_spi.c.obj
 .debug_aranges
                0x00001898      0x3e0 CMakeFiles/ZeroPilot.elf.dir/Boardfiles/nucleol552zeq/Drivers/STM32L5xx_HAL_Driver/Src/stm32l5xx_hal_tim.c.obj
 .debug_aranges
                0x00001c78      0x190 CMakeFiles/ZeroPilot.elf.dir/Boardfiles/nucleol552zeq/Drivers/STM32L5xx_HAL_Driver/Src/stm32l5xx_hal_tim_ex.c.obj
 .debug_aranges
                0x00001e08      0x248 CMakeFiles/ZeroPilot.elf.dir/Boardfiles/nucleol552zeq/Drivers/STM32L5xx_HAL_Driver/Src/stm32l5xx_hal_uart.c.obj
 .debug_aranges
                0x00002050       0xa8 CMakeFiles/ZeroPilot.elf.dir/Boardfiles/nucleol552zeq/Drivers/STM32L5xx_HAL_Driver/Src/stm32l5xx_hal_uart_ex.c.obj
 .debug_aranges
                0x000020f8       0x70 CMakeFiles/ZeroPilot.elf.dir/Boardfiles/nucleol552zeq/Drivers/STM32L5xx_HAL_Driver/Src/stm32l5xx_ll_gpio.c.obj
 .debug_aranges
                0x00002168       0xb8 CMakeFiles/ZeroPilot.elf.dir/Boardfiles/nucleol552zeq/Drivers/STM32L5xx_HAL_Driver/Src/stm32l5xx_ll_usb.c.obj
 .debug_aranges
                0x00002220       0x38 CMakeFiles/ZeroPilot.elf.dir/Drivers/SensorFusion/Src/SensorFusion.cpp.obj
 .debug_aranges
                0x00002258       0x30 CMakeFiles/ZeroPilot.elf.dir/Drivers/SensorFusion/Src/sensorFusionInterface.cpp.obj
 .debug_aranges
                0x00002288       0x28 CMakeFiles/ZeroPilot.elf.dir/Boardfiles/nucleol552zeq/Core/Startup/startup_stm32l552zetxq.s.obj

.debug_ranges   0x00000000     0x2048
 .debug_ranges  0x00000000       0x20 CMakeFiles/ZeroPilot.elf.dir/Boardfiles/nucleol552zeq/Core/Src/adc.c.obj
 .debug_ranges  0x00000020       0x10 CMakeFiles/ZeroPilot.elf.dir/Boardfiles/nucleol552zeq/Core/Src/dma.c.obj
 .debug_ranges  0x00000030       0x10 CMakeFiles/ZeroPilot.elf.dir/Boardfiles/nucleol552zeq/Core/Src/gpio.c.obj
 .debug_ranges  0x00000040       0x28 CMakeFiles/ZeroPilot.elf.dir/Boardfiles/nucleol552zeq/Core/Src/i2c.c.obj
 .debug_ranges  0x00000068       0x10 CMakeFiles/ZeroPilot.elf.dir/Boardfiles/nucleol552zeq/Core/Src/icache.c.obj
 .debug_ranges  0x00000078       0x20 CMakeFiles/ZeroPilot.elf.dir/Boardfiles/nucleol552zeq/Core/Src/main.c.obj
 .debug_ranges  0x00000098       0x20 CMakeFiles/ZeroPilot.elf.dir/Boardfiles/nucleol552zeq/Core/Src/rtc.c.obj
 .debug_ranges  0x000000b8       0x28 CMakeFiles/ZeroPilot.elf.dir/Boardfiles/nucleol552zeq/Core/Src/spi.c.obj
 .debug_ranges  0x000000e0       0x10 CMakeFiles/ZeroPilot.elf.dir/Boardfiles/nucleol552zeq/Core/Src/stm32l5xx_hal_msp.c.obj
 .debug_ranges  0x000000f0       0x68 CMakeFiles/ZeroPilot.elf.dir/Boardfiles/nucleol552zeq/Core/Src/stm32l5xx_it.c.obj
 .debug_ranges  0x00000158       0x18 CMakeFiles/ZeroPilot.elf.dir/Boardfiles/nucleol552zeq/Core/Src/system_stm32l5xx.c.obj
 .debug_ranges  0x00000170       0x60 CMakeFiles/ZeroPilot.elf.dir/Boardfiles/nucleol552zeq/Core/Src/tim.c.obj
 .debug_ranges  0x000001d0       0x20 CMakeFiles/ZeroPilot.elf.dir/Boardfiles/nucleol552zeq/Core/Src/ucpd.c.obj
 .debug_ranges  0x000001f0       0x40 CMakeFiles/ZeroPilot.elf.dir/Boardfiles/nucleol552zeq/Core/Src/usart.c.obj