Archive member included to satisfy reference by file (symbol)

c:/users/chris/appdata/roaming/xpacks/@xpack-dev-tools/arm-none-eabi-gcc/10.3.1-2.3.1/.content/bin/../lib/gcc/arm-none-eabi/10.3.1/thumb/v8-m.main/nofp\libgcc.a(_aeabi_uldivmod.o)
                              CMakeFiles/ZeroPilot.elf.dir/Boardfiles/nucleol552zeq/Drivers/STM32L5xx_HAL_Driver/Src/stm32l5xx_hal_uart.c.obj (__aeabi_uldivmod)
c:/users/chris/appdata/roaming/xpacks/@xpack-dev-tools/arm-none-eabi-gcc/10.3.1-2.3.1/.content/bin/../lib/gcc/arm-none-eabi/10.3.1/thumb/v8-m.main/nofp\libgcc.a(_udivmoddi4.o)
                              c:/users/chris/appdata/roaming/xpacks/@xpack-dev-tools/arm-none-eabi-gcc/10.3.1-2.3.1/.content/bin/../lib/gcc/arm-none-eabi/10.3.1/thumb/v8-m.main/nofp\libgcc.a(_aeabi_uldivmod.o) (__udivmoddi4)
c:/users/chris/appdata/roaming/xpacks/@xpack-dev-tools/arm-none-eabi-gcc/10.3.1-2.3.1/.content/bin/../lib/gcc/arm-none-eabi/10.3.1/thumb/v8-m.main/nofp\libgcc.a(_dvmd_tls.o)
                              c:/users/chris/appdata/roaming/xpacks/@xpack-dev-tools/arm-none-eabi-gcc/10.3.1-2.3.1/.content/bin/../lib/gcc/arm-none-eabi/10.3.1/thumb/v8-m.main/nofp\libgcc.a(_aeabi_uldivmod.o) (__aeabi_ldiv0)
c:/users/chris/appdata/roaming/xpacks/@xpack-dev-tools/arm-none-eabi-gcc/10.3.1-2.3.1/.content/bin/../lib/gcc/arm-none-eabi/10.3.1/../../../../arm-none-eabi/lib/thumb/v8-m.main/nofp\libg_nano.a(lib_a-exit.o)
                              c:/users/chris/appdata/roaming/xpacks/@xpack-dev-tools/arm-none-eabi-gcc/10.3.1-2.3.1/.content/bin/../lib/gcc/arm-none-eabi/10.3.1/../../../../arm-none-eabi/lib/thumb/v8-m.main/nofp/crt0.o (exit)
c:/users/chris/appdata/roaming/xpacks/@xpack-dev-tools/arm-none-eabi-gcc/10.3.1-2.3.1/.content/bin/../lib/gcc/arm-none-eabi/10.3.1/../../../../arm-none-eabi/lib/thumb/v8-m.main/nofp\libg_nano.a(lib_a-impure.o)
                              c:/users/chris/appdata/roaming/xpacks/@xpack-dev-tools/arm-none-eabi-gcc/10.3.1-2.3.1/.content/bin/../lib/gcc/arm-none-eabi/10.3.1/../../../../arm-none-eabi/lib/thumb/v8-m.main/nofp\libg_nano.a(lib_a-exit.o) (_global_impure_ptr)
c:/users/chris/appdata/roaming/xpacks/@xpack-dev-tools/arm-none-eabi-gcc/10.3.1-2.3.1/.content/bin/../lib/gcc/arm-none-eabi/10.3.1/../../../../arm-none-eabi/lib/thumb/v8-m.main/nofp\libg_nano.a(lib_a-init.o)
                              c:/users/chris/appdata/roaming/xpacks/@xpack-dev-tools/arm-none-eabi-gcc/10.3.1-2.3.1/.content/bin/../lib/gcc/arm-none-eabi/10.3.1/../../../../arm-none-eabi/lib/thumb/v8-m.main/nofp/crt0.o (__libc_init_array)
c:/users/chris/appdata/roaming/xpacks/@xpack-dev-tools/arm-none-eabi-gcc/10.3.1-2.3.1/.content/bin/../lib/gcc/arm-none-eabi/10.3.1/../../../../arm-none-eabi/lib/thumb/v8-m.main/nofp\libg_nano.a(lib_a-memset.o)
                              c:/users/chris/appdata/roaming/xpacks/@xpack-dev-tools/arm-none-eabi-gcc/10.3.1-2.3.1/.content/bin/../lib/gcc/arm-none-eabi/10.3.1/../../../../arm-none-eabi/lib/thumb/v8-m.main/nofp/crt0.o (memset)
c:/users/chris/appdata/roaming/xpacks/@xpack-dev-tools/arm-none-eabi-gcc/10.3.1-2.3.1/.content/bin/../lib/gcc/arm-none-eabi/10.3.1/../../../../arm-none-eabi/lib/thumb/v8-m.main/nofp\libnosys.a(_exit.o)
                              c:/users/chris/appdata/roaming/xpacks/@xpack-dev-tools/arm-none-eabi-gcc/10.3.1-2.3.1/.content/bin/../lib/gcc/arm-none-eabi/10.3.1/../../../../arm-none-eabi/lib/thumb/v8-m.main/nofp\libg_nano.a(lib_a-exit.o) (_exit)

Discarded input sections

 .text          0x0000000000000000        0x0 c:/users/chris/appdata/roaming/xpacks/@xpack-dev-tools/arm-none-eabi-gcc/10.3.1-2.3.1/.content/bin/../lib/gcc/arm-none-eabi/10.3.1/thumb/v8-m.main/nofp/crti.o
 .data          0x0000000000000000        0x0 c:/users/chris/appdata/roaming/xpacks/@xpack-dev-tools/arm-none-eabi-gcc/10.3.1-2.3.1/.content/bin/../lib/gcc/arm-none-eabi/10.3.1/thumb/v8-m.main/nofp/crti.o
 .bss           0x0000000000000000        0x0 c:/users/chris/appdata/roaming/xpacks/@xpack-dev-tools/arm-none-eabi-gcc/10.3.1-2.3.1/.content/bin/../lib/gcc/arm-none-eabi/10.3.1/thumb/v8-m.main/nofp/crti.o
 .text          0x0000000000000000        0x0 c:/users/chris/appdata/roaming/xpacks/@xpack-dev-tools/arm-none-eabi-gcc/10.3.1-2.3.1/.content/bin/../lib/gcc/arm-none-eabi/10.3.1/thumb/v8-m.main/nofp/crtbegin.o
 .data          0x0000000000000000        0x0 c:/users/chris/appdata/roaming/xpacks/@xpack-dev-tools/arm-none-eabi-gcc/10.3.1-2.3.1/.content/bin/../lib/gcc/arm-none-eabi/10.3.1/thumb/v8-m.main/nofp/crtbegin.o
 .bss           0x0000000000000000        0x0 c:/users/chris/appdata/roaming/xpacks/@xpack-dev-tools/arm-none-eabi-gcc/10.3.1-2.3.1/.content/bin/../lib/gcc/arm-none-eabi/10.3.1/thumb/v8-m.main/nofp/crtbegin.o
 .rodata.all_implied_fbits
                0x0000000000000000       0x24 c:/users/chris/appdata/roaming/xpacks/@xpack-dev-tools/arm-none-eabi-gcc/10.3.1-2.3.1/.content/bin/../lib/gcc/arm-none-eabi/10.3.1/thumb/v8-m.main/nofp/crtbegin.o
 .data.__dso_handle
[...]
Memory Configuration

Name             Origin             Length             Attributes
RAM              0x0000000020000000 0x0000000000030000 xrw
RAM2             0x0000000020030000 0x0000000000010000 xrw
FLASH            0x0000000008000000 0x0000000000080000 xr
*default*        0x0000000000000000 0xffffffffffffffff

Linker script and memory map

LOAD c:/users/chris/appdata/roaming/xpacks/@xpack-dev-tools/arm-none-eabi-gcc/10.3.1-2.3.1/.content/bin/../lib/gcc/arm-none-eabi/10.3.1/thumb/v8-m.main/nofp/crti.o
LOAD c:/users/chris/appdata/roaming/xpacks/@xpack-dev-tools/arm-none-eabi-gcc/10.3.1-2.3.1/.content/bin/../lib/gcc/arm-none-eabi/10.3.1/thumb/v8-m.main/nofp/crtbegin.o
LOAD c:/users/chris/appdata/roaming/xpacks/@xpack-dev-tools/arm-none-eabi-gcc/10.3.1-2.3.1/.content/bin/../lib/gcc/arm-none-eabi/10.3.1/../../../../arm-none-eabi/lib/thumb/v8-m.main/nofp/crt0.o
LOAD CMakeFiles/ZeroPilot.elf.dir/Boardfiles/nucleol552zeq/Drivers/STM32L5xx_HAL_Driver/Src/stm32l5xx_hal.c.obj
LOAD CMakeFiles/ZeroPilot.elf.dir/Boardfiles/nucleol552zeq/Drivers/STM32L5xx_HAL_Driver/Src/stm32l5xx_hal_adc.c.obj
LOAD CMakeFiles/ZeroPilot.elf.dir/Boardfiles/nucleol552zeq/Drivers/STM32L5xx_HAL_Driver/Src/stm32l5xx_hal_adc_ex.c.obj
LOAD CMakeFiles/ZeroPilot.elf.dir/Boardfiles/nucleol552zeq/Drivers/STM32L5xx_HAL_Driver/Src/stm32l5xx_hal_cortex.c.obj
LOAD CMakeFiles/ZeroPilot.elf.dir/Boardfiles/nucleol552zeq/Drivers/STM32L5xx_HAL_Driver/Src/stm32l5xx_hal_dma.c.obj
LOAD CMakeFiles/ZeroPilot.elf.dir/Boardfiles/nucleol552zeq/Drivers/STM32L5xx_HAL_Driver/Src/stm32l5xx_hal_dma_ex.c.obj
LOAD CMakeFiles/ZeroPilot.elf.dir/Boardfiles/nucleol552zeq/Drivers/STM32L5xx_HAL_Driver/Src/stm32l5xx_hal_exti.c.obj
LOAD CMakeFiles/ZeroPilot.elf.dir/Boardfiles/nucleol552zeq/Drivers/STM32L5xx_HAL_Driver/Src/stm32l5xx_hal_flash.c.obj
LOAD CMakeFiles/ZeroPilot.elf.dir/Boardfiles/nucleol552zeq/Drivers/STM32L5xx_HAL_Driver/Src/stm32l5xx_hal_flash_ex.c.obj
LOAD CMakeFiles/ZeroPilot.elf.dir/Boardfiles/nucleol552zeq/Drivers/STM32L5xx_HAL_Driver/Src/stm32l5xx_hal_flash_ramfunc.c.obj
LOAD CMakeFiles/ZeroPilot.elf.dir/Boardfiles/nucleol552zeq/Drivers/STM32L5xx_HAL_Driver/Src/stm32l5xx_hal_gpio.c.obj
LOAD CMakeFiles/ZeroPilot.elf.dir/Boardfiles/nucleol552zeq/Drivers/STM32L5xx_HAL_Driver/Src/stm32l5xx_hal_i2c.c.obj
LOAD CMakeFiles/ZeroPilot.elf.dir/Boardfiles/nucleol552zeq/Drivers/STM32L5xx_HAL_Driver/Src/stm32l5xx_hal_i2c_ex.c.obj
LOAD CMakeFiles/ZeroPilot.elf.dir/Boardfiles/nucleol552zeq/Drivers/STM32L5xx_HAL_Driver/Src/stm32l5xx_hal_icache.c.obj
LOAD CMakeFiles/ZeroPilot.elf.dir/Boardfiles/nucleol552zeq/Drivers/STM32L5xx_HAL_Driver/Src/stm32l5xx_hal_pcd.c.obj
LOAD CMakeFiles/ZeroPilot.elf.dir/Boardfiles/nucleol552zeq/Drivers/STM32L5xx_HAL_Driver/Src/stm32l5xx_hal_pcd_ex.c.obj
LOAD CMakeFiles/ZeroPilot.elf.dir/Boardfiles/nucleol552zeq/Drivers/STM32L5xx_HAL_Driver/Src/stm32l5xx_hal_pwr.c.obj
LOAD CMakeFiles/ZeroPilot.elf.dir/Boardfiles/nucleol552zeq/Drivers/STM32L5xx_HAL_Driver/Src/stm32l5xx_hal_pwr_ex.c.obj
LOAD CMakeFiles/ZeroPilot.elf.dir/Boardfiles/nucleol552zeq/Drivers/STM32L5xx_HAL_Driver/Src/stm32l5xx_hal_rcc.c.obj
LOAD CMakeFiles/ZeroPilot.elf.dir/Boardfiles/nucleol552zeq/Drivers/STM32L5xx_HAL_Driver/Src/stm32l5xx_hal_rcc_ex.c.obj
LOAD CMakeFiles/ZeroPilot.elf.dir/Boardfiles/nucleol552zeq/Drivers/STM32L5xx_HAL_Driver/Src/stm32l5xx_hal_rtc.c.obj
LOAD CMakeFiles/ZeroPilot.elf.dir/Boardfiles/nucleol552zeq/Drivers/STM32L5xx_HAL_Driver/Src/stm32l5xx_hal_rtc_ex.c.obj
LOAD CMakeFiles/ZeroPilot.elf.dir/Boardfiles/nucleol552zeq/Drivers/STM32L5xx_HAL_Driver/Src/stm32l5xx_hal_spi.c.obj
LOAD CMakeFiles/ZeroPilot.elf.dir/Boardfiles/nucleol552zeq/Drivers/STM32L5xx_HAL_Driver/Src/stm32l5xx_hal_spi_ex.c.obj
LOAD CMakeFiles/ZeroPilot.elf.dir/Boardfiles/nucleol552zeq/Drivers/STM32L5xx_HAL_Driver/Src/stm32l5xx_hal_tim.c.obj
LOAD CMakeFiles/ZeroPilot.elf.dir/Boardfiles/nucleol552zeq/Drivers/STM32L5xx_HAL_Driver/Src/stm32l5xx_hal_tim_ex.c.obj
LOAD CMakeFiles/ZeroPilot.elf.dir/Boardfiles/nucleol552zeq/Drivers/STM32L5xx_HAL_Driver/Src/stm32l5xx_hal_uart.c.obj
LOAD CMakeFiles/ZeroPilot.elf.dir/Boardfiles/nucleol552zeq/Drivers/STM32L5xx_HAL_Driver/Src/stm32l5xx_hal_uart_ex.c.obj
LOAD CMakeFiles/ZeroPilot.elf.dir/Boardfiles/nucleol552zeq/Drivers/STM32L5xx_HAL_Driver/Src/stm32l5xx_ll_dma.c.obj
LOAD CMakeFiles/ZeroPilot.elf.dir/Boardfiles/nucleol552zeq/Drivers/STM32L5xx_HAL_Driver/Src/stm32l5xx_ll_exti.c.obj
LOAD CMakeFiles/ZeroPilot.elf.dir/Boardfiles/nucleol552zeq/Drivers/STM32L5xx_HAL_Driver/Src/stm32l5xx_ll_gpio.c.obj
LOAD CMakeFiles/ZeroPilot.elf.dir/Boardfiles/nucleol552zeq/Drivers/STM32L5xx_HAL_Driver/Src/stm32l5xx_ll_ucpd.c.obj
LOAD CMakeFiles/ZeroPilot.elf.dir/Boardfiles/nucleol552zeq/Drivers/STM32L5xx_HAL_Driver/Src/stm32l5xx_ll_usb.c.obj
LOAD CMakeFiles/ZeroPilot.elf.dir/Boardfiles/nucleol552zeq/Drivers/STM32L5xx_HAL_Driver/Src/stm32l5xx_ll_utils.c.obj
LOAD CMakeFiles/ZeroPilot.elf.dir/Boardfiles/nucleol552zeq/Core/Startup/startup_stm32l552zetxq.s.obj
START GROUP
LOAD c:/users/chris/appdata/roaming/xpacks/@xpack-dev-tools/arm-none-eabi-gcc/10.3.1-2.3.1/.content/bin/../lib/gcc/arm-none-eabi/10.3.1/thumb/v8-m.main/nofp\libgcc.a
LOAD c:/users/chris/appdata/roaming/xpacks/@xpack-dev-tools/arm-none-eabi-gcc/10.3.1-2.3.1/.content/bin/../lib/gcc/arm-none-eabi/10.3.1/../../../../arm-none-eabi/lib/thumb/v8-m.main/nofp\libg_nano.a
LOAD c:/users/chris/appdata/roaming/xpacks/@xpack-dev-tools/arm-none-eabi-gcc/10.3.1-2.3.1/.content/bin/../lib/gcc/arm-none-eabi/10.3.1/../../../../arm-none-eabi/lib/thumb/v8-m.main/nofp\libc_nano.a
END GROUP
START GROUP
LOAD c:/users/chris/appdata/roaming/xpacks/@xpack-dev-tools/arm-none-eabi-gcc/10.3.1-2.3.1/.content/bin/../lib/gcc/arm-none-eabi/10.3.1/thumb/v8-m.main/nofp\libgcc.a
LOAD c:/users/chris/appdata/roaming/xpacks/@xpack-dev-tools/arm-none-eabi-gcc/10.3.1-2.3.1/.content/bin/../lib/gcc/arm-none-eabi/10.3.1/../../../../arm-none-eabi/lib/thumb/v8-m.main/nofp\libc_nano.a
LOAD c:/users/chris/appdata/roaming/xpacks/@xpack-dev-tools/arm-none-eabi-gcc/10.3.1-2.3.1/.content/bin/../lib/gcc/arm-none-eabi/10.3.1/../../../../arm-none-eabi/lib/thumb/v8-m.main/nofp\libnosys.a
END GROUP
START GROUP
LOAD c:/users/chris/appdata/roaming/xpacks/@xpack-dev-tools/arm-none-eabi-gcc/10.3.1-2.3.1/.content/bin/../lib/gcc/arm-none-eabi/10.3.1/thumb/v8-m.main/nofp\libgcc.a
LOAD c:/users/chris/appdata/roaming/xpacks/@xpack-dev-tools/arm-none-eabi-gcc/10.3.1-2.3.1/.content/bin/../lib/gcc/arm-none-eabi/10.3.1/../../../../arm-none-eabi/lib/thumb/v8-m.main/nofp\libc_nano.a
LOAD c:/users/chris/appdata/roaming/xpacks/@xpack-dev-tools/arm-none-eabi-gcc/10.3.1-2.3.1/.content/bin/../lib/gcc/arm-none-eabi/10.3.1/../../../../arm-none-eabi/lib/thumb/v8-m.main/nofp\libnosys.a
END GROUP
LOAD c:/users/chris/appdata/roaming/xpacks/@xpack-dev-tools/arm-none-eabi-gcc/10.3.1-2.3.1/.content/bin/../lib/gcc/arm-none-eabi/10.3.1/thumb/v8-m.main/nofp/crtend.o
LOAD c:/users/chris/appdata/roaming/xpacks/@xpack-dev-tools/arm-none-eabi-gcc/10.3.1-2.3.1/.content/bin/../lib/gcc/arm-none-eabi/10.3.1/thumb/v8-m.main/nofp/crtn.o
                0x0000000020030000                _estack = (ORIGIN (RAM) + LENGTH (RAM))
                0x0000000000000200                _Min_Heap_Size = 0x200
                0x0000000000000400                _Min_Stack_Size = 0x400

.isr_vector     0x0000000008000000      0x1f4
                0x0000000008000000                . = ALIGN (0x4)
 *(.isr_vector)
 .isr_vector    0x0000000008000000      0x1f4 CMakeFiles/ZeroPilot.elf.dir/Boardfiles/nucleol552zeq/Core/Startup/startup_stm32l552zetxq.s.obj
                0x0000000008000000                g_pfnVectors
                0x00000000080001f4                . = ALIGN (0x4)

.text           0x00000000080001f4       0xf4
                0x00000000080001f4                . = ALIGN (0x4)
 *(.text)
 *(.text*)
 .text.__do_global_dtors_aux
                0x00000000080001f4       0x24 c:/users/chris/appdata/roaming/xpacks/@xpack-dev-tools/arm-none-eabi-gcc/10.3.1-2.3.1/.content/bin/../lib/gcc/arm-none-eabi/10.3.1/thumb/v8-m.main/nofp/crtbegin.o
 .text.frame_dummy
                0x0000000008000218       0x1c c:/users/chris/appdata/roaming/xpacks/@xpack-dev-tools/arm-none-eabi-gcc/10.3.1-2.3.1/.content/bin/../lib/gcc/arm-none-eabi/10.3.1/thumb/v8-m.main/nofp/crtbegin.o
 .text.Reset_Handler
                0x0000000008000234       0x50 CMakeFiles/ZeroPilot.elf.dir/Boardfiles/nucleol552zeq/Core/Startup/startup_stm32l552zetxq.s.obj
                0x0000000008000234                Reset_Handler
 .text.Default_Handler
                0x0000000008000284        0x2 CMakeFiles/ZeroPilot.elf.dir/Boardfiles/nucleol552zeq/Core/Startup/startup_stm32l552zetxq.s.obj
                0x0000000008000284                EXTI2_IRQHandler
                0x0000000008000284                TIM8_TRG_COM_IRQHandler
                0x0000000008000284                TIM8_CC_IRQHandler
                0x0000000008000284                EXTI5_IRQHandler
                0x0000000008000284                DebugMon_Handler
                0x0000000008000284                FLASH_S_IRQHandler
                0x0000000008000284                EXTI13_IRQHandler
                0x0000000008000284                TIM1_CC_IRQHandler
                0x0000000008000284                TSC_IRQHandler
                0x0000000008000284                HardFault_Handler
                0x0000000008000284                TAMP_IRQHandler
                0x0000000008000284                TIM6_IRQHandler
                0x0000000008000284                EXTI12_IRQHandler
                0x0000000008000284                SysTick_Handler
                0x0000000008000284                PendSV_Handler
                0x0000000008000284                DMA2_Channel8_IRQHandler
                0x0000000008000284                NMI_Handler
                0x0000000008000284                EXTI3_IRQHandler
                0x0000000008000284                EXTI8_IRQHandler
                0x0000000008000284                LPTIM2_IRQHandler
                0x0000000008000284                DFSDM1_FLT1_IRQHandler
                0x0000000008000284                USB_FS_IRQHandler
                0x0000000008000284                I2C3_ER_IRQHandler
                0x0000000008000284                DFSDM1_FLT2_IRQHandler
                0x0000000008000284                DMAMUX1_IRQHandler
                0x0000000008000284                LPTIM3_IRQHandler
                0x0000000008000284                EXTI0_IRQHandler
                0x0000000008000284                I2C2_EV_IRQHandler
                0x0000000008000284                FPU_IRQHandler
                0x0000000008000284                FDCAN1_IT1_IRQHandler
                0x0000000008000284                UsageFault_Handler
                0x0000000008000284                ADC1_2_IRQHandler
                0x0000000008000284                SPI1_IRQHandler
                0x0000000008000284                OCTOSPI1_IRQHandler
                0x0000000008000284                TIM8_UP_IRQHandler
                0x0000000008000284                RCC_S_IRQHandler
                0x0000000008000284                DMA2_Channel2_IRQHandler
                0x0000000008000284                DMA1_Channel4_IRQHandler
                0x0000000008000284                SAI2_IRQHandler
                0x0000000008000284                DFSDM1_FLT3_IRQHandler
                0x0000000008000284                EXTI15_IRQHandler
                0x0000000008000284                TIM17_IRQHandler
                0x0000000008000284                USART3_IRQHandler
                0x0000000008000284                RTC_IRQHandler
                0x0000000008000284                EXTI9_IRQHandler
                0x0000000008000284                DMA1_Channel7_IRQHandler
                0x0000000008000284                UART5_IRQHandler
                0x0000000008000284                TIM4_IRQHandler
                0x0000000008000284                DMA2_Channel1_IRQHandler
                0x0000000008000284                I2C1_EV_IRQHandler
                0x0000000008000284                DMA1_Channel6_IRQHandler
                0x0000000008000284                TIM16_IRQHandler
                0x0000000008000284                UART4_IRQHandler
                0x0000000008000284                DMA2_Channel4_IRQHandler
                0x0000000008000284                SecureFault_Handler
                0x0000000008000284                TIM3_IRQHandler
                0x0000000008000284                RCC_IRQHandler
                0x0000000008000284                TIM1_TRG_COM_IRQHandler
                0x0000000008000284                DMA1_Channel1_IRQHandler
                0x0000000008000284                Default_Handler
                0x0000000008000284                DMA2_Channel7_IRQHandler
                0x0000000008000284                DMA1_Channel8_IRQHandler
                0x0000000008000284                TIM7_IRQHandler
                0x0000000008000284                SDMMC1_IRQHandler
                0x0000000008000284                TIM5_IRQHandler
                0x0000000008000284                UCPD1_IRQHandler
                0x0000000008000284                TIM15_IRQHandler
                0x0000000008000284                I2C3_EV_IRQHandler
                0x0000000008000284                PVD_PVM_IRQHandler
                0x0000000008000284                SPI2_IRQHandler
                0x0000000008000284                MemManage_Handler
                0x0000000008000284                EXTI14_IRQHandler
                0x0000000008000284                EXTI11_IRQHandler
                0x0000000008000284                SVC_Handler
                0x0000000008000284                DMA2_Channel5_IRQHandler
                0x0000000008000284                CRS_IRQHandler
                0x0000000008000284                DMA1_Channel5_IRQHandler
                0x0000000008000284                EXTI4_IRQHandler
                0x0000000008000284                RTC_S_IRQHandler
                0x0000000008000284                RNG_IRQHandler
                0x0000000008000284                DMAMUX1_S_IRQHandler
                0x0000000008000284                DMA1_Channel3_IRQHandler
                0x0000000008000284                COMP_IRQHandler
                0x0000000008000284                TIM1_UP_IRQHandler
                0x0000000008000284                WWDG_IRQHandler
                0x0000000008000284                I2C4_EV_IRQHandler
                0x0000000008000284                LPUART1_IRQHandler
                0x0000000008000284                DMA2_Channel6_IRQHandler
                0x0000000008000284                FDCAN1_IT0_IRQHandler
                0x0000000008000284                TIM2_IRQHandler
                0x0000000008000284                TAMP_S_IRQHandler
                0x0000000008000284                EXTI7_IRQHandler
                0x0000000008000284                TIM1_BRK_IRQHandler
                0x0000000008000284                DAC_IRQHandler
                0x0000000008000284                EXTI1_IRQHandler
                0x0000000008000284                GTZC_IRQHandler
                0x0000000008000284                USART2_IRQHandler
                0x0000000008000284                DFSDM1_FLT0_IRQHandler
                0x0000000008000284                I2C2_ER_IRQHandler
                0x0000000008000284                DMA1_Channel2_IRQHandler
                0x0000000008000284                TIM8_BRK_IRQHandler
                0x0000000008000284                FLASH_IRQHandler
                0x0000000008000284                BusFault_Handler
                0x0000000008000284                USART1_IRQHandler
                0x0000000008000284                EXTI10_IRQHandler
                0x0000000008000284                SPI3_IRQHandler
                0x0000000008000284                I2C1_ER_IRQHandler
                0x0000000008000284                FMC_IRQHandler
                0x0000000008000284                EXTI6_IRQHandler
                0x0000000008000284                LPTIM1_IRQHandler
                0x0000000008000284                I2C4_ER_IRQHandler
                0x0000000008000284                ICACHE_IRQHandler
                0x0000000008000284                SAI1_IRQHandler
                0x0000000008000284                HASH_IRQHandler
                0x0000000008000284                DMA2_Channel3_IRQHandler
 *fill*         0x0000000008000286        0x2 
 .text.__libc_init_array
                0x0000000008000288       0x48 c:/users/chris/appdata/roaming/xpacks/@xpack-dev-tools/arm-none-eabi-gcc/10.3.1-2.3.1/.content/bin/../lib/gcc/arm-none-eabi/10.3.1/../../../../arm-none-eabi/lib/thumb/v8-m.main/nofp\libg_nano.a(lib_a-init.o)
                0x0000000008000288                __libc_init_array
 *(.glue_7)
 .glue_7        0x00000000080002d0        0x0 linker stubs
 *(.glue_7t)
 .glue_7t       0x00000000080002d0        0x0 linker stubs
 *(.eh_frame)
 .eh_frame      0x00000000080002d0        0x0 c:/users/chris/appdata/roaming/xpacks/@xpack-dev-tools/arm-none-eabi-gcc/10.3.1-2.3.1/.content/bin/../lib/gcc/arm-none-eabi/10.3.1/thumb/v8-m.main/nofp/crtbegin.o
 *(.init)
 .init          0x00000000080002d0        0x4 c:/users/chris/appdata/roaming/xpacks/@xpack-dev-tools/arm-none-eabi-gcc/10.3.1-2.3.1/.content/bin/../lib/gcc/arm-none-eabi/10.3.1/thumb/v8-m.main/nofp/crti.o
                0x00000000080002d0                _init
 .init          0x00000000080002d4        0x8 c:/users/chris/appdata/roaming/xpacks/@xpack-dev-tools/arm-none-eabi-gcc/10.3.1-2.3.1/.content/bin/../lib/gcc/arm-none-eabi/10.3.1/thumb/v8-m.main/nofp/crtn.o
 *(.fini)
 .fini          0x00000000080002dc        0x4 c:/users/chris/appdata/roaming/xpacks/@xpack-dev-tools/arm-none-eabi-gcc/10.3.1-2.3.1/.content/bin/../lib/gcc/arm-none-eabi/10.3.1/thumb/v8-m.main/nofp/crti.o
                0x00000000080002dc                _fini
 .fini          0x00000000080002e0        0x8 c:/users/chris/appdata/roaming/xpacks/@xpack-dev-tools/arm-none-eabi-gcc/10.3.1-2.3.1/.content/bin/../lib/gcc/arm-none-eabi/10.3.1/thumb/v8-m.main/nofp/crtn.o
                0x00000000080002e8                . = ALIGN (0x4)
                0x00000000080002e8                _etext = .

.vfp11_veneer   0x00000000080002e8        0x0
 .vfp11_veneer  0x00000000080002e8        0x0 linker stubs

.v4_bx          0x00000000080002e8        0x0
 .v4_bx         0x00000000080002e8        0x0 linker stubs

.iplt           0x00000000080002e8        0x0
 .iplt          0x00000000080002e8        0x0 c:/users/chris/appdata/roaming/xpacks/@xpack-dev-tools/arm-none-eabi-gcc/10.3.1-2.3.1/.content/bin/../lib/gcc/arm-none-eabi/10.3.1/thumb/v8-m.main/nofp/crtbegin.o

.rel.dyn        0x00000000080002e8        0x0
 .rel.iplt      0x00000000080002e8        0x0 c:/users/chris/appdata/roaming/xpacks/@xpack-dev-tools/arm-none-eabi-gcc/10.3.1-2.3.1/.content/bin/../lib/gcc/arm-none-eabi/10.3.1/thumb/v8-m.main/nofp/crtbegin.o

.rodata         0x00000000080002e8        0x0
                0x00000000080002e8                . = ALIGN (0x4)
 *(.rodata)
 *(.rodata*)
                0x00000000080002e8                . = ALIGN (0x4)

.ARM.extab      0x00000000080002e8        0x0
                0x00000000080002e8                . = ALIGN (0x4)
 *(.ARM.extab* .gnu.linkonce.armextab.*)
                0x00000000080002e8                . = ALIGN (0x4)

.ARM            0x00000000080002e8        0x0
                0x00000000080002e8                . = ALIGN (0x4)
                0x00000000080002e8                __exidx_start = .
 *(.ARM.exidx*)
                0x00000000080002e8                __exidx_end = .
                0x00000000080002e8                . = ALIGN (0x4)

.preinit_array  0x00000000080002e8        0x0
                0x00000000080002e8                . = ALIGN (0x4)
                0x00000000080002e8                PROVIDE (__preinit_array_start = .)
 *(.preinit_array*)
                0x00000000080002e8                PROVIDE (__preinit_array_end = .)
                0x00000000080002e8                . = ALIGN (0x4)

.init_array     0x00000000080002e8        0x4
                0x00000000080002e8                . = ALIGN (0x4)
                0x00000000080002e8                PROVIDE (__init_array_start = .)
 *(SORT_BY_NAME(.init_array.*))
 *(.init_array*)
 .init_array    0x00000000080002e8        0x4 c:/users/chris/appdata/roaming/xpacks/@xpack-dev-tools/arm-none-eabi-gcc/10.3.1-2.3.1/.content/bin/../lib/gcc/arm-none-eabi/10.3.1/thumb/v8-m.main/nofp/crtbegin.o
                0x00000000080002ec                PROVIDE (__init_array_end = .)
                0x00000000080002ec                . = ALIGN (0x4)

.fini_array     0x00000000080002ec        0x4
                0x00000000080002ec                . = ALIGN (0x4)
                [!provide]                        PROVIDE (__fini_array_start = .)
 *(SORT_BY_NAME(.fini_array.*))
 *(.fini_array*)
 .fini_array    0x00000000080002ec        0x4 c:/users/chris/appdata/roaming/xpacks/@xpack-dev-tools/arm-none-eabi-gcc/10.3.1-2.3.1/.content/bin/../lib/gcc/arm-none-eabi/10.3.1/thumb/v8-m.main/nofp/crtbegin.o
                [!provide]                        PROVIDE (__fini_array_end = .)
                0x00000000080002f0                . = ALIGN (0x4)
                0x00000000080002f0                _sidata = LOADADDR (.data)

.data           0x0000000020000000        0x0 load address 0x00000000080002f0
                0x0000000020000000                . = ALIGN (0x4)
                0x0000000020000000                _sdata = .
 *(.data)
 *(.data*)
 *(.RamFunc)
 *(.RamFunc*)
                0x0000000020000000                . = ALIGN (0x4)
                0x0000000020000000                _edata = .

.igot.plt       0x0000000020000000        0x0 load address 0x00000000080002f0
 .igot.plt      0x0000000020000000        0x0 c:/users/chris/appdata/roaming/xpacks/@xpack-dev-tools/arm-none-eabi-gcc/10.3.1-2.3.1/.content/bin/../lib/gcc/arm-none-eabi/10.3.1/thumb/v8-m.main/nofp/crtbegin.o
                0x0000000020000000                . = ALIGN (0x4)

.bss            0x0000000020000000       0x1c load address 0x00000000080002f0
                0x0000000020000000                _sbss = .
                0x0000000020000000                __bss_start__ = _sbss
 *(.bss)
 *(.bss*)
 .bss.completed.1
                0x0000000020000000        0x1 c:/users/chris/appdata/roaming/xpacks/@xpack-dev-tools/arm-none-eabi-gcc/10.3.1-2.3.1/.content/bin/../lib/gcc/arm-none-eabi/10.3.1/thumb/v8-m.main/nofp/crtbegin.o
 *fill*         0x0000000020000001        0x3 
 .bss.object.0  0x0000000020000004       0x18 c:/users/chris/appdata/roaming/xpacks/@xpack-dev-tools/arm-none-eabi-gcc/10.3.1-2.3.1/.content/bin/../lib/gcc/arm-none-eabi/10.3.1/thumb/v8-m.main/nofp/crtbegin.o
 *(COMMON)
                0x000000002000001c                . = ALIGN (0x4)
                0x000000002000001c                _ebss = .
                0x000000002000001c                __bss_end__ = _ebss

._user_heap_stack
                0x000000002000001c      0x604 load address 0x00000000080002f0
                0x0000000020000020                . = ALIGN (0x8)
 *fill*         0x000000002000001c        0x4 
                [!provide]                        PROVIDE (end = .)
                [!provide]                        PROVIDE (_end = .)
                0x0000000020000220                . = (. + _Min_Heap_Size)
 *fill*         0x0000000020000020      0x200 
                0x0000000020000620                . = (. + _Min_Stack_Size)
 *fill*         0x0000000020000220      0x400 
                0x0000000020000620                . = ALIGN (0x8)

/DISCARD/
 libc.a(*)
 libm.a(*)
 libgcc.a(*)

.ARM.attributes
                0x0000000000000000       0x30
 *(.ARM.attributes)
 .ARM.attributes
                0x0000000000000000       0x22 c:/users/chris/appdata/roaming/xpacks/@xpack-dev-tools/arm-none-eabi-gcc/10.3.1-2.3.1/.content/bin/../lib/gcc/arm-none-eabi/10.3.1/thumb/v8-m.main/nofp/crti.o
 .ARM.attributes
                0x0000000000000022       0x32 c:/users/chris/appdata/roaming/xpacks/@xpack-dev-tools/arm-none-eabi-gcc/10.3.1-2.3.1/.content/bin/../lib/gcc/arm-none-eabi/10.3.1/thumb/v8-m.main/nofp/crtbegin.o
 .ARM.attributes
                0x0000000000000054       0x24 CMakeFiles/ZeroPilot.elf.dir/Boardfiles/nucleol552zeq/Core/Startup/startup_stm32l552zetxq.s.obj
 .ARM.attributes
                0x0000000000000078       0x32 c:/users/chris/appdata/roaming/xpacks/@xpack-dev-tools/arm-none-eabi-gcc/10.3.1-2.3.1/.content/bin/../lib/gcc/arm-none-eabi/10.3.1/../../../../arm-none-eabi/lib/thumb/v8-m.main/nofp\libg_nano.a(lib_a-init.o)
 .ARM.attributes
                0x00000000000000aa       0x22 c:/users/chris/appdata/roaming/xpacks/@xpack-dev-tools/arm-none-eabi-gcc/10.3.1-2.3.1/.content/bin/../lib/gcc/arm-none-eabi/10.3.1/thumb/v8-m.main/nofp/crtn.o
OUTPUT(ZeroPilot.elf elf32-littlearm)
LOAD linker stubs
LOAD c:/users/chris/appdata/roaming/xpacks/@xpack-dev-tools/arm-none-eabi-gcc/10.3.1-2.3.1/.content/bin/../lib/gcc/arm-none-eabi/10.3.1/../../../../arm-none-eabi/lib/thumb/v8-m.main/nofp\libc.a
LOAD c:/users/chris/appdata/roaming/xpacks/@xpack-dev-tools/arm-none-eabi-gcc/10.3.1-2.3.1/.content/bin/../lib/gcc/arm-none-eabi/10.3.1/../../../../arm-none-eabi/lib/thumb/v8-m.main/nofp\libm.a
LOAD c:/users/chris/appdata/roaming/xpacks/@xpack-dev-tools/arm-none-eabi-gcc/10.3.1-2.3.1/.content/bin/../lib/gcc/arm-none-eabi/10.3.1/thumb/v8-m.main/nofp\libgcc.a

.comment        0x0000000000000000       0x43
 .comment       0x0000000000000000       0x43 c:/users/chris/appdata/roaming/xpacks/@xpack-dev-tools/arm-none-eabi-gcc/10.3.1-2.3.1/.content/bin/../lib/gcc/arm-none-eabi/10.3.1/thumb/v8-m.main/nofp/crtbegin.o
                                         0x44 (size before relaxing)
 .comment       0x0000000000000043       0x44 c:/users/chris/appdata/roaming/xpacks/@xpack-dev-tools/arm-none-eabi-gcc/10.3.1-2.3.1/.content/bin/../lib/gcc/arm-none-eabi/10.3.1/../../../../arm-none-eabi/lib/thumb/v8-m.main/nofp\libg_nano.a(lib_a-init.o)

.debug_line     0x0000000000000000       0xcb
 .debug_line    0x0000000000000000       0xcb CMakeFiles/ZeroPilot.elf.dir/Boardfiles/nucleol552zeq/Core/Startup/startup_stm32l552zetxq.s.obj

.debug_info     0x0000000000000000       0x22
 .debug_info    0x0000000000000000       0x22 CMakeFiles/ZeroPilot.elf.dir/Boardfiles/nucleol552zeq/Core/Startup/startup_stm32l552zetxq.s.obj

.debug_abbrev   0x0000000000000000       0x12
 .debug_abbrev  0x0000000000000000       0x12 CMakeFiles/ZeroPilot.elf.dir/Boardfiles/nucleol552zeq/Core/Startup/startup_stm32l552zetxq.s.obj

.debug_aranges  0x0000000000000000       0x28
 .debug_aranges
                0x0000000000000000       0x28 CMakeFiles/ZeroPilot.elf.dir/Boardfiles/nucleol552zeq/Core/Startup/startup_stm32l552zetxq.s.obj

.debug_str      0x0000000000000000       0xad
 .debug_str     0x0000000000000000       0xad CMakeFiles/ZeroPilot.elf.dir/Boardfiles/nucleol552zeq/Core/Startup/startup_stm32l552zetxq.s.obj

.debug_ranges   0x0000000000000000       0x20
 .debug_ranges  0x0000000000000000       0x20 CMakeFiles/ZeroPilot.elf.dir/Boardfiles/nucleol552zeq/Core/Startup/startup_stm32l552zetxq.s.obj

Cross Reference Table

Symbol                                            File
ADC1_2_IRQHandler                                 CMakeFiles/ZeroPilot.elf.dir/Boardfiles/nucleol552zeq/Core/Startup/startup_stm32l552zetxq.s.obj
ADC_ConversionStop                                CMakeFiles/ZeroPilot.elf.dir/Boardfiles/nucleol552zeq/Drivers/STM32L5xx_HAL_Driver/Src/stm32l5xx_hal_adc.c.obj
                                                  CMakeFiles/ZeroPilot.elf.dir/Boardfiles/nucleol552zeq/Drivers/STM32L5xx_HAL_Driver/Src/stm32l5xx_hal_adc_ex.c.obj
ADC_DMAConvCplt                                   CMakeFiles/ZeroPilot.elf.dir/Boardfiles/nucleol552zeq/Drivers/STM32L5xx_HAL_Driver/Src/stm32l5xx_hal_adc.c.obj
                                                  CMakeFiles/ZeroPilot.elf.dir/Boardfiles/nucleol552zeq/Drivers/STM32L5xx_HAL_Driver/Src/stm32l5xx_hal_adc_ex.c.obj
ADC_DMAError                                      CMakeFiles/ZeroPilot.elf.dir/Boardfiles/nucleol552zeq/Drivers/STM32L5xx_HAL_Driver/Src/stm32l5xx_hal_adc.c.obj
                                                  CMakeFiles/ZeroPilot.elf.dir/Boardfiles/nucleol552zeq/Drivers/STM32L5xx_HAL_Driver/Src/stm32l5xx_hal_adc_ex.c.obj
ADC_DMAHalfConvCplt                               CMakeFiles/ZeroPilot.elf.dir/Boardfiles/nucleol552zeq/Drivers/STM32L5xx_HAL_Driver/Src/stm32l5xx_hal_adc.c.obj
                                                  CMakeFiles/ZeroPilot.elf.dir/Boardfiles/nucleol552zeq/Drivers/STM32L5xx_HAL_Driver/Src/stm32l5xx_hal_adc_ex.c.obj
ADC_Disable                                       CMakeFiles/ZeroPilot.elf.dir/Boardfiles/nucleol552zeq/Drivers/STM32L5xx_HAL_Driver/Src/stm32l5xx_hal_adc.c.obj
                                                  CMakeFiles/ZeroPilot.elf.dir/Boardfiles/nucleol552zeq/Drivers/STM32L5xx_HAL_Driver/Src/stm32l5xx_hal_adc_ex.c.obj
ADC_Enable                                        CMakeFiles/ZeroPilot.elf.dir/Boardfiles/nucleol552zeq/Drivers/STM32L5xx_HAL_Driver/Src/stm32l5xx_hal_adc.c.obj
                                                  CMakeFiles/ZeroPilot.elf.dir/Boardfiles/nucleol552zeq/Drivers/STM32L5xx_HAL_Driver/Src/stm32l5xx_hal_adc_ex.c.obj
AHBPrescTable                                     CMakeFiles/ZeroPilot.elf.dir/Boardfiles/nucleol552zeq/Drivers/STM32L5xx_HAL_Driver/Src/stm32l5xx_ll_utils.c.obj
                                                  CMakeFiles/ZeroPilot.elf.dir/Boardfiles/nucleol552zeq/Drivers/STM32L5xx_HAL_Driver/Src/stm32l5xx_hal_rcc.c.obj
APBPrescTable                                     CMakeFiles/ZeroPilot.elf.dir/Boardfiles/nucleol552zeq/Drivers/STM32L5xx_HAL_Driver/Src/stm32l5xx_hal_rcc.c.obj
BusFault_Handler                                  CMakeFiles/ZeroPilot.elf.dir/Boardfiles/nucleol552zeq/Core/Startup/startup_stm32l552zetxq.s.obj
COMP_IRQHandler                                   CMakeFiles/ZeroPilot.elf.dir/Boardfiles/nucleol552zeq/Core/Startup/startup_stm32l552zetxq.s.obj
CRS_IRQHandler                                    CMakeFiles/ZeroPilot.elf.dir/Boardfiles/nucleol552zeq/Core/Startup/startup_stm32l552zetxq.s.obj
DAC_IRQHandler                                    CMakeFiles/ZeroPilot.elf.dir/Boardfiles/nucleol552zeq/Core/Startup/startup_stm32l552zetxq.s.obj
DFSDM1_FLT0_IRQHandler                            CMakeFiles/ZeroPilot.elf.dir/Boardfiles/nucleol552zeq/Core/Startup/startup_stm32l552zetxq.s.obj
DFSDM1_FLT1_IRQHandler                            CMakeFiles/ZeroPilot.elf.dir/Boardfiles/nucleol552zeq/Core/Startup/startup_stm32l552zetxq.s.obj
DFSDM1_FLT2_IRQHandler                            CMakeFiles/ZeroPilot.elf.dir/Boardfiles/nucleol552zeq/Core/Startup/startup_stm32l552zetxq.s.obj
DFSDM1_FLT3_IRQHandler                            CMakeFiles/ZeroPilot.elf.dir/Boardfiles/nucleol552zeq/Core/Startup/startup_stm32l552zetxq.s.obj
DMA1_Channel1_IRQHandler                          CMakeFiles/ZeroPilot.elf.dir/Boardfiles/nucleol552zeq/Core/Startup/startup_stm32l552zetxq.s.obj
DMA1_Channel2_IRQHandler                          CMakeFiles/ZeroPilot.elf.dir/Boardfiles/nucleol552zeq/Core/Startup/startup_stm32l552zetxq.s.obj
DMA1_Channel3_IRQHandler                          CMakeFiles/ZeroPilot.elf.dir/Boardfiles/nucleol552zeq/Core/Startup/startup_stm32l552zetxq.s.obj
DMA1_Channel4_IRQHandler                          CMakeFiles/ZeroPilot.elf.dir/Boardfiles/nucleol552zeq/Core/Startup/startup_stm32l552zetxq.s.obj
DMA1_Channel5_IRQHandler                          CMakeFiles/ZeroPilot.elf.dir/Boardfiles/nucleol552zeq/Core/Startup/startup_stm32l552zetxq.s.obj
DMA1_Channel6_IRQHandler                          CMakeFiles/ZeroPilot.elf.dir/Boardfiles/nucleol552zeq/Core/Startup/startup_stm32l552zetxq.s.obj
DMA1_Channel7_IRQHandler                          CMakeFiles/ZeroPilot.elf.dir/Boardfiles/nucleol552zeq/Core/Startup/startup_stm32l552zetxq.s.obj
DMA1_Channel8_IRQHandler                          CMakeFiles/ZeroPilot.elf.dir/Boardfiles/nucleol552zeq/Core/Startup/startup_stm32l552zetxq.s.obj
DMA2_Channel1_IRQHandler                          CMakeFiles/ZeroPilot.elf.dir/Boardfiles/nucleol552zeq/Core/Startup/startup_stm32l552zetxq.s.obj
DMA2_Channel2_IRQHandler                          CMakeFiles/ZeroPilot.elf.dir/Boardfiles/nucleol552zeq/Core/Startup/startup_stm32l552zetxq.s.obj
DMA2_Channel3_IRQHandler                          CMakeFiles/ZeroPilot.elf.dir/Boardfiles/nucleol552zeq/Core/Startup/startup_stm32l552zetxq.s.obj
DMA2_Channel4_IRQHandler                          CMakeFiles/ZeroPilot.elf.dir/Boardfiles/nucleol552zeq/Core/Startup/startup_stm32l552zetxq.s.obj
DMA2_Channel5_IRQHandler                          CMakeFiles/ZeroPilot.elf.dir/Boardfiles/nucleol552zeq/Core/Startup/startup_stm32l552zetxq.s.obj
DMA2_Channel6_IRQHandler                          CMakeFiles/ZeroPilot.elf.dir/Boardfiles/nucleol552zeq/Core/Startup/startup_stm32l552zetxq.s.obj
DMA2_Channel7_IRQHandler                          CMakeFiles/ZeroPilot.elf.dir/Boardfiles/nucleol552zeq/Core/Startup/startup_stm32l552zetxq.s.obj
DMA2_Channel8_IRQHandler                          CMakeFiles/ZeroPilot.elf.dir/Boardfiles/nucleol552zeq/Core/Startup/startup_stm32l552zetxq.s.obj
DMAMUX1_IRQHandler                                CMakeFiles/ZeroPilot.elf.dir/Boardfiles/nucleol552zeq/Core/Startup/startup_stm32l552zetxq.s.obj
DMAMUX1_S_IRQHandler                              CMakeFiles/ZeroPilot.elf.dir/Boardfiles/nucleol552zeq/Core/Startup/startup_stm32l552zetxq.s.obj
DebugMon_Handler                                  CMakeFiles/ZeroPilot.elf.dir/Boardfiles/nucleol552zeq/Core/Startup/startup_stm32l552zetxq.s.obj
Default_Handler                                   CMakeFiles/ZeroPilot.elf.dir/Boardfiles/nucleol552zeq/Core/Startup/startup_stm32l552zetxq.s.obj
EXTI0_IRQHandler                                  CMakeFiles/ZeroPilot.elf.dir/Boardfiles/nucleol552zeq/Core/Startup/startup_stm32l552zetxq.s.obj
EXTI10_IRQHandler                                 CMakeFiles/ZeroPilot.elf.dir/Boardfiles/nucleol552zeq/Core/Startup/startup_stm32l552zetxq.s.obj
EXTI11_IRQHandler                                 CMakeFiles/ZeroPilot.elf.dir/Boardfiles/nucleol552zeq/Core/Startup/startup_stm32l552zetxq.s.obj
EXTI12_IRQHandler                                 CMakeFiles/ZeroPilot.elf.dir/Boardfiles/nucleol552zeq/Core/Startup/startup_stm32l552zetxq.s.obj
EXTI13_IRQHandler                                 CMakeFiles/ZeroPilot.elf.dir/Boardfiles/nucleol552zeq/Core/Startup/startup_stm32l552zetxq.s.obj
EXTI14_IRQHandler                                 CMakeFiles/ZeroPilot.elf.dir/Boardfiles/nucleol552zeq/Core/Startup/startup_stm32l552zetxq.s.obj
EXTI15_IRQHandler                                 CMakeFiles/ZeroPilot.elf.dir/Boardfiles/nucleol552zeq/Core/Startup/startup_stm32l552zetxq.s.obj
EXTI1_IRQHandler                                  CMakeFiles/ZeroPilot.elf.dir/Boardfiles/nucleol552zeq/Core/Startup/startup_stm32l552zetxq.s.obj
EXTI2_IRQHandler                                  CMakeFiles/ZeroPilot.elf.dir/Boardfiles/nucleol552zeq/Core/Startup/startup_stm32l552zetxq.s.obj
EXTI3_IRQHandler                                  CMakeFiles/ZeroPilot.elf.dir/Boardfiles/nucleol552zeq/Core/Startup/startup_stm32l552zetxq.s.obj
EXTI4_IRQHandler                                  CMakeFiles/ZeroPilot.elf.dir/Boardfiles/nucleol552zeq/Core/Startup/startup_stm32l552zetxq.s.obj
EXTI5_IRQHandler                                  CMakeFiles/ZeroPilot.elf.dir/Boardfiles/nucleol552zeq/Core/Startup/startup_stm32l552zetxq.s.obj
EXTI6_IRQHandler                                  CMakeFiles/ZeroPilot.elf.dir/Boardfiles/nucleol552zeq/Core/Startup/startup_stm32l552zetxq.s.obj
EXTI7_IRQHandler                                  CMakeFiles/ZeroPilot.elf.dir/Boardfiles/nucleol552zeq/Core/Startup/startup_stm32l552zetxq.s.obj
EXTI8_IRQHandler                                  CMakeFiles/ZeroPilot.elf.dir/Boardfiles/nucleol552zeq/Core/Startup/startup_stm32l552zetxq.s.obj
EXTI9_IRQHandler                                  CMakeFiles/ZeroPilot.elf.dir/Boardfiles/nucleol552zeq/Core/Startup/startup_stm32l552zetxq.s.obj
FDCAN1_IT0_IRQHandler                             CMakeFiles/ZeroPilot.elf.dir/Boardfiles/nucleol552zeq/Core/Startup/startup_stm32l552zetxq.s.obj
FDCAN1_IT1_IRQHandler                             CMakeFiles/ZeroPilot.elf.dir/Boardfiles/nucleol552zeq/Core/Startup/startup_stm32l552zetxq.s.obj
FLASH_IRQHandler                                  CMakeFiles/ZeroPilot.elf.dir/Boardfiles/nucleol552zeq/Core/Startup/startup_stm32l552zetxq.s.obj
FLASH_PageErase                                   CMakeFiles/ZeroPilot.elf.dir/Boardfiles/nucleol552zeq/Drivers/STM32L5xx_HAL_Driver/Src/stm32l5xx_hal_flash_ex.c.obj
                                                  CMakeFiles/ZeroPilot.elf.dir/Boardfiles/nucleol552zeq/Drivers/STM32L5xx_HAL_Driver/Src/stm32l5xx_hal_flash.c.obj
FLASH_S_IRQHandler                                CMakeFiles/ZeroPilot.elf.dir/Boardfiles/nucleol552zeq/Core/Startup/startup_stm32l552zetxq.s.obj
FLASH_WaitForLastOperation                        CMakeFiles/ZeroPilot.elf.dir/Boardfiles/nucleol552zeq/Drivers/STM32L5xx_HAL_Driver/Src/stm32l5xx_hal_flash.c.obj
                                                  CMakeFiles/ZeroPilot.elf.dir/Boardfiles/nucleol552zeq/Drivers/STM32L5xx_HAL_Driver/Src/stm32l5xx_hal_flash_ex.c.obj
FMC_IRQHandler                                    CMakeFiles/ZeroPilot.elf.dir/Boardfiles/nucleol552zeq/Core/Startup/startup_stm32l552zetxq.s.obj
FPU_IRQHandler                                    CMakeFiles/ZeroPilot.elf.dir/Boardfiles/nucleol552zeq/Core/Startup/startup_stm32l552zetxq.s.obj
GTZC_IRQHandler                                   CMakeFiles/ZeroPilot.elf.dir/Boardfiles/nucleol552zeq/Core/Startup/startup_stm32l552zetxq.s.obj
HAL_ADCEx_Calibration_GetValue                    CMakeFiles/ZeroPilot.elf.dir/Boardfiles/nucleol552zeq/Drivers/STM32L5xx_HAL_Driver/Src/stm32l5xx_hal_adc_ex.c.obj
HAL_ADCEx_Calibration_SetValue                    CMakeFiles/ZeroPilot.elf.dir/Boardfiles/nucleol552zeq/Drivers/STM32L5xx_HAL_Driver/Src/stm32l5xx_hal_adc_ex.c.obj
HAL_ADCEx_Calibration_Start                       CMakeFiles/ZeroPilot.elf.dir/Boardfiles/nucleol552zeq/Drivers/STM32L5xx_HAL_Driver/Src/stm32l5xx_hal_adc_ex.c.obj
HAL_ADCEx_DisableInjectedQueue                    CMakeFiles/ZeroPilot.elf.dir/Boardfiles/nucleol552zeq/Drivers/STM32L5xx_HAL_Driver/Src/stm32l5xx_hal_adc_ex.c.obj
HAL_ADCEx_DisableVoltageRegulator                 CMakeFiles/ZeroPilot.elf.dir/Boardfiles/nucleol552zeq/Drivers/STM32L5xx_HAL_Driver/Src/stm32l5xx_hal_adc_ex.c.obj
HAL_ADCEx_EnableInjectedQueue                     CMakeFiles/ZeroPilot.elf.dir/Boardfiles/nucleol552zeq/Drivers/STM32L5xx_HAL_Driver/Src/stm32l5xx_hal_adc_ex.c.obj
HAL_ADCEx_EndOfSamplingCallback                   CMakeFiles/ZeroPilot.elf.dir/Boardfiles/nucleol552zeq/Drivers/STM32L5xx_HAL_Driver/Src/stm32l5xx_hal_adc_ex.c.obj
                                                  CMakeFiles/ZeroPilot.elf.dir/Boardfiles/nucleol552zeq/Drivers/STM32L5xx_HAL_Driver/Src/stm32l5xx_hal_adc.c.obj
HAL_ADCEx_EnterADCDeepPowerDownMode               CMakeFiles/ZeroPilot.elf.dir/Boardfiles/nucleol552zeq/Drivers/STM32L5xx_HAL_Driver/Src/stm32l5xx_hal_adc_ex.c.obj
HAL_ADCEx_InjectedConfigChannel                   CMakeFiles/ZeroPilot.elf.dir/Boardfiles/nucleol552zeq/Drivers/STM32L5xx_HAL_Driver/Src/stm32l5xx_hal_adc_ex.c.obj
HAL_ADCEx_InjectedConvCpltCallback                CMakeFiles/ZeroPilot.elf.dir/Boardfiles/nucleol552zeq/Drivers/STM32L5xx_HAL_Driver/Src/stm32l5xx_hal_adc_ex.c.obj
                                                  CMakeFiles/ZeroPilot.elf.dir/Boardfiles/nucleol552zeq/Drivers/STM32L5xx_HAL_Driver/Src/stm32l5xx_hal_adc.c.obj
HAL_ADCEx_InjectedGetValue                        CMakeFiles/ZeroPilot.elf.dir/Boardfiles/nucleol552zeq/Drivers/STM32L5xx_HAL_Driver/Src/stm32l5xx_hal_adc_ex.c.obj
HAL_ADCEx_InjectedPollForConversion               CMakeFiles/ZeroPilot.elf.dir/Boardfiles/nucleol552zeq/Drivers/STM32L5xx_HAL_Driver/Src/stm32l5xx_hal_adc_ex.c.obj
HAL_ADCEx_InjectedQueueOverflowCallback           CMakeFiles/ZeroPilot.elf.dir/Boardfiles/nucleol552zeq/Drivers/STM32L5xx_HAL_Driver/Src/stm32l5xx_hal_adc_ex.c.obj
                                                  CMakeFiles/ZeroPilot.elf.dir/Boardfiles/nucleol552zeq/Drivers/STM32L5xx_HAL_Driver/Src/stm32l5xx_hal_adc.c.obj
HAL_ADCEx_InjectedStart                           CMakeFiles/ZeroPilot.elf.dir/Boardfiles/nucleol552zeq/Drivers/STM32L5xx_HAL_Driver/Src/stm32l5xx_hal_adc_ex.c.obj
HAL_ADCEx_InjectedStart_IT                        CMakeFiles/ZeroPilot.elf.dir/Boardfiles/nucleol552zeq/Drivers/STM32L5xx_HAL_Driver/Src/stm32l5xx_hal_adc_ex.c.obj
HAL_ADCEx_InjectedStop                            CMakeFiles/ZeroPilot.elf.dir/Boardfiles/nucleol552zeq/Drivers/STM32L5xx_HAL_Driver/Src/stm32l5xx_hal_adc_ex.c.obj
HAL_ADCEx_InjectedStop_IT                         CMakeFiles/ZeroPilot.elf.dir/Boardfiles/nucleol552zeq/Drivers/STM32L5xx_HAL_Driver/Src/stm32l5xx_hal_adc_ex.c.obj
HAL_ADCEx_LevelOutOfWindow2Callback               CMakeFiles/ZeroPilot.elf.dir/Boardfiles/nucleol552zeq/Drivers/STM32L5xx_HAL_Driver/Src/stm32l5xx_hal_adc_ex.c.obj
                                                  CMakeFiles/ZeroPilot.elf.dir/Boardfiles/nucleol552zeq/Drivers/STM32L5xx_HAL_Driver/Src/stm32l5xx_hal_adc.c.obj
HAL_ADCEx_LevelOutOfWindow3Callback               CMakeFiles/ZeroPilot.elf.dir/Boardfiles/nucleol552zeq/Drivers/STM32L5xx_HAL_Driver/Src/stm32l5xx_hal_adc_ex.c.obj
                                                  CMakeFiles/ZeroPilot.elf.dir/Boardfiles/nucleol552zeq/Drivers/STM32L5xx_HAL_Driver/Src/stm32l5xx_hal_adc.c.obj
HAL_ADCEx_MultiModeConfigChannel                  CMakeFiles/ZeroPilot.elf.dir/Boardfiles/nucleol552zeq/Drivers/STM32L5xx_HAL_Driver/Src/stm32l5xx_hal_adc_ex.c.obj
HAL_ADCEx_MultiModeGetValue                       CMakeFiles/ZeroPilot.elf.dir/Boardfiles/nucleol552zeq/Drivers/STM32L5xx_HAL_Driver/Src/stm32l5xx_hal_adc_ex.c.obj
HAL_ADCEx_MultiModeStart_DMA                      CMakeFiles/ZeroPilot.elf.dir/Boardfiles/nucleol552zeq/Drivers/STM32L5xx_HAL_Driver/Src/stm32l5xx_hal_adc_ex.c.obj
HAL_ADCEx_MultiModeStop_DMA                       CMakeFiles/ZeroPilot.elf.dir/Boardfiles/nucleol552zeq/Drivers/STM32L5xx_HAL_Driver/Src/stm32l5xx_hal_adc_ex.c.obj
HAL_ADCEx_RegularMultiModeStop_DMA                CMakeFiles/ZeroPilot.elf.dir/Boardfiles/nucleol552zeq/Drivers/STM32L5xx_HAL_Driver/Src/stm32l5xx_hal_adc_ex.c.obj
HAL_ADCEx_RegularStop                             CMakeFiles/ZeroPilot.elf.dir/Boardfiles/nucleol552zeq/Drivers/STM32L5xx_HAL_Driver/Src/stm32l5xx_hal_adc_ex.c.obj
HAL_ADCEx_RegularStop_DMA                         CMakeFiles/ZeroPilot.elf.dir/Boardfiles/nucleol552zeq/Drivers/STM32L5xx_HAL_Driver/Src/stm32l5xx_hal_adc_ex.c.obj
HAL_ADCEx_RegularStop_IT                          CMakeFiles/ZeroPilot.elf.dir/Boardfiles/nucleol552zeq/Drivers/STM32L5xx_HAL_Driver/Src/stm32l5xx_hal_adc_ex.c.obj
HAL_ADC_AnalogWDGConfig                           CMakeFiles/ZeroPilot.elf.dir/Boardfiles/nucleol552zeq/Drivers/STM32L5xx_HAL_Driver/Src/stm32l5xx_hal_adc.c.obj
HAL_ADC_ConfigChannel                             CMakeFiles/ZeroPilot.elf.dir/Boardfiles/nucleol552zeq/Drivers/STM32L5xx_HAL_Driver/Src/stm32l5xx_hal_adc.c.obj
HAL_ADC_ConvCpltCallback                          CMakeFiles/ZeroPilot.elf.dir/Boardfiles/nucleol552zeq/Drivers/STM32L5xx_HAL_Driver/Src/stm32l5xx_hal_adc.c.obj
HAL_ADC_ConvHalfCpltCallback                      CMakeFiles/ZeroPilot.elf.dir/Boardfiles/nucleol552zeq/Drivers/STM32L5xx_HAL_Driver/Src/stm32l5xx_hal_adc.c.obj
HAL_ADC_DeInit                                    CMakeFiles/ZeroPilot.elf.dir/Boardfiles/nucleol552zeq/Drivers/STM32L5xx_HAL_Driver/Src/stm32l5xx_hal_adc.c.obj
HAL_ADC_ErrorCallback                             CMakeFiles/ZeroPilot.elf.dir/Boardfiles/nucleol552zeq/Drivers/STM32L5xx_HAL_Driver/Src/stm32l5xx_hal_adc.c.obj
HAL_ADC_GetError                                  CMakeFiles/ZeroPilot.elf.dir/Boardfiles/nucleol552zeq/Drivers/STM32L5xx_HAL_Driver/Src/stm32l5xx_hal_adc.c.obj
HAL_ADC_GetState                                  CMakeFiles/ZeroPilot.elf.dir/Boardfiles/nucleol552zeq/Drivers/STM32L5xx_HAL_Driver/Src/stm32l5xx_hal_adc.c.obj
HAL_ADC_GetValue                                  CMakeFiles/ZeroPilot.elf.dir/Boardfiles/nucleol552zeq/Drivers/STM32L5xx_HAL_Driver/Src/stm32l5xx_hal_adc.c.obj
HAL_ADC_IRQHandler                                CMakeFiles/ZeroPilot.elf.dir/Boardfiles/nucleol552zeq/Drivers/STM32L5xx_HAL_Driver/Src/stm32l5xx_hal_adc.c.obj
HAL_ADC_Init                                      CMakeFiles/ZeroPilot.elf.dir/Boardfiles/nucleol552zeq/Drivers/STM32L5xx_HAL_Driver/Src/stm32l5xx_hal_adc.c.obj
HAL_ADC_LevelOutOfWindowCallback                  CMakeFiles/ZeroPilot.elf.dir/Boardfiles/nucleol552zeq/Drivers/STM32L5xx_HAL_Driver/Src/stm32l5xx_hal_adc.c.obj
HAL_ADC_MspDeInit                                 CMakeFiles/ZeroPilot.elf.dir/Boardfiles/nucleol552zeq/Drivers/STM32L5xx_HAL_Driver/Src/stm32l5xx_hal_adc.c.obj
HAL_ADC_MspInit                                   CMakeFiles/ZeroPilot.elf.dir/Boardfiles/nucleol552zeq/Drivers/STM32L5xx_HAL_Driver/Src/stm32l5xx_hal_adc.c.obj
HAL_ADC_PollForConversion                         CMakeFiles/ZeroPilot.elf.dir/Boardfiles/nucleol552zeq/Drivers/STM32L5xx_HAL_Driver/Src/stm32l5xx_hal_adc.c.obj
HAL_ADC_PollForEvent                              CMakeFiles/ZeroPilot.elf.dir/Boardfiles/nucleol552zeq/Drivers/STM32L5xx_HAL_Driver/Src/stm32l5xx_hal_adc.c.obj
HAL_ADC_Start                                     CMakeFiles/ZeroPilot.elf.dir/Boardfiles/nucleol552zeq/Drivers/STM32L5xx_HAL_Driver/Src/stm32l5xx_hal_adc.c.obj
HAL_ADC_Start_DMA                                 CMakeFiles/ZeroPilot.elf.dir/Boardfiles/nucleol552zeq/Drivers/STM32L5xx_HAL_Driver/Src/stm32l5xx_hal_adc.c.obj
HAL_ADC_Start_IT                                  CMakeFiles/ZeroPilot.elf.dir/Boardfiles/nucleol552zeq/Drivers/STM32L5xx_HAL_Driver/Src/stm32l5xx_hal_adc.c.obj
HAL_ADC_Stop                                      CMakeFiles/ZeroPilot.elf.dir/Boardfiles/nucleol552zeq/Drivers/STM32L5xx_HAL_Driver/Src/stm32l5xx_hal_adc.c.obj
HAL_ADC_Stop_DMA                                  CMakeFiles/ZeroPilot.elf.dir/Boardfiles/nucleol552zeq/Drivers/STM32L5xx_HAL_Driver/Src/stm32l5xx_hal_adc.c.obj
HAL_ADC_Stop_IT                                   CMakeFiles/ZeroPilot.elf.dir/Boardfiles/nucleol552zeq/Drivers/STM32L5xx_HAL_Driver/Src/stm32l5xx_hal_adc.c.obj
HAL_DBGMCU_DisableDBGStandbyMode                  CMakeFiles/ZeroPilot.elf.dir/Boardfiles/nucleol552zeq/Drivers/STM32L5xx_HAL_Driver/Src/stm32l5xx_hal.c.obj
HAL_DBGMCU_DisableDBGStopMode                     CMakeFiles/ZeroPilot.elf.dir/Boardfiles/nucleol552zeq/Drivers/STM32L5xx_HAL_Driver/Src/stm32l5xx_hal.c.obj
HAL_DBGMCU_EnableDBGStandbyMode                   CMakeFiles/ZeroPilot.elf.dir/Boardfiles/nucleol552zeq/Drivers/STM32L5xx_HAL_Driver/Src/stm32l5xx_hal.c.obj
HAL_DBGMCU_EnableDBGStopMode                      CMakeFiles/ZeroPilot.elf.dir/Boardfiles/nucleol552zeq/Drivers/STM32L5xx_HAL_Driver/Src/stm32l5xx_hal.c.obj
HAL_DMAEx_ChangeMemory                            CMakeFiles/ZeroPilot.elf.dir/Boardfiles/nucleol552zeq/Drivers/STM32L5xx_HAL_Driver/Src/stm32l5xx_hal_dma_ex.c.obj
HAL_DMAEx_ConfigMuxRequestGenerator               CMakeFiles/ZeroPilot.elf.dir/Boardfiles/nucleol552zeq/Drivers/STM32L5xx_HAL_Driver/Src/stm32l5xx_hal_dma_ex.c.obj
HAL_DMAEx_ConfigMuxSync                           CMakeFiles/ZeroPilot.elf.dir/Boardfiles/nucleol552zeq/Drivers/STM32L5xx_HAL_Driver/Src/stm32l5xx_hal_dma_ex.c.obj
HAL_DMAEx_DisableMuxRequestGenerator              CMakeFiles/ZeroPilot.elf.dir/Boardfiles/nucleol552zeq/Drivers/STM32L5xx_HAL_Driver/Src/stm32l5xx_hal_dma_ex.c.obj
HAL_DMAEx_EnableMuxRequestGenerator               CMakeFiles/ZeroPilot.elf.dir/Boardfiles/nucleol552zeq/Drivers/STM32L5xx_HAL_Driver/Src/stm32l5xx_hal_dma_ex.c.obj
HAL_DMAEx_MUX_IRQHandler                          CMakeFiles/ZeroPilot.elf.dir/Boardfiles/nucleol552zeq/Drivers/STM32L5xx_HAL_Driver/Src/stm32l5xx_hal_dma_ex.c.obj
HAL_DMAEx_MultiBufferStart                        CMakeFiles/ZeroPilot.elf.dir/Boardfiles/nucleol552zeq/Drivers/STM32L5xx_HAL_Driver/Src/stm32l5xx_hal_dma_ex.c.obj
HAL_DMAEx_MultiBufferStart_IT                     CMakeFiles/ZeroPilot.elf.dir/Boardfiles/nucleol552zeq/Drivers/STM32L5xx_HAL_Driver/Src/stm32l5xx_hal_dma_ex.c.obj
HAL_DMA_Abort                                     CMakeFiles/ZeroPilot.elf.dir/Boardfiles/nucleol552zeq/Drivers/STM32L5xx_HAL_Driver/Src/stm32l5xx_hal_dma.c.obj
                                                  CMakeFiles/ZeroPilot.elf.dir/Boardfiles/nucleol552zeq/Drivers/STM32L5xx_HAL_Driver/Src/stm32l5xx_hal_uart.c.obj
                                                  CMakeFiles/ZeroPilot.elf.dir/Boardfiles/nucleol552zeq/Drivers/STM32L5xx_HAL_Driver/Src/stm32l5xx_hal_spi.c.obj
                                                  CMakeFiles/ZeroPilot.elf.dir/Boardfiles/nucleol552zeq/Drivers/STM32L5xx_HAL_Driver/Src/stm32l5xx_hal_adc_ex.c.obj
                                                  CMakeFiles/ZeroPilot.elf.dir/Boardfiles/nucleol552zeq/Drivers/STM32L5xx_HAL_Driver/Src/stm32l5xx_hal_adc.c.obj
HAL_DMA_Abort_IT                                  CMakeFiles/ZeroPilot.elf.dir/Boardfiles/nucleol552zeq/Drivers/STM32L5xx_HAL_Driver/Src/stm32l5xx_hal_dma.c.obj
                                                  CMakeFiles/ZeroPilot.elf.dir/Boardfiles/nucleol552zeq/Drivers/STM32L5xx_HAL_Driver/Src/stm32l5xx_hal_uart.c.obj
                                                  CMakeFiles/ZeroPilot.elf.dir/Boardfiles/nucleol552zeq/Drivers/STM32L5xx_HAL_Driver/Src/stm32l5xx_hal_tim_ex.c.obj
                                                  CMakeFiles/ZeroPilot.elf.dir/Boardfiles/nucleol552zeq/Drivers/STM32L5xx_HAL_Driver/Src/stm32l5xx_hal_tim.c.obj
                                                  CMakeFiles/ZeroPilot.elf.dir/Boardfiles/nucleol552zeq/Drivers/STM32L5xx_HAL_Driver/Src/stm32l5xx_hal_spi.c.obj
                                                  CMakeFiles/ZeroPilot.elf.dir/Boardfiles/nucleol552zeq/Drivers/STM32L5xx_HAL_Driver/Src/stm32l5xx_hal_i2c.c.obj
HAL_DMA_ConfigChannelAttributes                   CMakeFiles/ZeroPilot.elf.dir/Boardfiles/nucleol552zeq/Drivers/STM32L5xx_HAL_Driver/Src/stm32l5xx_hal_dma.c.obj
HAL_DMA_DeInit                                    CMakeFiles/ZeroPilot.elf.dir/Boardfiles/nucleol552zeq/Drivers/STM32L5xx_HAL_Driver/Src/stm32l5xx_hal_dma.c.obj
HAL_DMA_GetConfigChannelAttributes                CMakeFiles/ZeroPilot.elf.dir/Boardfiles/nucleol552zeq/Drivers/STM32L5xx_HAL_Driver/Src/stm32l5xx_hal_dma.c.obj
HAL_DMA_GetError                                  CMakeFiles/ZeroPilot.elf.dir/Boardfiles/nucleol552zeq/Drivers/STM32L5xx_HAL_Driver/Src/stm32l5xx_hal_dma.c.obj
                                                  CMakeFiles/ZeroPilot.elf.dir/Boardfiles/nucleol552zeq/Drivers/STM32L5xx_HAL_Driver/Src/stm32l5xx_hal_uart.c.obj
HAL_DMA_GetState                                  CMakeFiles/ZeroPilot.elf.dir/Boardfiles/nucleol552zeq/Drivers/STM32L5xx_HAL_Driver/Src/stm32l5xx_hal_dma.c.obj
                                                  CMakeFiles/ZeroPilot.elf.dir/Boardfiles/nucleol552zeq/Drivers/STM32L5xx_HAL_Driver/Src/stm32l5xx_hal_i2c.c.obj
HAL_DMA_IRQHandler                                CMakeFiles/ZeroPilot.elf.dir/Boardfiles/nucleol552zeq/Drivers/STM32L5xx_HAL_Driver/Src/stm32l5xx_hal_dma.c.obj
HAL_DMA_Init                                      CMakeFiles/ZeroPilot.elf.dir/Boardfiles/nucleol552zeq/Drivers/STM32L5xx_HAL_Driver/Src/stm32l5xx_hal_dma.c.obj
HAL_DMA_PollForTransfer                           CMakeFiles/ZeroPilot.elf.dir/Boardfiles/nucleol552zeq/Drivers/STM32L5xx_HAL_Driver/Src/stm32l5xx_hal_dma.c.obj
HAL_DMA_RegisterCallback                          CMakeFiles/ZeroPilot.elf.dir/Boardfiles/nucleol552zeq/Drivers/STM32L5xx_HAL_Driver/Src/stm32l5xx_hal_dma.c.obj
HAL_DMA_Start                                     CMakeFiles/ZeroPilot.elf.dir/Boardfiles/nucleol552zeq/Drivers/STM32L5xx_HAL_Driver/Src/stm32l5xx_hal_dma.c.obj
HAL_DMA_Start_IT                                  CMakeFiles/ZeroPilot.elf.dir/Boardfiles/nucleol552zeq/Drivers/STM32L5xx_HAL_Driver/Src/stm32l5xx_hal_dma.c.obj
                                                  CMakeFiles/ZeroPilot.elf.dir/Boardfiles/nucleol552zeq/Drivers/STM32L5xx_HAL_Driver/Src/stm32l5xx_hal_uart.c.obj
                                                  CMakeFiles/ZeroPilot.elf.dir/Boardfiles/nucleol552zeq/Drivers/STM32L5xx_HAL_Driver/Src/stm32l5xx_hal_tim_ex.c.obj
                                                  CMakeFiles/ZeroPilot.elf.dir/Boardfiles/nucleol552zeq/Drivers/STM32L5xx_HAL_Driver/Src/stm32l5xx_hal_tim.c.obj
                                                  CMakeFiles/ZeroPilot.elf.dir/Boardfiles/nucleol552zeq/Drivers/STM32L5xx_HAL_Driver/Src/stm32l5xx_hal_spi.c.obj
                                                  CMakeFiles/ZeroPilot.elf.dir/Boardfiles/nucleol552zeq/Drivers/STM32L5xx_HAL_Driver/Src/stm32l5xx_hal_i2c.c.obj
                                                  CMakeFiles/ZeroPilot.elf.dir/Boardfiles/nucleol552zeq/Drivers/STM32L5xx_HAL_Driver/Src/stm32l5xx_hal_adc_ex.c.obj
                                                  CMakeFiles/ZeroPilot.elf.dir/Boardfiles/nucleol552zeq/Drivers/STM32L5xx_HAL_Driver/Src/stm32l5xx_hal_adc.c.obj
HAL_DMA_UnRegisterCallback                        CMakeFiles/ZeroPilot.elf.dir/Boardfiles/nucleol552zeq/Drivers/STM32L5xx_HAL_Driver/Src/stm32l5xx_hal_dma.c.obj
HAL_DeInit                                        CMakeFiles/ZeroPilot.elf.dir/Boardfiles/nucleol552zeq/Drivers/STM32L5xx_HAL_Driver/Src/stm32l5xx_hal.c.obj
HAL_Delay                                         CMakeFiles/ZeroPilot.elf.dir/Boardfiles/nucleol552zeq/Drivers/STM32L5xx_HAL_Driver/Src/stm32l5xx_hal.c.obj
                                                  CMakeFiles/ZeroPilot.elf.dir/Boardfiles/nucleol552zeq/Drivers/STM32L5xx_HAL_Driver/Src/stm32l5xx_hal_pcd_ex.c.obj
HAL_EXTI_ClearConfigLine                          CMakeFiles/ZeroPilot.elf.dir/Boardfiles/nucleol552zeq/Drivers/STM32L5xx_HAL_Driver/Src/stm32l5xx_hal_exti.c.obj
HAL_EXTI_ClearPending                             CMakeFiles/ZeroPilot.elf.dir/Boardfiles/nucleol552zeq/Drivers/STM32L5xx_HAL_Driver/Src/stm32l5xx_hal_exti.c.obj
HAL_EXTI_ConfigLineAttributes                     CMakeFiles/ZeroPilot.elf.dir/Boardfiles/nucleol552zeq/Drivers/STM32L5xx_HAL_Driver/Src/stm32l5xx_hal_exti.c.obj
HAL_EXTI_GenerateSWI                              CMakeFiles/ZeroPilot.elf.dir/Boardfiles/nucleol552zeq/Drivers/STM32L5xx_HAL_Driver/Src/stm32l5xx_hal_exti.c.obj
HAL_EXTI_GetConfigLine                            CMakeFiles/ZeroPilot.elf.dir/Boardfiles/nucleol552zeq/Drivers/STM32L5xx_HAL_Driver/Src/stm32l5xx_hal_exti.c.obj
HAL_EXTI_GetConfigLineAttributes                  CMakeFiles/ZeroPilot.elf.dir/Boardfiles/nucleol552zeq/Drivers/STM32L5xx_HAL_Driver/Src/stm32l5xx_hal_exti.c.obj
HAL_EXTI_GetHandle                                CMakeFiles/ZeroPilot.elf.dir/Boardfiles/nucleol552zeq/Drivers/STM32L5xx_HAL_Driver/Src/stm32l5xx_hal_exti.c.obj
HAL_EXTI_GetPending                               CMakeFiles/ZeroPilot.elf.dir/Boardfiles/nucleol552zeq/Drivers/STM32L5xx_HAL_Driver/Src/stm32l5xx_hal_exti.c.obj
HAL_EXTI_IRQHandler                               CMakeFiles/ZeroPilot.elf.dir/Boardfiles/nucleol552zeq/Drivers/STM32L5xx_HAL_Driver/Src/stm32l5xx_hal_exti.c.obj
HAL_EXTI_RegisterCallback                         CMakeFiles/ZeroPilot.elf.dir/Boardfiles/nucleol552zeq/Drivers/STM32L5xx_HAL_Driver/Src/stm32l5xx_hal_exti.c.obj
HAL_EXTI_SetConfigLine                            CMakeFiles/ZeroPilot.elf.dir/Boardfiles/nucleol552zeq/Drivers/STM32L5xx_HAL_Driver/Src/stm32l5xx_hal_exti.c.obj
HAL_FLASHEx_ConfigLVEPin                          CMakeFiles/ZeroPilot.elf.dir/Boardfiles/nucleol552zeq/Drivers/STM32L5xx_HAL_Driver/Src/stm32l5xx_hal_flash_ex.c.obj
HAL_FLASHEx_ConfigPrivMode                        CMakeFiles/ZeroPilot.elf.dir/Boardfiles/nucleol552zeq/Drivers/STM32L5xx_HAL_Driver/Src/stm32l5xx_hal_flash_ex.c.obj
HAL_FLASHEx_DisableRunPowerDown                   CMakeFiles/ZeroPilot.elf.dir/Boardfiles/nucleol552zeq/Drivers/STM32L5xx_HAL_Driver/Src/stm32l5xx_hal_flash_ramfunc.c.obj
HAL_FLASHEx_EnableRunPowerDown                    CMakeFiles/ZeroPilot.elf.dir/Boardfiles/nucleol552zeq/Drivers/STM32L5xx_HAL_Driver/Src/stm32l5xx_hal_flash_ramfunc.c.obj
HAL_FLASHEx_Erase                                 CMakeFiles/ZeroPilot.elf.dir/Boardfiles/nucleol552zeq/Drivers/STM32L5xx_HAL_Driver/Src/stm32l5xx_hal_flash_ex.c.obj
HAL_FLASHEx_Erase_IT                              CMakeFiles/ZeroPilot.elf.dir/Boardfiles/nucleol552zeq/Drivers/STM32L5xx_HAL_Driver/Src/stm32l5xx_hal_flash_ex.c.obj
HAL_FLASHEx_GetLVEPin                             CMakeFiles/ZeroPilot.elf.dir/Boardfiles/nucleol552zeq/Drivers/STM32L5xx_HAL_Driver/Src/stm32l5xx_hal_flash_ex.c.obj
HAL_FLASHEx_GetPrivMode                           CMakeFiles/ZeroPilot.elf.dir/Boardfiles/nucleol552zeq/Drivers/STM32L5xx_HAL_Driver/Src/stm32l5xx_hal_flash_ex.c.obj
HAL_FLASHEx_OBGetConfig                           CMakeFiles/ZeroPilot.elf.dir/Boardfiles/nucleol552zeq/Drivers/STM32L5xx_HAL_Driver/Src/stm32l5xx_hal_flash_ex.c.obj
HAL_FLASHEx_OBProgram                             CMakeFiles/ZeroPilot.elf.dir/Boardfiles/nucleol552zeq/Drivers/STM32L5xx_HAL_Driver/Src/stm32l5xx_hal_flash_ex.c.obj
HAL_FLASHEx_OB_DBankConfig                        CMakeFiles/ZeroPilot.elf.dir/Boardfiles/nucleol552zeq/Drivers/STM32L5xx_HAL_Driver/Src/stm32l5xx_hal_flash_ramfunc.c.obj
HAL_FLASH_EndOfOperationCallback                  CMakeFiles/ZeroPilot.elf.dir/Boardfiles/nucleol552zeq/Drivers/STM32L5xx_HAL_Driver/Src/stm32l5xx_hal_flash.c.obj
HAL_FLASH_GetError                                CMakeFiles/ZeroPilot.elf.dir/Boardfiles/nucleol552zeq/Drivers/STM32L5xx_HAL_Driver/Src/stm32l5xx_hal_flash.c.obj
HAL_FLASH_IRQHandler                              CMakeFiles/ZeroPilot.elf.dir/Boardfiles/nucleol552zeq/Drivers/STM32L5xx_HAL_Driver/Src/stm32l5xx_hal_flash.c.obj
HAL_FLASH_Lock                                    CMakeFiles/ZeroPilot.elf.dir/Boardfiles/nucleol552zeq/Drivers/STM32L5xx_HAL_Driver/Src/stm32l5xx_hal_flash.c.obj
HAL_FLASH_OB_Launch                               CMakeFiles/ZeroPilot.elf.dir/Boardfiles/nucleol552zeq/Drivers/STM32L5xx_HAL_Driver/Src/stm32l5xx_hal_flash.c.obj
HAL_FLASH_OB_Lock                                 CMakeFiles/ZeroPilot.elf.dir/Boardfiles/nucleol552zeq/Drivers/STM32L5xx_HAL_Driver/Src/stm32l5xx_hal_flash.c.obj
HAL_FLASH_OB_Unlock                               CMakeFiles/ZeroPilot.elf.dir/Boardfiles/nucleol552zeq/Drivers/STM32L5xx_HAL_Driver/Src/stm32l5xx_hal_flash.c.obj
HAL_FLASH_OperationErrorCallback                  CMakeFiles/ZeroPilot.elf.dir/Boardfiles/nucleol552zeq/Drivers/STM32L5xx_HAL_Driver/Src/stm32l5xx_hal_flash.c.obj
HAL_FLASH_Program                                 CMakeFiles/ZeroPilot.elf.dir/Boardfiles/nucleol552zeq/Drivers/STM32L5xx_HAL_Driver/Src/stm32l5xx_hal_flash.c.obj
HAL_FLASH_Program_IT                              CMakeFiles/ZeroPilot.elf.dir/Boardfiles/nucleol552zeq/Drivers/STM32L5xx_HAL_Driver/Src/stm32l5xx_hal_flash.c.obj
HAL_FLASH_Unlock                                  CMakeFiles/ZeroPilot.elf.dir/Boardfiles/nucleol552zeq/Drivers/STM32L5xx_HAL_Driver/Src/stm32l5xx_hal_flash.c.obj
HAL_GPIO_DeInit                                   CMakeFiles/ZeroPilot.elf.dir/Boardfiles/nucleol552zeq/Drivers/STM32L5xx_HAL_Driver/Src/stm32l5xx_hal_gpio.c.obj
HAL_GPIO_EXTI_Falling_Callback                    CMakeFiles/ZeroPilot.elf.dir/Boardfiles/nucleol552zeq/Drivers/STM32L5xx_HAL_Driver/Src/stm32l5xx_hal_gpio.c.obj
HAL_GPIO_EXTI_IRQHandler                          CMakeFiles/ZeroPilot.elf.dir/Boardfiles/nucleol552zeq/Drivers/STM32L5xx_HAL_Driver/Src/stm32l5xx_hal_gpio.c.obj
HAL_GPIO_EXTI_Rising_Callback                     CMakeFiles/ZeroPilot.elf.dir/Boardfiles/nucleol552zeq/Drivers/STM32L5xx_HAL_Driver/Src/stm32l5xx_hal_gpio.c.obj
HAL_GPIO_Init                                     CMakeFiles/ZeroPilot.elf.dir/Boardfiles/nucleol552zeq/Drivers/STM32L5xx_HAL_Driver/Src/stm32l5xx_hal_gpio.c.obj
                                                  CMakeFiles/ZeroPilot.elf.dir/Boardfiles/nucleol552zeq/Drivers/STM32L5xx_HAL_Driver/Src/stm32l5xx_hal_rcc_ex.c.obj
                                                  CMakeFiles/ZeroPilot.elf.dir/Boardfiles/nucleol552zeq/Drivers/STM32L5xx_HAL_Driver/Src/stm32l5xx_hal_rcc.c.obj
HAL_GPIO_LockPin                                  CMakeFiles/ZeroPilot.elf.dir/Boardfiles/nucleol552zeq/Drivers/STM32L5xx_HAL_Driver/Src/stm32l5xx_hal_gpio.c.obj
HAL_GPIO_ReadPin                                  CMakeFiles/ZeroPilot.elf.dir/Boardfiles/nucleol552zeq/Drivers/STM32L5xx_HAL_Driver/Src/stm32l5xx_hal_gpio.c.obj
HAL_GPIO_TogglePin                                CMakeFiles/ZeroPilot.elf.dir/Boardfiles/nucleol552zeq/Drivers/STM32L5xx_HAL_Driver/Src/stm32l5xx_hal_gpio.c.obj
HAL_GPIO_WritePin                                 CMakeFiles/ZeroPilot.elf.dir/Boardfiles/nucleol552zeq/Drivers/STM32L5xx_HAL_Driver/Src/stm32l5xx_hal_gpio.c.obj
HAL_GetDEVID                                      CMakeFiles/ZeroPilot.elf.dir/Boardfiles/nucleol552zeq/Drivers/STM32L5xx_HAL_Driver/Src/stm32l5xx_hal.c.obj
HAL_GetHalVersion                                 CMakeFiles/ZeroPilot.elf.dir/Boardfiles/nucleol552zeq/Drivers/STM32L5xx_HAL_Driver/Src/stm32l5xx_hal.c.obj
HAL_GetREVID                                      CMakeFiles/ZeroPilot.elf.dir/Boardfiles/nucleol552zeq/Drivers/STM32L5xx_HAL_Driver/Src/stm32l5xx_hal.c.obj
HAL_GetTick                                       CMakeFiles/ZeroPilot.elf.dir/Boardfiles/nucleol552zeq/Drivers/STM32L5xx_HAL_Driver/Src/stm32l5xx_hal.c.obj
                                                  CMakeFiles/ZeroPilot.elf.dir/Boardfiles/nucleol552zeq/Drivers/STM32L5xx_HAL_Driver/Src/stm32l5xx_hal_uart_ex.c.obj
                                                  CMakeFiles/ZeroPilot.elf.dir/Boardfiles/nucleol552zeq/Drivers/STM32L5xx_HAL_Driver/Src/stm32l5xx_hal_uart.c.obj
                                                  CMakeFiles/ZeroPilot.elf.dir/Boardfiles/nucleol552zeq/Drivers/STM32L5xx_HAL_Driver/Src/stm32l5xx_hal_tim_ex.c.obj
                                                  CMakeFiles/ZeroPilot.elf.dir/Boardfiles/nucleol552zeq/Drivers/STM32L5xx_HAL_Driver/Src/stm32l5xx_hal_spi.c.obj
                                                  CMakeFiles/ZeroPilot.elf.dir/Boardfiles/nucleol552zeq/Drivers/STM32L5xx_HAL_Driver/Src/stm32l5xx_hal_rtc_ex.c.obj
                                                  CMakeFiles/ZeroPilot.elf.dir/Boardfiles/nucleol552zeq/Drivers/STM32L5xx_HAL_Driver/Src/stm32l5xx_hal_rtc.c.obj
                                                  CMakeFiles/ZeroPilot.elf.dir/Boardfiles/nucleol552zeq/Drivers/STM32L5xx_HAL_Driver/Src/stm32l5xx_hal_rcc_ex.c.obj
                                                  CMakeFiles/ZeroPilot.elf.dir/Boardfiles/nucleol552zeq/Drivers/STM32L5xx_HAL_Driver/Src/stm32l5xx_hal_rcc.c.obj
                                                  CMakeFiles/ZeroPilot.elf.dir/Boardfiles/nucleol552zeq/Drivers/STM32L5xx_HAL_Driver/Src/stm32l5xx_hal_pcd_ex.c.obj
                                                  CMakeFiles/ZeroPilot.elf.dir/Boardfiles/nucleol552zeq/Drivers/STM32L5xx_HAL_Driver/Src/stm32l5xx_hal_icache.c.obj
                                                  CMakeFiles/ZeroPilot.elf.dir/Boardfiles/nucleol552zeq/Drivers/STM32L5xx_HAL_Driver/Src/stm32l5xx_hal_i2c.c.obj
                                                  CMakeFiles/ZeroPilot.elf.dir/Boardfiles/nucleol552zeq/Drivers/STM32L5xx_HAL_Driver/Src/stm32l5xx_hal_flash.c.obj
                                                  CMakeFiles/ZeroPilot.elf.dir/Boardfiles/nucleol552zeq/Drivers/STM32L5xx_HAL_Driver/Src/stm32l5xx_hal_dma.c.obj
                                                  CMakeFiles/ZeroPilot.elf.dir/Boardfiles/nucleol552zeq/Drivers/STM32L5xx_HAL_Driver/Src/stm32l5xx_hal_adc_ex.c.obj
                                                  CMakeFiles/ZeroPilot.elf.dir/Boardfiles/nucleol552zeq/Drivers/STM32L5xx_HAL_Driver/Src/stm32l5xx_hal_adc.c.obj
HAL_GetTickFreq                                   CMakeFiles/ZeroPilot.elf.dir/Boardfiles/nucleol552zeq/Drivers/STM32L5xx_HAL_Driver/Src/stm32l5xx_hal.c.obj
HAL_GetTickPrio                                   CMakeFiles/ZeroPilot.elf.dir/Boardfiles/nucleol552zeq/Drivers/STM32L5xx_HAL_Driver/Src/stm32l5xx_hal.c.obj
HAL_GetUIDw0                                      CMakeFiles/ZeroPilot.elf.dir/Boardfiles/nucleol552zeq/Drivers/STM32L5xx_HAL_Driver/Src/stm32l5xx_hal.c.obj
HAL_GetUIDw1                                      CMakeFiles/ZeroPilot.elf.dir/Boardfiles/nucleol552zeq/Drivers/STM32L5xx_HAL_Driver/Src/stm32l5xx_hal.c.obj
HAL_GetUIDw2                                      CMakeFiles/ZeroPilot.elf.dir/Boardfiles/nucleol552zeq/Drivers/STM32L5xx_HAL_Driver/Src/stm32l5xx_hal.c.obj
HAL_HalfDuplex_EnableReceiver                     CMakeFiles/ZeroPilot.elf.dir/Boardfiles/nucleol552zeq/Drivers/STM32L5xx_HAL_Driver/Src/stm32l5xx_hal_uart.c.obj
HAL_HalfDuplex_EnableTransmitter                  CMakeFiles/ZeroPilot.elf.dir/Boardfiles/nucleol552zeq/Drivers/STM32L5xx_HAL_Driver/Src/stm32l5xx_hal_uart.c.obj
HAL_HalfDuplex_Init                               CMakeFiles/ZeroPilot.elf.dir/Boardfiles/nucleol552zeq/Drivers/STM32L5xx_HAL_Driver/Src/stm32l5xx_hal_uart.c.obj
HAL_I2CEx_ConfigAnalogFilter                      CMakeFiles/ZeroPilot.elf.dir/Boardfiles/nucleol552zeq/Drivers/STM32L5xx_HAL_Driver/Src/stm32l5xx_hal_i2c_ex.c.obj
HAL_I2CEx_ConfigDigitalFilter                     CMakeFiles/ZeroPilot.elf.dir/Boardfiles/nucleol552zeq/Drivers/STM32L5xx_HAL_Driver/Src/stm32l5xx_hal_i2c_ex.c.obj
HAL_I2CEx_DisableFastModePlus                     CMakeFiles/ZeroPilot.elf.dir/Boardfiles/nucleol552zeq/Drivers/STM32L5xx_HAL_Driver/Src/stm32l5xx_hal_i2c_ex.c.obj
HAL_I2CEx_DisableWakeUp                           CMakeFiles/ZeroPilot.elf.dir/Boardfiles/nucleol552zeq/Drivers/STM32L5xx_HAL_Driver/Src/stm32l5xx_hal_i2c_ex.c.obj
HAL_I2CEx_EnableFastModePlus                      CMakeFiles/ZeroPilot.elf.dir/Boardfiles/nucleol552zeq/Drivers/STM32L5xx_HAL_Driver/Src/stm32l5xx_hal_i2c_ex.c.obj
HAL_I2CEx_EnableWakeUp                            CMakeFiles/ZeroPilot.elf.dir/Boardfiles/nucleol552zeq/Drivers/STM32L5xx_HAL_Driver/Src/stm32l5xx_hal_i2c_ex.c.obj
HAL_I2C_AbortCpltCallback                         CMakeFiles/ZeroPilot.elf.dir/Boardfiles/nucleol552zeq/Drivers/STM32L5xx_HAL_Driver/Src/stm32l5xx_hal_i2c.c.obj
HAL_I2C_AddrCallback                              CMakeFiles/ZeroPilot.elf.dir/Boardfiles/nucleol552zeq/Drivers/STM32L5xx_HAL_Driver/Src/stm32l5xx_hal_i2c.c.obj
HAL_I2C_DeInit                                    CMakeFiles/ZeroPilot.elf.dir/Boardfiles/nucleol552zeq/Drivers/STM32L5xx_HAL_Driver/Src/stm32l5xx_hal_i2c.c.obj
HAL_I2C_DisableListen_IT                          CMakeFiles/ZeroPilot.elf.dir/Boardfiles/nucleol552zeq/Drivers/STM32L5xx_HAL_Driver/Src/stm32l5xx_hal_i2c.c.obj
HAL_I2C_ER_IRQHandler                             CMakeFiles/ZeroPilot.elf.dir/Boardfiles/nucleol552zeq/Drivers/STM32L5xx_HAL_Driver/Src/stm32l5xx_hal_i2c.c.obj
HAL_I2C_EV_IRQHandler                             CMakeFiles/ZeroPilot.elf.dir/Boardfiles/nucleol552zeq/Drivers/STM32L5xx_HAL_Driver/Src/stm32l5xx_hal_i2c.c.obj
HAL_I2C_EnableListen_IT                           CMakeFiles/ZeroPilot.elf.dir/Boardfiles/nucleol552zeq/Drivers/STM32L5xx_HAL_Driver/Src/stm32l5xx_hal_i2c.c.obj
HAL_I2C_ErrorCallback                             CMakeFiles/ZeroPilot.elf.dir/Boardfiles/nucleol552zeq/Drivers/STM32L5xx_HAL_Driver/Src/stm32l5xx_hal_i2c.c.obj
HAL_I2C_GetError                                  CMakeFiles/ZeroPilot.elf.dir/Boardfiles/nucleol552zeq/Drivers/STM32L5xx_HAL_Driver/Src/stm32l5xx_hal_i2c.c.obj
HAL_I2C_GetMode                                   CMakeFiles/ZeroPilot.elf.dir/Boardfiles/nucleol552zeq/Drivers/STM32L5xx_HAL_Driver/Src/stm32l5xx_hal_i2c.c.obj
HAL_I2C_GetState                                  CMakeFiles/ZeroPilot.elf.dir/Boardfiles/nucleol552zeq/Drivers/STM32L5xx_HAL_Driver/Src/stm32l5xx_hal_i2c.c.obj
HAL_I2C_Init                                      CMakeFiles/ZeroPilot.elf.dir/Boardfiles/nucleol552zeq/Drivers/STM32L5xx_HAL_Driver/Src/stm32l5xx_hal_i2c.c.obj
HAL_I2C_IsDeviceReady                             CMakeFiles/ZeroPilot.elf.dir/Boardfiles/nucleol552zeq/Drivers/STM32L5xx_HAL_Driver/Src/stm32l5xx_hal_i2c.c.obj
HAL_I2C_ListenCpltCallback                        CMakeFiles/ZeroPilot.elf.dir/Boardfiles/nucleol552zeq/Drivers/STM32L5xx_HAL_Driver/Src/stm32l5xx_hal_i2c.c.obj
HAL_I2C_MasterRxCpltCallback                      CMakeFiles/ZeroPilot.elf.dir/Boardfiles/nucleol552zeq/Drivers/STM32L5xx_HAL_Driver/Src/stm32l5xx_hal_i2c.c.obj
HAL_I2C_MasterTxCpltCallback                      CMakeFiles/ZeroPilot.elf.dir/Boardfiles/nucleol552zeq/Drivers/STM32L5xx_HAL_Driver/Src/stm32l5xx_hal_i2c.c.obj
HAL_I2C_Master_Abort_IT                           CMakeFiles/ZeroPilot.elf.dir/Boardfiles/nucleol552zeq/Drivers/STM32L5xx_HAL_Driver/Src/stm32l5xx_hal_i2c.c.obj
HAL_I2C_Master_Receive                            CMakeFiles/ZeroPilot.elf.dir/Boardfiles/nucleol552zeq/Drivers/STM32L5xx_HAL_Driver/Src/stm32l5xx_hal_i2c.c.obj
HAL_I2C_Master_Receive_DMA                        CMakeFiles/ZeroPilot.elf.dir/Boardfiles/nucleol552zeq/Drivers/STM32L5xx_HAL_Driver/Src/stm32l5xx_hal_i2c.c.obj
HAL_I2C_Master_Receive_IT                         CMakeFiles/ZeroPilot.elf.dir/Boardfiles/nucleol552zeq/Drivers/STM32L5xx_HAL_Driver/Src/stm32l5xx_hal_i2c.c.obj
HAL_I2C_Master_Seq_Receive_DMA                    CMakeFiles/ZeroPilot.elf.dir/Boardfiles/nucleol552zeq/Drivers/STM32L5xx_HAL_Driver/Src/stm32l5xx_hal_i2c.c.obj
HAL_I2C_Master_Seq_Receive_IT                     CMakeFiles/ZeroPilot.elf.dir/Boardfiles/nucleol552zeq/Drivers/STM32L5xx_HAL_Driver/Src/stm32l5xx_hal_i2c.c.obj
HAL_I2C_Master_Seq_Transmit_DMA                   CMakeFiles/ZeroPilot.elf.dir/Boardfiles/nucleol552zeq/Drivers/STM32L5xx_HAL_Driver/Src/stm32l5xx_hal_i2c.c.obj
HAL_I2C_Master_Seq_Transmit_IT                    CMakeFiles/ZeroPilot.elf.dir/Boardfiles/nucleol552zeq/Drivers/STM32L5xx_HAL_Driver/Src/stm32l5xx_hal_i2c.c.obj
HAL_I2C_Master_Transmit                           CMakeFiles/ZeroPilot.elf.dir/Boardfiles/nucleol552zeq/Drivers/STM32L5xx_HAL_Driver/Src/stm32l5xx_hal_i2c.c.obj
HAL_I2C_Master_Transmit_DMA                       CMakeFiles/ZeroPilot.elf.dir/Boardfiles/nucleol552zeq/Drivers/STM32L5xx_HAL_Driver/Src/stm32l5xx_hal_i2c.c.obj
HAL_I2C_Master_Transmit_IT                        CMakeFiles/ZeroPilot.elf.dir/Boardfiles/nucleol552zeq/Drivers/STM32L5xx_HAL_Driver/Src/stm32l5xx_hal_i2c.c.obj
HAL_I2C_MemRxCpltCallback                         CMakeFiles/ZeroPilot.elf.dir/Boardfiles/nucleol552zeq/Drivers/STM32L5xx_HAL_Driver/Src/stm32l5xx_hal_i2c.c.obj
HAL_I2C_MemTxCpltCallback                         CMakeFiles/ZeroPilot.elf.dir/Boardfiles/nucleol552zeq/Drivers/STM32L5xx_HAL_Driver/Src/stm32l5xx_hal_i2c.c.obj
HAL_I2C_Mem_Read                                  CMakeFiles/ZeroPilot.elf.dir/Boardfiles/nucleol552zeq/Drivers/STM32L5xx_HAL_Driver/Src/stm32l5xx_hal_i2c.c.obj
HAL_I2C_Mem_Read_DMA                              CMakeFiles/ZeroPilot.elf.dir/Boardfiles/nucleol552zeq/Drivers/STM32L5xx_HAL_Driver/Src/stm32l5xx_hal_i2c.c.obj
HAL_I2C_Mem_Read_IT                               CMakeFiles/ZeroPilot.elf.dir/Boardfiles/nucleol552zeq/Drivers/STM32L5xx_HAL_Driver/Src/stm32l5xx_hal_i2c.c.obj
HAL_I2C_Mem_Write                                 CMakeFiles/ZeroPilot.elf.dir/Boardfiles/nucleol552zeq/Drivers/STM32L5xx_HAL_Driver/Src/stm32l5xx_hal_i2c.c.obj
HAL_I2C_Mem_Write_DMA                             CMakeFiles/ZeroPilot.elf.dir/Boardfiles/nucleol552zeq/Drivers/STM32L5xx_HAL_Driver/Src/stm32l5xx_hal_i2c.c.obj
HAL_I2C_Mem_Write_IT                              CMakeFiles/ZeroPilot.elf.dir/Boardfiles/nucleol552zeq/Drivers/STM32L5xx_HAL_Driver/Src/stm32l5xx_hal_i2c.c.obj
HAL_I2C_MspDeInit                                 CMakeFiles/ZeroPilot.elf.dir/Boardfiles/nucleol552zeq/Drivers/STM32L5xx_HAL_Driver/Src/stm32l5xx_hal_i2c.c.obj
HAL_I2C_MspInit                                   CMakeFiles/ZeroPilot.elf.dir/Boardfiles/nucleol552zeq/Drivers/STM32L5xx_HAL_Driver/Src/stm32l5xx_hal_i2c.c.obj
HAL_I2C_SlaveRxCpltCallback                       CMakeFiles/ZeroPilot.elf.dir/Boardfiles/nucleol552zeq/Drivers/STM32L5xx_HAL_Driver/Src/stm32l5xx_hal_i2c.c.obj
HAL_I2C_SlaveTxCpltCallback                       CMakeFiles/ZeroPilot.elf.dir/Boardfiles/nucleol552zeq/Drivers/STM32L5xx_HAL_Driver/Src/stm32l5xx_hal_i2c.c.obj
HAL_I2C_Slave_Receive                             CMakeFiles/ZeroPilot.elf.dir/Boardfiles/nucleol552zeq/Drivers/STM32L5xx_HAL_Driver/Src/stm32l5xx_hal_i2c.c.obj
HAL_I2C_Slave_Receive_DMA                         CMakeFiles/ZeroPilot.elf.dir/Boardfiles/nucleol552zeq/Drivers/STM32L5xx_HAL_Driver/Src/stm32l5xx_hal_i2c.c.obj
HAL_I2C_Slave_Receive_IT                          CMakeFiles/ZeroPilot.elf.dir/Boardfiles/nucleol552zeq/Drivers/STM32L5xx_HAL_Driver/Src/stm32l5xx_hal_i2c.c.obj
HAL_I2C_Slave_Seq_Receive_DMA                     CMakeFiles/ZeroPilot.elf.dir/Boardfiles/nucleol552zeq/Drivers/STM32L5xx_HAL_Driver/Src/stm32l5xx_hal_i2c.c.obj
HAL_I2C_Slave_Seq_Receive_IT                      CMakeFiles/ZeroPilot.elf.dir/Boardfiles/nucleol552zeq/Drivers/STM32L5xx_HAL_Driver/Src/stm32l5xx_hal_i2c.c.obj
HAL_I2C_Slave_Seq_Transmit_DMA                    CMakeFiles/ZeroPilot.elf.dir/Boardfiles/nucleol552zeq/Drivers/STM32L5xx_HAL_Driver/Src/stm32l5xx_hal_i2c.c.obj
HAL_I2C_Slave_Seq_Transmit_IT                     CMakeFiles/ZeroPilot.elf.dir/Boardfiles/nucleol552zeq/Drivers/STM32L5xx_HAL_Driver/Src/stm32l5xx_hal_i2c.c.obj
HAL_I2C_Slave_Transmit                            CMakeFiles/ZeroPilot.elf.dir/Boardfiles/nucleol552zeq/Drivers/STM32L5xx_HAL_Driver/Src/stm32l5xx_hal_i2c.c.obj
HAL_I2C_Slave_Transmit_DMA                        CMakeFiles/ZeroPilot.elf.dir/Boardfiles/nucleol552zeq/Drivers/STM32L5xx_HAL_Driver/Src/stm32l5xx_hal_i2c.c.obj
HAL_I2C_Slave_Transmit_IT                         CMakeFiles/ZeroPilot.elf.dir/Boardfiles/nucleol552zeq/Drivers/STM32L5xx_HAL_Driver/Src/stm32l5xx_hal_i2c.c.obj
HAL_ICACHE_ConfigAssociativityMode                CMakeFiles/ZeroPilot.elf.dir/Boardfiles/nucleol552zeq/Drivers/STM32L5xx_HAL_Driver/Src/stm32l5xx_hal_icache.c.obj
HAL_ICACHE_DeInit                                 CMakeFiles/ZeroPilot.elf.dir/Boardfiles/nucleol552zeq/Drivers/STM32L5xx_HAL_Driver/Src/stm32l5xx_hal_icache.c.obj
HAL_ICACHE_Disable                                CMakeFiles/ZeroPilot.elf.dir/Boardfiles/nucleol552zeq/Drivers/STM32L5xx_HAL_Driver/Src/stm32l5xx_hal_icache.c.obj
HAL_ICACHE_DisableRemapRegion                     CMakeFiles/ZeroPilot.elf.dir/Boardfiles/nucleol552zeq/Drivers/STM32L5xx_HAL_Driver/Src/stm32l5xx_hal_icache.c.obj
HAL_ICACHE_Enable                                 CMakeFiles/ZeroPilot.elf.dir/Boardfiles/nucleol552zeq/Drivers/STM32L5xx_HAL_Driver/Src/stm32l5xx_hal_icache.c.obj
HAL_ICACHE_EnableRemapRegion                      CMakeFiles/ZeroPilot.elf.dir/Boardfiles/nucleol552zeq/Drivers/STM32L5xx_HAL_Driver/Src/stm32l5xx_hal_icache.c.obj
HAL_ICACHE_ErrorCallback                          CMakeFiles/ZeroPilot.elf.dir/Boardfiles/nucleol552zeq/Drivers/STM32L5xx_HAL_Driver/Src/stm32l5xx_hal_icache.c.obj
HAL_ICACHE_IRQHandler                             CMakeFiles/ZeroPilot.elf.dir/Boardfiles/nucleol552zeq/Drivers/STM32L5xx_HAL_Driver/Src/stm32l5xx_hal_icache.c.obj
HAL_ICACHE_Invalidate                             CMakeFiles/ZeroPilot.elf.dir/Boardfiles/nucleol552zeq/Drivers/STM32L5xx_HAL_Driver/Src/stm32l5xx_hal_icache.c.obj
HAL_ICACHE_InvalidateCompleteCallback             CMakeFiles/ZeroPilot.elf.dir/Boardfiles/nucleol552zeq/Drivers/STM32L5xx_HAL_Driver/Src/stm32l5xx_hal_icache.c.obj
HAL_ICACHE_Invalidate_IT                          CMakeFiles/ZeroPilot.elf.dir/Boardfiles/nucleol552zeq/Drivers/STM32L5xx_HAL_Driver/Src/stm32l5xx_hal_icache.c.obj
HAL_ICACHE_IsEnabled                              CMakeFiles/ZeroPilot.elf.dir/Boardfiles/nucleol552zeq/Drivers/STM32L5xx_HAL_Driver/Src/stm32l5xx_hal_icache.c.obj
HAL_ICACHE_Monitor_GetHitValue                    CMakeFiles/ZeroPilot.elf.dir/Boardfiles/nucleol552zeq/Drivers/STM32L5xx_HAL_Driver/Src/stm32l5xx_hal_icache.c.obj
HAL_ICACHE_Monitor_GetMissValue                   CMakeFiles/ZeroPilot.elf.dir/Boardfiles/nucleol552zeq/Drivers/STM32L5xx_HAL_Driver/Src/stm32l5xx_hal_icache.c.obj
HAL_ICACHE_Monitor_Reset                          CMakeFiles/ZeroPilot.elf.dir/Boardfiles/nucleol552zeq/Drivers/STM32L5xx_HAL_Driver/Src/stm32l5xx_hal_icache.c.obj
HAL_ICACHE_Monitor_Start                          CMakeFiles/ZeroPilot.elf.dir/Boardfiles/nucleol552zeq/Drivers/STM32L5xx_HAL_Driver/Src/stm32l5xx_hal_icache.c.obj
HAL_ICACHE_Monitor_Stop                           CMakeFiles/ZeroPilot.elf.dir/Boardfiles/nucleol552zeq/Drivers/STM32L5xx_HAL_Driver/Src/stm32l5xx_hal_icache.c.obj
HAL_ICACHE_WaitForInvalidateComplete              CMakeFiles/ZeroPilot.elf.dir/Boardfiles/nucleol552zeq/Drivers/STM32L5xx_HAL_Driver/Src/stm32l5xx_hal_icache.c.obj
HAL_IncTick                                       CMakeFiles/ZeroPilot.elf.dir/Boardfiles/nucleol552zeq/Drivers/STM32L5xx_HAL_Driver/Src/stm32l5xx_hal.c.obj
HAL_Init                                          CMakeFiles/ZeroPilot.elf.dir/Boardfiles/nucleol552zeq/Drivers/STM32L5xx_HAL_Driver/Src/stm32l5xx_hal.c.obj
HAL_InitTick                                      CMakeFiles/ZeroPilot.elf.dir/Boardfiles/nucleol552zeq/Drivers/STM32L5xx_HAL_Driver/Src/stm32l5xx_hal.c.obj
                                                  CMakeFiles/ZeroPilot.elf.dir/Boardfiles/nucleol552zeq/Drivers/STM32L5xx_HAL_Driver/Src/stm32l5xx_hal_rcc.c.obj
HAL_LIN_Init                                      CMakeFiles/ZeroPilot.elf.dir/Boardfiles/nucleol552zeq/Drivers/STM32L5xx_HAL_Driver/Src/stm32l5xx_hal_uart.c.obj
HAL_LIN_SendBreak                                 CMakeFiles/ZeroPilot.elf.dir/Boardfiles/nucleol552zeq/Drivers/STM32L5xx_HAL_Driver/Src/stm32l5xx_hal_uart.c.obj
HAL_MPU_ConfigMemoryAttributes                    CMakeFiles/ZeroPilot.elf.dir/Boardfiles/nucleol552zeq/Drivers/STM32L5xx_HAL_Driver/Src/stm32l5xx_hal_cortex.c.obj
HAL_MPU_ConfigRegion                              CMakeFiles/ZeroPilot.elf.dir/Boardfiles/nucleol552zeq/Drivers/STM32L5xx_HAL_Driver/Src/stm32l5xx_hal_cortex.c.obj
HAL_MPU_Disable                                   CMakeFiles/ZeroPilot.elf.dir/Boardfiles/nucleol552zeq/Drivers/STM32L5xx_HAL_Driver/Src/stm32l5xx_hal_cortex.c.obj
HAL_MPU_Enable                                    CMakeFiles/ZeroPilot.elf.dir/Boardfiles/nucleol552zeq/Drivers/STM32L5xx_HAL_Driver/Src/stm32l5xx_hal_cortex.c.obj
HAL_MspDeInit                                     CMakeFiles/ZeroPilot.elf.dir/Boardfiles/nucleol552zeq/Drivers/STM32L5xx_HAL_Driver/Src/stm32l5xx_hal.c.obj
HAL_MspInit                                       CMakeFiles/ZeroPilot.elf.dir/Boardfiles/nucleol552zeq/Drivers/STM32L5xx_HAL_Driver/Src/stm32l5xx_hal.c.obj
HAL_MultiProcessorEx_AddressLength_Set            CMakeFiles/ZeroPilot.elf.dir/Boardfiles/nucleol552zeq/Drivers/STM32L5xx_HAL_Driver/Src/stm32l5xx_hal_uart_ex.c.obj
HAL_MultiProcessor_DisableMuteMode                CMakeFiles/ZeroPilot.elf.dir/Boardfiles/nucleol552zeq/Drivers/STM32L5xx_HAL_Driver/Src/stm32l5xx_hal_uart.c.obj
HAL_MultiProcessor_EnableMuteMode                 CMakeFiles/ZeroPilot.elf.dir/Boardfiles/nucleol552zeq/Drivers/STM32L5xx_HAL_Driver/Src/stm32l5xx_hal_uart.c.obj
HAL_MultiProcessor_EnterMuteMode                  CMakeFiles/ZeroPilot.elf.dir/Boardfiles/nucleol552zeq/Drivers/STM32L5xx_HAL_Driver/Src/stm32l5xx_hal_uart.c.obj
HAL_MultiProcessor_Init                           CMakeFiles/ZeroPilot.elf.dir/Boardfiles/nucleol552zeq/Drivers/STM32L5xx_HAL_Driver/Src/stm32l5xx_hal_uart.c.obj
HAL_NVIC_ClearPendingIRQ                          CMakeFiles/ZeroPilot.elf.dir/Boardfiles/nucleol552zeq/Drivers/STM32L5xx_HAL_Driver/Src/stm32l5xx_hal_cortex.c.obj
HAL_NVIC_DisableIRQ                               CMakeFiles/ZeroPilot.elf.dir/Boardfiles/nucleol552zeq/Drivers/STM32L5xx_HAL_Driver/Src/stm32l5xx_hal_cortex.c.obj
HAL_NVIC_EnableIRQ                                CMakeFiles/ZeroPilot.elf.dir/Boardfiles/nucleol552zeq/Drivers/STM32L5xx_HAL_Driver/Src/stm32l5xx_hal_cortex.c.obj
HAL_NVIC_GetActive                                CMakeFiles/ZeroPilot.elf.dir/Boardfiles/nucleol552zeq/Drivers/STM32L5xx_HAL_Driver/Src/stm32l5xx_hal_cortex.c.obj
HAL_NVIC_GetPendingIRQ                            CMakeFiles/ZeroPilot.elf.dir/Boardfiles/nucleol552zeq/Drivers/STM32L5xx_HAL_Driver/Src/stm32l5xx_hal_cortex.c.obj
HAL_NVIC_GetPriority                              CMakeFiles/ZeroPilot.elf.dir/Boardfiles/nucleol552zeq/Drivers/STM32L5xx_HAL_Driver/Src/stm32l5xx_hal_cortex.c.obj
HAL_NVIC_GetPriorityGrouping                      CMakeFiles/ZeroPilot.elf.dir/Boardfiles/nucleol552zeq/Drivers/STM32L5xx_HAL_Driver/Src/stm32l5xx_hal_cortex.c.obj
HAL_NVIC_SetPendingIRQ                            CMakeFiles/ZeroPilot.elf.dir/Boardfiles/nucleol552zeq/Drivers/STM32L5xx_HAL_Driver/Src/stm32l5xx_hal_cortex.c.obj
HAL_NVIC_SetPriority                              CMakeFiles/ZeroPilot.elf.dir/Boardfiles/nucleol552zeq/Drivers/STM32L5xx_HAL_Driver/Src/stm32l5xx_hal_cortex.c.obj
                                                  CMakeFiles/ZeroPilot.elf.dir/Boardfiles/nucleol552zeq/Drivers/STM32L5xx_HAL_Driver/Src/stm32l5xx_hal.c.obj
HAL_NVIC_SetPriorityGrouping                      CMakeFiles/ZeroPilot.elf.dir/Boardfiles/nucleol552zeq/Drivers/STM32L5xx_HAL_Driver/Src/stm32l5xx_hal_cortex.c.obj
                                                  CMakeFiles/ZeroPilot.elf.dir/Boardfiles/nucleol552zeq/Drivers/STM32L5xx_HAL_Driver/Src/stm32l5xx_hal.c.obj
HAL_NVIC_SystemReset                              CMakeFiles/ZeroPilot.elf.dir/Boardfiles/nucleol552zeq/Drivers/STM32L5xx_HAL_Driver/Src/stm32l5xx_hal_cortex.c.obj
HAL_PCDEx_ActivateBCD                             CMakeFiles/ZeroPilot.elf.dir/Boardfiles/nucleol552zeq/Drivers/STM32L5xx_HAL_Driver/Src/stm32l5xx_hal_pcd_ex.c.obj
HAL_PCDEx_ActivateLPM                             CMakeFiles/ZeroPilot.elf.dir/Boardfiles/nucleol552zeq/Drivers/STM32L5xx_HAL_Driver/Src/stm32l5xx_hal_pcd_ex.c.obj
                                                  CMakeFiles/ZeroPilot.elf.dir/Boardfiles/nucleol552zeq/Drivers/STM32L5xx_HAL_Driver/Src/stm32l5xx_hal_pcd.c.obj
HAL_PCDEx_BCD_Callback                            CMakeFiles/ZeroPilot.elf.dir/Boardfiles/nucleol552zeq/Drivers/STM32L5xx_HAL_Driver/Src/stm32l5xx_hal_pcd_ex.c.obj
HAL_PCDEx_BCD_VBUSDetect                          CMakeFiles/ZeroPilot.elf.dir/Boardfiles/nucleol552zeq/Drivers/STM32L5xx_HAL_Driver/Src/stm32l5xx_hal_pcd_ex.c.obj
HAL_PCDEx_DeActivateBCD                           CMakeFiles/ZeroPilot.elf.dir/Boardfiles/nucleol552zeq/Drivers/STM32L5xx_HAL_Driver/Src/stm32l5xx_hal_pcd_ex.c.obj
HAL_PCDEx_DeActivateLPM                           CMakeFiles/ZeroPilot.elf.dir/Boardfiles/nucleol552zeq/Drivers/STM32L5xx_HAL_Driver/Src/stm32l5xx_hal_pcd_ex.c.obj
HAL_PCDEx_LPM_Callback                            CMakeFiles/ZeroPilot.elf.dir/Boardfiles/nucleol552zeq/Drivers/STM32L5xx_HAL_Driver/Src/stm32l5xx_hal_pcd_ex.c.obj
                                                  CMakeFiles/ZeroPilot.elf.dir/Boardfiles/nucleol552zeq/Drivers/STM32L5xx_HAL_Driver/Src/stm32l5xx_hal_pcd.c.obj
HAL_PCDEx_PMAConfig                               CMakeFiles/ZeroPilot.elf.dir/Boardfiles/nucleol552zeq/Drivers/STM32L5xx_HAL_Driver/Src/stm32l5xx_hal_pcd_ex.c.obj
HAL_PCD_ActivateRemoteWakeup                      CMakeFiles/ZeroPilot.elf.dir/Boardfiles/nucleol552zeq/Drivers/STM32L5xx_HAL_Driver/Src/stm32l5xx_hal_pcd.c.obj
HAL_PCD_ConnectCallback                           CMakeFiles/ZeroPilot.elf.dir/Boardfiles/nucleol552zeq/Drivers/STM32L5xx_HAL_Driver/Src/stm32l5xx_hal_pcd.c.obj
HAL_PCD_DataInStageCallback                       CMakeFiles/ZeroPilot.elf.dir/Boardfiles/nucleol552zeq/Drivers/STM32L5xx_HAL_Driver/Src/stm32l5xx_hal_pcd.c.obj
HAL_PCD_DataOutStageCallback                      CMakeFiles/ZeroPilot.elf.dir/Boardfiles/nucleol552zeq/Drivers/STM32L5xx_HAL_Driver/Src/stm32l5xx_hal_pcd.c.obj
HAL_PCD_DeActivateRemoteWakeup                    CMakeFiles/ZeroPilot.elf.dir/Boardfiles/nucleol552zeq/Drivers/STM32L5xx_HAL_Driver/Src/stm32l5xx_hal_pcd.c.obj
HAL_PCD_DeInit                                    CMakeFiles/ZeroPilot.elf.dir/Boardfiles/nucleol552zeq/Drivers/STM32L5xx_HAL_Driver/Src/stm32l5xx_hal_pcd.c.obj
HAL_PCD_DevConnect                                CMakeFiles/ZeroPilot.elf.dir/Boardfiles/nucleol552zeq/Drivers/STM32L5xx_HAL_Driver/Src/stm32l5xx_hal_pcd.c.obj
HAL_PCD_DevDisconnect                             CMakeFiles/ZeroPilot.elf.dir/Boardfiles/nucleol552zeq/Drivers/STM32L5xx_HAL_Driver/Src/stm32l5xx_hal_pcd.c.obj
HAL_PCD_DisconnectCallback                        CMakeFiles/ZeroPilot.elf.dir/Boardfiles/nucleol552zeq/Drivers/STM32L5xx_HAL_Driver/Src/stm32l5xx_hal_pcd.c.obj
HAL_PCD_EP_Abort                                  CMakeFiles/ZeroPilot.elf.dir/Boardfiles/nucleol552zeq/Drivers/STM32L5xx_HAL_Driver/Src/stm32l5xx_hal_pcd.c.obj
HAL_PCD_EP_Close                                  CMakeFiles/ZeroPilot.elf.dir/Boardfiles/nucleol552zeq/Drivers/STM32L5xx_HAL_Driver/Src/stm32l5xx_hal_pcd.c.obj
HAL_PCD_EP_ClrStall                               CMakeFiles/ZeroPilot.elf.dir/Boardfiles/nucleol552zeq/Drivers/STM32L5xx_HAL_Driver/Src/stm32l5xx_hal_pcd.c.obj
HAL_PCD_EP_Flush                                  CMakeFiles/ZeroPilot.elf.dir/Boardfiles/nucleol552zeq/Drivers/STM32L5xx_HAL_Driver/Src/stm32l5xx_hal_pcd.c.obj
HAL_PCD_EP_GetRxCount                             CMakeFiles/ZeroPilot.elf.dir/Boardfiles/nucleol552zeq/Drivers/STM32L5xx_HAL_Driver/Src/stm32l5xx_hal_pcd.c.obj
HAL_PCD_EP_Open                                   CMakeFiles/ZeroPilot.elf.dir/Boardfiles/nucleol552zeq/Drivers/STM32L5xx_HAL_Driver/Src/stm32l5xx_hal_pcd.c.obj
HAL_PCD_EP_Receive                                CMakeFiles/ZeroPilot.elf.dir/Boardfiles/nucleol552zeq/Drivers/STM32L5xx_HAL_Driver/Src/stm32l5xx_hal_pcd.c.obj
HAL_PCD_EP_SetStall                               CMakeFiles/ZeroPilot.elf.dir/Boardfiles/nucleol552zeq/Drivers/STM32L5xx_HAL_Driver/Src/stm32l5xx_hal_pcd.c.obj
HAL_PCD_EP_Transmit                               CMakeFiles/ZeroPilot.elf.dir/Boardfiles/nucleol552zeq/Drivers/STM32L5xx_HAL_Driver/Src/stm32l5xx_hal_pcd.c.obj
HAL_PCD_GetState                                  CMakeFiles/ZeroPilot.elf.dir/Boardfiles/nucleol552zeq/Drivers/STM32L5xx_HAL_Driver/Src/stm32l5xx_hal_pcd.c.obj
HAL_PCD_IRQHandler                                CMakeFiles/ZeroPilot.elf.dir/Boardfiles/nucleol552zeq/Drivers/STM32L5xx_HAL_Driver/Src/stm32l5xx_hal_pcd.c.obj
HAL_PCD_ISOINIncompleteCallback                   CMakeFiles/ZeroPilot.elf.dir/Boardfiles/nucleol552zeq/Drivers/STM32L5xx_HAL_Driver/Src/stm32l5xx_hal_pcd.c.obj
HAL_PCD_ISOOUTIncompleteCallback                  CMakeFiles/ZeroPilot.elf.dir/Boardfiles/nucleol552zeq/Drivers/STM32L5xx_HAL_Driver/Src/stm32l5xx_hal_pcd.c.obj
HAL_PCD_Init                                      CMakeFiles/ZeroPilot.elf.dir/Boardfiles/nucleol552zeq/Drivers/STM32L5xx_HAL_Driver/Src/stm32l5xx_hal_pcd.c.obj
HAL_PCD_MspDeInit                                 CMakeFiles/ZeroPilot.elf.dir/Boardfiles/nucleol552zeq/Drivers/STM32L5xx_HAL_Driver/Src/stm32l5xx_hal_pcd.c.obj
HAL_PCD_MspInit                                   CMakeFiles/ZeroPilot.elf.dir/Boardfiles/nucleol552zeq/Drivers/STM32L5xx_HAL_Driver/Src/stm32l5xx_hal_pcd.c.obj
HAL_PCD_ResetCallback                             CMakeFiles/ZeroPilot.elf.dir/Boardfiles/nucleol552zeq/Drivers/STM32L5xx_HAL_Driver/Src/stm32l5xx_hal_pcd.c.obj
HAL_PCD_ResumeCallback                            CMakeFiles/ZeroPilot.elf.dir/Boardfiles/nucleol552zeq/Drivers/STM32L5xx_HAL_Driver/Src/stm32l5xx_hal_pcd.c.obj
HAL_PCD_SOFCallback                               CMakeFiles/ZeroPilot.elf.dir/Boardfiles/nucleol552zeq/Drivers/STM32L5xx_HAL_Driver/Src/stm32l5xx_hal_pcd.c.obj
HAL_PCD_SetAddress                                CMakeFiles/ZeroPilot.elf.dir/Boardfiles/nucleol552zeq/Drivers/STM32L5xx_HAL_Driver/Src/stm32l5xx_hal_pcd.c.obj
HAL_PCD_SetupStageCallback                        CMakeFiles/ZeroPilot.elf.dir/Boardfiles/nucleol552zeq/Drivers/STM32L5xx_HAL_Driver/Src/stm32l5xx_hal_pcd.c.obj
HAL_PCD_Start                                     CMakeFiles/ZeroPilot.elf.dir/Boardfiles/nucleol552zeq/Drivers/STM32L5xx_HAL_Driver/Src/stm32l5xx_hal_pcd.c.obj
HAL_PCD_Stop                                      CMakeFiles/ZeroPilot.elf.dir/Boardfiles/nucleol552zeq/Drivers/STM32L5xx_HAL_Driver/Src/stm32l5xx_hal_pcd.c.obj
HAL_PCD_SuspendCallback                           CMakeFiles/ZeroPilot.elf.dir/Boardfiles/nucleol552zeq/Drivers/STM32L5xx_HAL_Driver/Src/stm32l5xx_hal_pcd.c.obj
HAL_PWREx_ConfigPVM                               CMakeFiles/ZeroPilot.elf.dir/Boardfiles/nucleol552zeq/Drivers/STM32L5xx_HAL_Driver/Src/stm32l5xx_hal_pwr_ex.c.obj
HAL_PWREx_ConfigSRAM2ContentRetention             CMakeFiles/ZeroPilot.elf.dir/Boardfiles/nucleol552zeq/Drivers/STM32L5xx_HAL_Driver/Src/stm32l5xx_hal_pwr_ex.c.obj
HAL_PWREx_ControlVoltageScaling                   CMakeFiles/ZeroPilot.elf.dir/Boardfiles/nucleol552zeq/Drivers/STM32L5xx_HAL_Driver/Src/stm32l5xx_hal_pwr_ex.c.obj
HAL_PWREx_DisableBatteryCharging                  CMakeFiles/ZeroPilot.elf.dir/Boardfiles/nucleol552zeq/Drivers/STM32L5xx_HAL_Driver/Src/stm32l5xx_hal_pwr_ex.c.obj
HAL_PWREx_DisableGPIOPullDown                     CMakeFiles/ZeroPilot.elf.dir/Boardfiles/nucleol552zeq/Drivers/STM32L5xx_HAL_Driver/Src/stm32l5xx_hal_pwr_ex.c.obj
HAL_PWREx_DisableGPIOPullUp                       CMakeFiles/ZeroPilot.elf.dir/Boardfiles/nucleol552zeq/Drivers/STM32L5xx_HAL_Driver/Src/stm32l5xx_hal_pwr_ex.c.obj
HAL_PWREx_DisableLowPowerRunMode                  CMakeFiles/ZeroPilot.elf.dir/Boardfiles/nucleol552zeq/Drivers/STM32L5xx_HAL_Driver/Src/stm32l5xx_hal_pwr_ex.c.obj
                                                  CMakeFiles/ZeroPilot.elf.dir/Boardfiles/nucleol552zeq/Drivers/STM32L5xx_HAL_Driver/Src/stm32l5xx_hal_pwr.c.obj
HAL_PWREx_DisablePVM1                             CMakeFiles/ZeroPilot.elf.dir/Boardfiles/nucleol552zeq/Drivers/STM32L5xx_HAL_Driver/Src/stm32l5xx_hal_pwr_ex.c.obj
HAL_PWREx_DisablePVM2                             CMakeFiles/ZeroPilot.elf.dir/Boardfiles/nucleol552zeq/Drivers/STM32L5xx_HAL_Driver/Src/stm32l5xx_hal_pwr_ex.c.obj
HAL_PWREx_DisablePVM3                             CMakeFiles/ZeroPilot.elf.dir/Boardfiles/nucleol552zeq/Drivers/STM32L5xx_HAL_Driver/Src/stm32l5xx_hal_pwr_ex.c.obj
HAL_PWREx_DisablePVM4                             CMakeFiles/ZeroPilot.elf.dir/Boardfiles/nucleol552zeq/Drivers/STM32L5xx_HAL_Driver/Src/stm32l5xx_hal_pwr_ex.c.obj
HAL_PWREx_DisablePullUpPullDownConfig             CMakeFiles/ZeroPilot.elf.dir/Boardfiles/nucleol552zeq/Drivers/STM32L5xx_HAL_Driver/Src/stm32l5xx_hal_pwr_ex.c.obj
HAL_PWREx_DisableSRAM2ContentRetention            CMakeFiles/ZeroPilot.elf.dir/Boardfiles/nucleol552zeq/Drivers/STM32L5xx_HAL_Driver/Src/stm32l5xx_hal_pwr_ex.c.obj
HAL_PWREx_DisableUCPDDeadBattery                  CMakeFiles/ZeroPilot.elf.dir/Boardfiles/nucleol552zeq/Drivers/STM32L5xx_HAL_Driver/Src/stm32l5xx_hal_pwr_ex.c.obj
HAL_PWREx_DisableUCPDStandbyMode                  CMakeFiles/ZeroPilot.elf.dir/Boardfiles/nucleol552zeq/Drivers/STM32L5xx_HAL_Driver/Src/stm32l5xx_hal_pwr_ex.c.obj
HAL_PWREx_DisableUltraLowPowerMode                CMakeFiles/ZeroPilot.elf.dir/Boardfiles/nucleol552zeq/Drivers/STM32L5xx_HAL_Driver/Src/stm32l5xx_hal_pwr_ex.c.obj
HAL_PWREx_DisableVddIO2                           CMakeFiles/ZeroPilot.elf.dir/Boardfiles/nucleol552zeq/Drivers/STM32L5xx_HAL_Driver/Src/stm32l5xx_hal_pwr_ex.c.obj
HAL_PWREx_DisableVddUSB                           CMakeFiles/ZeroPilot.elf.dir/Boardfiles/nucleol552zeq/Drivers/STM32L5xx_HAL_Driver/Src/stm32l5xx_hal_pwr_ex.c.obj
HAL_PWREx_EnableBatteryCharging                   CMakeFiles/ZeroPilot.elf.dir/Boardfiles/nucleol552zeq/Drivers/STM32L5xx_HAL_Driver/Src/stm32l5xx_hal_pwr_ex.c.obj
HAL_PWREx_EnableGPIOPullDown                      CMakeFiles/ZeroPilot.elf.dir/Boardfiles/nucleol552zeq/Drivers/STM32L5xx_HAL_Driver/Src/stm32l5xx_hal_pwr_ex.c.obj
HAL_PWREx_EnableGPIOPullUp                        CMakeFiles/ZeroPilot.elf.dir/Boardfiles/nucleol552zeq/Drivers/STM32L5xx_HAL_Driver/Src/stm32l5xx_hal_pwr_ex.c.obj
HAL_PWREx_EnableLowPowerRunMode                   CMakeFiles/ZeroPilot.elf.dir/Boardfiles/nucleol552zeq/Drivers/STM32L5xx_HAL_Driver/Src/stm32l5xx_hal_pwr_ex.c.obj
                                                  CMakeFiles/ZeroPilot.elf.dir/Boardfiles/nucleol552zeq/Drivers/STM32L5xx_HAL_Driver/Src/stm32l5xx_hal_pwr.c.obj
HAL_PWREx_EnablePVM1                              CMakeFiles/ZeroPilot.elf.dir/Boardfiles/nucleol552zeq/Drivers/STM32L5xx_HAL_Driver/Src/stm32l5xx_hal_pwr_ex.c.obj
HAL_PWREx_EnablePVM2                              CMakeFiles/ZeroPilot.elf.dir/Boardfiles/nucleol552zeq/Drivers/STM32L5xx_HAL_Driver/Src/stm32l5xx_hal_pwr_ex.c.obj
HAL_PWREx_EnablePVM3                              CMakeFiles/ZeroPilot.elf.dir/Boardfiles/nucleol552zeq/Drivers/STM32L5xx_HAL_Driver/Src/stm32l5xx_hal_pwr_ex.c.obj
HAL_PWREx_EnablePVM4                              CMakeFiles/ZeroPilot.elf.dir/Boardfiles/nucleol552zeq/Drivers/STM32L5xx_HAL_Driver/Src/stm32l5xx_hal_pwr_ex.c.obj
HAL_PWREx_EnablePullUpPullDownConfig              CMakeFiles/ZeroPilot.elf.dir/Boardfiles/nucleol552zeq/Drivers/STM32L5xx_HAL_Driver/Src/stm32l5xx_hal_pwr_ex.c.obj
HAL_PWREx_EnableSRAM2ContentRetention             CMakeFiles/ZeroPilot.elf.dir/Boardfiles/nucleol552zeq/Drivers/STM32L5xx_HAL_Driver/Src/stm32l5xx_hal_pwr_ex.c.obj
HAL_PWREx_EnableUCPDDeadBattery                   CMakeFiles/ZeroPilot.elf.dir/Boardfiles/nucleol552zeq/Drivers/STM32L5xx_HAL_Driver/Src/stm32l5xx_hal_pwr_ex.c.obj
HAL_PWREx_EnableUCPDStandbyMode                   CMakeFiles/ZeroPilot.elf.dir/Boardfiles/nucleol552zeq/Drivers/STM32L5xx_HAL_Driver/Src/stm32l5xx_hal_pwr_ex.c.obj